Archive member included to satisfy reference by file (symbol)

C:/ti/simplelink_cc32xx_sdk_7_10_00_13/source\ti/drivers/lib/gcc/m4/drivers_cc32xx.a(GPIO.c.obj)
                              ./gpiointerrupt.o (GPIO_setCallback)
C:/ti/simplelink_cc32xx_sdk_7_10_00_13/source\ti/drivers/lib/gcc/m4/drivers_cc32xx.a(GPIOCC32XX.c.obj)
                              ./gpiointerrupt.o (GPIO_enableInt)
C:/ti/simplelink_cc32xx_sdk_7_10_00_13/source\ti/drivers/lib/gcc/m4/drivers_cc32xx.a(PowerCC32XX.c.obj)
                              ./syscfg/ti_drivers_config.o (Power_init)
C:/ti/simplelink_cc32xx_sdk_7_10_00_13/source\ti/drivers/lib/gcc/m4/drivers_cc32xx.a(PowerCC32XX_gcc.asm.obj)
                              C:/ti/simplelink_cc32xx_sdk_7_10_00_13/source\ti/drivers/lib/gcc/m4/drivers_cc32xx.a(PowerCC32XX.c.obj) (PowerCC32XX_enterLPDS)
C:/ti/simplelink_cc32xx_sdk_7_10_00_13/source\ti/drivers/lib/gcc/m4/drivers_cc32xx.a(Timer.c.obj)
                              ./gpiointerrupt.o (Timer_init)
C:/ti/simplelink_cc32xx_sdk_7_10_00_13/source\ti/drivers/lib/gcc/m4/drivers_cc32xx.a(TimerCC32XX.c.obj)
                              ./gpiointerrupt.o (Timer_open)
C:/ti/simplelink_cc32xx_sdk_7_10_00_13/source\ti/drivers/lib/gcc/m4/drivers_cc32xx.a(List.c.obj)
                              C:/ti/simplelink_cc32xx_sdk_7_10_00_13/source\ti/drivers/lib/gcc/m4/drivers_cc32xx.a(PowerCC32XX.c.obj) (List_put)
C:/ti/simplelink_cc32xx_sdk_7_10_00_13/kernel/nortos\lib/gcc/m4/nortos_cc32xx.a(NoRTOS.c.obj)
                              ./main_nortos.o (NoRTOS_start)
C:/ti/simplelink_cc32xx_sdk_7_10_00_13/kernel/nortos\lib/gcc/m4/nortos_cc32xx.a(SemaphoreP_nortos.c.obj)
                              C:/ti/simplelink_cc32xx_sdk_7_10_00_13/source\ti/drivers/lib/gcc/m4/drivers_cc32xx.a(TimerCC32XX.c.obj) (SemaphoreP_constructBinary)
C:/ti/simplelink_cc32xx_sdk_7_10_00_13/kernel/nortos\lib/gcc/m4/nortos_cc32xx.a(ClockPSysTick_nortos.c.obj)
                              C:/ti/simplelink_cc32xx_sdk_7_10_00_13/kernel/nortos\lib/gcc/m4/nortos_cc32xx.a(SemaphoreP_nortos.c.obj) (ClockP_add)
C:/ti/simplelink_cc32xx_sdk_7_10_00_13/kernel/nortos\lib/gcc/m4/nortos_cc32xx.a(HwiPCC32XX_nortos.c.obj)
                              C:/ti/simplelink_cc32xx_sdk_7_10_00_13/kernel/nortos\lib/gcc/m4/nortos_cc32xx.a(NoRTOS.c.obj) (HwiP_enable)
C:/ti/simplelink_cc32xx_sdk_7_10_00_13/kernel/nortos\lib/gcc/m4/nortos_cc32xx.a(PowerCC32XX_nortos.c.obj)
                              ./syscfg/ti_drivers_config.o (PowerCC32XX_initPolicy)
C:/ti/simplelink_cc32xx_sdk_7_10_00_13/kernel/nortos\lib/gcc/m4/nortos_cc32xx.a(startup_cc32xx_gcc.c.obj)
                              (resetISR)
C:/ti/simplelink_cc32xx_sdk_7_10_00_13/kernel/nortos\lib/gcc/m4/nortos_cc32xx.a(SwiP_nortos.c.obj)
                              C:/ti/simplelink_cc32xx_sdk_7_10_00_13/kernel/nortos\lib/gcc/m4/nortos_cc32xx.a(PowerCC32XX_nortos.c.obj) (SwiP_disable)
C:/ti/simplelink_cc32xx_sdk_7_10_00_13/source\ti/devices/cc32xx/driverlib/gcc/Release/driverlib.a(cpu.obj)
                              C:/ti/simplelink_cc32xx_sdk_7_10_00_13/kernel/nortos\lib/gcc/m4/nortos_cc32xx.a(HwiPCC32XX_nortos.c.obj) (CPUprimask)
C:/ti/simplelink_cc32xx_sdk_7_10_00_13/source\ti/devices/cc32xx/driverlib/gcc/Release/driverlib.a(gpio.obj)
                              C:/ti/simplelink_cc32xx_sdk_7_10_00_13/source\ti/drivers/lib/gcc/m4/drivers_cc32xx.a(GPIOCC32XX.c.obj) (GPIODirModeSet)
C:/ti/simplelink_cc32xx_sdk_7_10_00_13/source\ti/devices/cc32xx/driverlib/gcc/Release/driverlib.a(hwspinlock.obj)
                              C:/ti/simplelink_cc32xx_sdk_7_10_00_13/source\ti/drivers/lib/gcc/m4/drivers_cc32xx.a(PowerCC32XX.c.obj) (HwSpinLockTryAcquire)
C:/ti/simplelink_cc32xx_sdk_7_10_00_13/source\ti/devices/cc32xx/driverlib/gcc/Release/driverlib.a(interrupt.obj)
                              C:/ti/simplelink_cc32xx_sdk_7_10_00_13/kernel/nortos\lib/gcc/m4/nortos_cc32xx.a(HwiPCC32XX_nortos.c.obj) (IntMasterEnable)
C:/ti/simplelink_cc32xx_sdk_7_10_00_13/source\ti/devices/cc32xx/driverlib/gcc/Release/driverlib.a(pin.obj)
                              C:/ti/simplelink_cc32xx_sdk_7_10_00_13/source\ti/drivers/lib/gcc/m4/drivers_cc32xx.a(GPIOCC32XX.c.obj) (PinModeSet)
C:/ti/simplelink_cc32xx_sdk_7_10_00_13/source\ti/devices/cc32xx/driverlib/gcc/Release/driverlib.a(prcm.obj)
                              C:/ti/simplelink_cc32xx_sdk_7_10_00_13/source\ti/drivers/lib/gcc/m4/drivers_cc32xx.a(PowerCC32XX.c.obj) (PRCMPeripheralClkEnable)
C:/ti/simplelink_cc32xx_sdk_7_10_00_13/source\ti/devices/cc32xx/driverlib/gcc/Release/driverlib.a(spi.obj)
                              C:/ti/simplelink_cc32xx_sdk_7_10_00_13/source\ti/drivers/lib/gcc/m4/drivers_cc32xx.a(PowerCC32XX.c.obj) (SPIEnable)
C:/ti/simplelink_cc32xx_sdk_7_10_00_13/source\ti/devices/cc32xx/driverlib/gcc/Release/driverlib.a(systick.obj)
[...]
Memory Configuration

Name             Origin             Length             Attributes
FLASH_HDR        0x01000000         0x000007ff         xr
FLASH            0x01000800         0x000ff800         xr
SRAM             0x20000000         0x00040000         xrw
LOG_DATA         0x90000000         0x00040000         r
LOG_PTR          0x94000008         0x00040000         r
*default*        0x00000000         0xffffffff

Linker script and memory map

LOAD ./gpiointerrupt.o
LOAD ./syscfg/ti_drivers_config.o
LOAD ./main_nortos.o
                0x00001000                STACKSIZE = 0x1000
                0x00008000                HEAP_SIZE = 0x8000

.dbghdr
 *(.dbghdr)
                0x01000800                PROVIDE (_resetVecs_base_address = DEFINED (_resetVecs_base_address)?_resetVecs_base_address:0x1000800)

.resetVecs      0x01000800       0x40
 *(.resetVecs)
 .resetVecs     0x01000800       0x40 C:/ti/simplelink_cc32xx_sdk_7_10_00_13/kernel/nortos\lib/gcc/m4/nortos_cc32xx.a(startup_cc32xx_gcc.c.obj)

.ramVecs        0x20000000      0x30c
 *(.ramVecs)
 .ramVecs       0x20000000      0x30c C:/ti/simplelink_cc32xx_sdk_7_10_00_13/kernel/nortos\lib/gcc/m4/nortos_cc32xx.a(startup_cc32xx_gcc.c.obj)

.text           0x01000840     0x3740
 CREATE_OBJECT_SYMBOLS
 *(.text)
 .text          0x01000840       0x98 C:/ti/simplelink_cc32xx_sdk_7_10_00_13/source\ti/drivers/lib/gcc/m4/drivers_cc32xx.a(PowerCC32XX_gcc.asm.obj)
                0x01000840                PowerCC32XX_enterLPDS
                0x01000884                PowerCC32XX_resumeLPDS
 .text          0x010008d8       0x30 c:/ti/ccs1270/ccs/tools/compiler/gcc-arm-none-eabi-9-2019-q4-major/bin/../lib/gcc/arm-none-eabi/9.2.1/thumb/v7e-m/nofp\libgcc.a(_aeabi_uldivmod.o)
                0x010008d8                __aeabi_uldivmod
 .text          0x01000908      0x2c0 c:/ti/ccs1270/ccs/tools/compiler/gcc-arm-none-eabi-9-2019-q4-major/bin/../lib/gcc/arm-none-eabi/9.2.1/thumb/v7e-m/nofp\libgcc.a(_udivmoddi4.o)
                0x01000908                __udivmoddi4
 .text          0x01000bc8        0x4 c:/ti/ccs1270/ccs/tools/compiler/gcc-arm-none-eabi-9-2019-q4-major/bin/../lib/gcc/arm-none-eabi/9.2.1/thumb/v7e-m/nofp\libgcc.a(_dvmd_tls.o)
                0x01000bc8                __aeabi_idiv0
                0x01000bc8                __aeabi_ldiv0
 *(.text.*)
 .text.pushButtonCallback
                0x01000bcc       0x1c ./gpiointerrupt.o
                0x01000bcc                pushButtonCallback
 .text.timerCallback
                0x01000be8       0xc8 ./gpiointerrupt.o
                0x01000be8                timerCallback
 .text.mainThread
                0x01000cb0       0xa0 ./gpiointerrupt.o
                0x01000cb0                mainThread
 .text.Board_initHook
                0x01000d50        0x4 ./syscfg/ti_drivers_config.o
                0x01000d50                Board_initHook
 .text.Board_init
                0x01000d54       0x14 ./syscfg/ti_drivers_config.o
                0x01000d54                Board_init
 .text.startup.main
                0x01000d68       0x14 ./main_nortos.o
                0x01000d68                main
 .text.GPIO_setCallback
                0x01000d7c       0x1c C:/ti/simplelink_cc32xx_sdk_7_10_00_13/source\ti/drivers/lib/gcc/m4/drivers_cc32xx.a(GPIO.c.obj)
                0x01000d7c                GPIO_setCallback
 .text.GPIO_hwiIntFxn
                0x01000d98       0x54 C:/ti/simplelink_cc32xx_sdk_7_10_00_13/source\ti/drivers/lib/gcc/m4/drivers_cc32xx.a(GPIOCC32XX.c.obj)
                0x01000d98                GPIO_hwiIntFxn
 .text.GPIO_enableInt
                0x01000dec       0x44 C:/ti/simplelink_cc32xx_sdk_7_10_00_13/source\ti/drivers/lib/gcc/m4/drivers_cc32xx.a(GPIOCC32XX.c.obj)
                0x01000dec                GPIO_enableInt
 .text.GPIO_setInterruptConfig
                0x01000e30       0x9c C:/ti/simplelink_cc32xx_sdk_7_10_00_13/source\ti/drivers/lib/gcc/m4/drivers_cc32xx.a(GPIOCC32XX.c.obj)
                0x01000e30                GPIO_setInterruptConfig
 .text.GPIO_setConfig
                0x01000ecc      0x160 C:/ti/simplelink_cc32xx_sdk_7_10_00_13/source\ti/drivers/lib/gcc/m4/drivers_cc32xx.a(GPIOCC32XX.c.obj)
                0x01000ecc                GPIO_setConfig
 .text.GPIO_init
                0x0100102c       0xa0 C:/ti/simplelink_cc32xx_sdk_7_10_00_13/source\ti/drivers/lib/gcc/m4/drivers_cc32xx.a(GPIOCC32XX.c.obj)
                0x0100102c                GPIO_init
 .text.powerNotifyFxn
                0x010010cc       0x84 C:/ti/simplelink_cc32xx_sdk_7_10_00_13/source\ti/drivers/lib/gcc/m4/drivers_cc32xx.a(GPIOCC32XX.c.obj)
 .text.GPIO_write
                0x01001150       0x8c C:/ti/simplelink_cc32xx_sdk_7_10_00_13/source\ti/drivers/lib/gcc/m4/drivers_cc32xx.a(GPIOCC32XX.c.obj)
                0x01001150                GPIO_write
 .text.Power_disablePolicy
                0x010011dc       0x14 C:/ti/simplelink_cc32xx_sdk_7_10_00_13/source\ti/drivers/lib/gcc/m4/drivers_cc32xx.a(PowerCC32XX.c.obj)
                0x010011dc                Power_disablePolicy
 .text.Power_enablePolicy
                0x010011f0       0x10 C:/ti/simplelink_cc32xx_sdk_7_10_00_13/source\ti/drivers/lib/gcc/m4/drivers_cc32xx.a(PowerCC32XX.c.obj)
                0x010011f0                Power_enablePolicy
 .text.Power_getConstraintMask
                0x01001200        0xc C:/ti/simplelink_cc32xx_sdk_7_10_00_13/source\ti/drivers/lib/gcc/m4/drivers_cc32xx.a(PowerCC32XX.c.obj)
                0x01001200                Power_getConstraintMask
 .text.Power_getTransitionLatency
                0x0100120c       0x14 C:/ti/simplelink_cc32xx_sdk_7_10_00_13/source\ti/drivers/lib/gcc/m4/drivers_cc32xx.a(PowerCC32XX.c.obj)
                0x0100120c                Power_getTransitionLatency
 .text.Power_idleFunc
                0x01001220       0x14 C:/ti/simplelink_cc32xx_sdk_7_10_00_13/source\ti/drivers/lib/gcc/m4/drivers_cc32xx.a(PowerCC32XX.c.obj)
                0x01001220                Power_idleFunc
 .text.Power_init
                0x01001234       0xd8 C:/ti/simplelink_cc32xx_sdk_7_10_00_13/source\ti/drivers/lib/gcc/m4/drivers_cc32xx.a(PowerCC32XX.c.obj)
                0x01001234                Power_init
 .text.Power_registerNotify
                0x0100130c       0x24 C:/ti/simplelink_cc32xx_sdk_7_10_00_13/source\ti/drivers/lib/gcc/m4/drivers_cc32xx.a(PowerCC32XX.c.obj)
                0x0100130c                Power_registerNotify
 .text.Power_releaseConstraint
                0x01001330       0x4c C:/ti/simplelink_cc32xx_sdk_7_10_00_13/source\ti/drivers/lib/gcc/m4/drivers_cc32xx.a(PowerCC32XX.c.obj)
                0x01001330                Power_releaseConstraint
 .text.Power_releaseDependency
                0x0100137c       0x54 C:/ti/simplelink_cc32xx_sdk_7_10_00_13/source\ti/drivers/lib/gcc/m4/drivers_cc32xx.a(PowerCC32XX.c.obj)
                0x0100137c                Power_releaseDependency
 .text.Power_setConstraint
                0x010013d0       0x38 C:/ti/simplelink_cc32xx_sdk_7_10_00_13/source\ti/drivers/lib/gcc/m4/drivers_cc32xx.a(PowerCC32XX.c.obj)
                0x010013d0                Power_setConstraint
 .text.Power_setDependency
                0x01001408       0x78 C:/ti/simplelink_cc32xx_sdk_7_10_00_13/source\ti/drivers/lib/gcc/m4/drivers_cc32xx.a(PowerCC32XX.c.obj)
                0x01001408                Power_setDependency
 .text.Power_sleep
                0x01001480      0x554 C:/ti/simplelink_cc32xx_sdk_7_10_00_13/source\ti/drivers/lib/gcc/m4/drivers_cc32xx.a(PowerCC32XX.c.obj)
                0x01001480                Power_sleep
 .text.Power_unregisterNotify
                0x010019d4       0x20 C:/ti/simplelink_cc32xx_sdk_7_10_00_13/source\ti/drivers/lib/gcc/m4/drivers_cc32xx.a(PowerCC32XX.c.obj)
                0x010019d4                Power_unregisterNotify
 .text.PowerCC32XX_setParkState
                0x010019f4       0x64 C:/ti/simplelink_cc32xx_sdk_7_10_00_13/source\ti/drivers/lib/gcc/m4/drivers_cc32xx.a(PowerCC32XX.c.obj)
                0x010019f4                PowerCC32XX_setParkState
 .text.Timer_init
                0x01001a58        0x4 C:/ti/simplelink_cc32xx_sdk_7_10_00_13/source\ti/drivers/lib/gcc/m4/drivers_cc32xx.a(Timer.c.obj)
                0x01001a58                Timer_init
 .text.Timer_Params_init
                0x01001a5c       0x10 C:/ti/simplelink_cc32xx_sdk_7_10_00_13/source\ti/drivers/lib/gcc/m4/drivers_cc32xx.a(Timer.c.obj)
                0x01001a5c                Timer_Params_init
 .text.Timer_start
                0x01001a6c       0x48 C:/ti/simplelink_cc32xx_sdk_7_10_00_13/source\ti/drivers/lib/gcc/m4/drivers_cc32xx.a(Timer.c.obj)
                0x01001a6c                Timer_start
 .text.Timer_stop
                0x01001ab4       0x44 C:/ti/simplelink_cc32xx_sdk_7_10_00_13/source\ti/drivers/lib/gcc/m4/drivers_cc32xx.a(Timer.c.obj)
                0x01001ab4                Timer_stop
 .text.TimerCC32XX_hwiIntFunction
                0x01001af8       0x38 C:/ti/simplelink_cc32xx_sdk_7_10_00_13/source\ti/drivers/lib/gcc/m4/drivers_cc32xx.a(TimerCC32XX.c.obj)
 .text.postNotifyFxn
                0x01001b30       0x58 C:/ti/simplelink_cc32xx_sdk_7_10_00_13/source\ti/drivers/lib/gcc/m4/drivers_cc32xx.a(TimerCC32XX.c.obj)
 .text.Timer_close
                0x01001b88       0xb4 C:/ti/simplelink_cc32xx_sdk_7_10_00_13/source\ti/drivers/lib/gcc/m4/drivers_cc32xx.a(TimerCC32XX.c.obj)
                0x01001b88                Timer_close
 .text.Timer_open
                0x01001c3c      0x284 C:/ti/simplelink_cc32xx_sdk_7_10_00_13/source\ti/drivers/lib/gcc/m4/drivers_cc32xx.a(TimerCC32XX.c.obj)
                0x01001c3c                Timer_open
 .text.TimerSupport_timerDisable
                0x01001ec0       0x28 C:/ti/simplelink_cc32xx_sdk_7_10_00_13/source\ti/drivers/lib/gcc/m4/drivers_cc32xx.a(TimerCC32XX.c.obj)
                0x01001ec0                TimerSupport_timerDisable
 .text.TimerSupport_timerEnable
                0x01001ee8       0x50 C:/ti/simplelink_cc32xx_sdk_7_10_00_13/source\ti/drivers/lib/gcc/m4/drivers_cc32xx.a(TimerCC32XX.c.obj)
                0x01001ee8                TimerSupport_timerEnable
 .text.List_put
                0x01001f38       0x2c C:/ti/simplelink_cc32xx_sdk_7_10_00_13/source\ti/drivers/lib/gcc/m4/drivers_cc32xx.a(List.c.obj)
                0x01001f38                List_put
 .text.List_remove
                0x01001f64       0x30 C:/ti/simplelink_cc32xx_sdk_7_10_00_13/source\ti/drivers/lib/gcc/m4/drivers_cc32xx.a(List.c.obj)
                0x01001f64                List_remove
 .text.NoRTOS_start
                0x01001f94        0x4 C:/ti/simplelink_cc32xx_sdk_7_10_00_13/kernel/nortos\lib/gcc/m4/nortos_cc32xx.a(NoRTOS.c.obj)
                0x01001f94                NoRTOS_start
 .text.clkFxn   0x01001f98        0x4 C:/ti/simplelink_cc32xx_sdk_7_10_00_13/kernel/nortos\lib/gcc/m4/nortos_cc32xx.a(SemaphoreP_nortos.c.obj)
                0x01001f98                clkFxn
 .text.SemaphoreP_constructBinary
                0x01001f9c       0x3c C:/ti/simplelink_cc32xx_sdk_7_10_00_13/kernel/nortos\lib/gcc/m4/nortos_cc32xx.a(SemaphoreP_nortos.c.obj)
                0x01001f9c                SemaphoreP_constructBinary
 .text.SemaphoreP_createBinary
                0x01001fd8       0x40 C:/ti/simplelink_cc32xx_sdk_7_10_00_13/kernel/nortos\lib/gcc/m4/nortos_cc32xx.a(SemaphoreP_nortos.c.obj)
                0x01001fd8                SemaphoreP_createBinary
 .text.SemaphoreP_destruct
                0x01002018        0x4 C:/ti/simplelink_cc32xx_sdk_7_10_00_13/kernel/nortos\lib/gcc/m4/nortos_cc32xx.a(SemaphoreP_nortos.c.obj)
                0x01002018                SemaphoreP_destruct
 .text.SemaphoreP_delete
                0x0100201c        0x4 C:/ti/simplelink_cc32xx_sdk_7_10_00_13/kernel/nortos\lib/gcc/m4/nortos_cc32xx.a(SemaphoreP_nortos.c.obj)
                0x0100201c                SemaphoreP_delete
 .text.SemaphoreP_pend
                0x01002020       0xfc C:/ti/simplelink_cc32xx_sdk_7_10_00_13/kernel/nortos\lib/gcc/m4/nortos_cc32xx.a(SemaphoreP_nortos.c.obj)
                0x01002020                SemaphoreP_pend
 .text.SemaphoreP_post
                0x0100211c       0x44 C:/ti/simplelink_cc32xx_sdk_7_10_00_13/kernel/nortos\lib/gcc/m4/nortos_cc32xx.a(SemaphoreP_nortos.c.obj)
                0x0100211c                SemaphoreP_post
 .text.ClockP_sysTickHandler
                0x01002160       0x7c C:/ti/simplelink_cc32xx_sdk_7_10_00_13/kernel/nortos\lib/gcc/m4/nortos_cc32xx.a(ClockPSysTick_nortos.c.obj)
                0x01002160                ClockP_sysTickHandler
 .text.ClockP_add
                0x010021dc       0x14 C:/ti/simplelink_cc32xx_sdk_7_10_00_13/kernel/nortos\lib/gcc/m4/nortos_cc32xx.a(ClockPSysTick_nortos.c.obj)
                0x010021dc                ClockP_add
 .text.ClockP_destruct
                0x010021f0       0x44 C:/ti/simplelink_cc32xx_sdk_7_10_00_13/kernel/nortos\lib/gcc/m4/nortos_cc32xx.a(ClockPSysTick_nortos.c.obj)
                0x010021f0                ClockP_destruct
 .text.ClockP_doTick
                0x01002234        0x4 C:/ti/simplelink_cc32xx_sdk_7_10_00_13/kernel/nortos\lib/gcc/m4/nortos_cc32xx.a(ClockPSysTick_nortos.c.obj)
                0x01002234                ClockP_doTick
 .text.ClockP_getCpuFreq
                0x01002238       0x10 C:/ti/simplelink_cc32xx_sdk_7_10_00_13/kernel/nortos\lib/gcc/m4/nortos_cc32xx.a(ClockPSysTick_nortos.c.obj)
                0x01002238                ClockP_getCpuFreq
 .text.ClockP_getSystemTicks
                0x01002248       0x70 C:/ti/simplelink_cc32xx_sdk_7_10_00_13/kernel/nortos\lib/gcc/m4/nortos_cc32xx.a(ClockPSysTick_nortos.c.obj)
                0x01002248                ClockP_getSystemTicks
 .text.ClockP_getTicksUntilInterrupt
                0x010022b8       0x40 C:/ti/simplelink_cc32xx_sdk_7_10_00_13/kernel/nortos\lib/gcc/m4/nortos_cc32xx.a(ClockPSysTick_nortos.c.obj)
                0x010022b8                ClockP_getTicksUntilInterrupt
 .text.ClockP_isActive
                0x010022f8        0xc C:/ti/simplelink_cc32xx_sdk_7_10_00_13/kernel/nortos\lib/gcc/m4/nortos_cc32xx.a(ClockPSysTick_nortos.c.obj)
                0x010022f8                ClockP_isActive
 .text.ClockP_setTicks
                0x01002304       0x10 C:/ti/simplelink_cc32xx_sdk_7_10_00_13/kernel/nortos\lib/gcc/m4/nortos_cc32xx.a(ClockPSysTick_nortos.c.obj)
                0x01002304                ClockP_setTicks
 .text.ClockP_start
                0x01002314       0xa8 C:/ti/simplelink_cc32xx_sdk_7_10_00_13/kernel/nortos\lib/gcc/m4/nortos_cc32xx.a(ClockPSysTick_nortos.c.obj)
                0x01002314                ClockP_start
 .text.ClockP_startup
                0x010023bc       0x68 C:/ti/simplelink_cc32xx_sdk_7_10_00_13/kernel/nortos\lib/gcc/m4/nortos_cc32xx.a(ClockPSysTick_nortos.c.obj)
                0x010023bc                ClockP_startup
 .text.HwiP_dispatch
                0x01002424       0x1c C:/ti/simplelink_cc32xx_sdk_7_10_00_13/kernel/nortos\lib/gcc/m4/nortos_cc32xx.a(HwiPCC32XX_nortos.c.obj)
                0x01002424                HwiP_dispatch
 .text.HwiP_enable
                0x01002440        0x4 C:/ti/simplelink_cc32xx_sdk_7_10_00_13/kernel/nortos\lib/gcc/m4/nortos_cc32xx.a(HwiPCC32XX_nortos.c.obj)
                0x01002440                HwiP_enable
 .text.HwiP_disable
                0x01002444        0x8 C:/ti/simplelink_cc32xx_sdk_7_10_00_13/kernel/nortos\lib/gcc/m4/nortos_cc32xx.a(HwiPCC32XX_nortos.c.obj)
                0x01002444                HwiP_disable
 .text.HwiP_restore
                0x0100244c        0x8 C:/ti/simplelink_cc32xx_sdk_7_10_00_13/kernel/nortos\lib/gcc/m4/nortos_cc32xx.a(HwiPCC32XX_nortos.c.obj)
                0x0100244c                HwiP_restore
 .text.HwiP_clearInterrupt
                0x01002454        0x4 C:/ti/simplelink_cc32xx_sdk_7_10_00_13/kernel/nortos\lib/gcc/m4/nortos_cc32xx.a(HwiPCC32XX_nortos.c.obj)
                0x01002454                HwiP_clearInterrupt
 .text.HwiP_delete
                0x01002458       0x1c C:/ti/simplelink_cc32xx_sdk_7_10_00_13/kernel/nortos\lib/gcc/m4/nortos_cc32xx.a(HwiPCC32XX_nortos.c.obj)
                0x01002458                HwiP_delete
 .text.HwiP_create
                0x01002474       0x90 C:/ti/simplelink_cc32xx_sdk_7_10_00_13/kernel/nortos\lib/gcc/m4/nortos_cc32xx.a(HwiPCC32XX_nortos.c.obj)
                0x01002474                HwiP_create
 .text.HwiP_Params_init
                0x01002504       0x14 C:/ti/simplelink_cc32xx_sdk_7_10_00_13/kernel/nortos\lib/gcc/m4/nortos_cc32xx.a(HwiPCC32XX_nortos.c.obj)
                0x01002504                HwiP_Params_init
 .text.HwiP_post
                0x01002518        0x4 C:/ti/simplelink_cc32xx_sdk_7_10_00_13/kernel/nortos\lib/gcc/m4/nortos_cc32xx.a(HwiPCC32XX_nortos.c.obj)
                0x01002518                HwiP_post
 .text.HwiP_inISR
                0x0100251c       0x10 C:/ti/simplelink_cc32xx_sdk_7_10_00_13/kernel/nortos\lib/gcc/m4/nortos_cc32xx.a(HwiPCC32XX_nortos.c.obj)
                0x0100251c                HwiP_inISR
 .text.PowerCC32XX_initPolicy
                0x0100252c        0x4 C:/ti/simplelink_cc32xx_sdk_7_10_00_13/kernel/nortos\lib/gcc/m4/nortos_cc32xx.a(PowerCC32XX_nortos.c.obj)
                0x0100252c                PowerCC32XX_initPolicy
 .text.PowerCC32XX_sleepPolicy
                0x01002530      0x220 C:/ti/simplelink_cc32xx_sdk_7_10_00_13/kernel/nortos\lib/gcc/m4/nortos_cc32xx.a(PowerCC32XX_nortos.c.obj)
                0x01002530                PowerCC32XX_sleepPolicy
 .text.nmiISR   0x01002750        0x4 C:/ti/simplelink_cc32xx_sdk_7_10_00_13/kernel/nortos\lib/gcc/m4/nortos_cc32xx.a(startup_cc32xx_gcc.c.obj)
 .text.faultISR
                0x01002754        0x4 C:/ti/simplelink_cc32xx_sdk_7_10_00_13/kernel/nortos\lib/gcc/m4/nortos_cc32xx.a(startup_cc32xx_gcc.c.obj)
 .text.busFaultHandler
                0x01002758        0x4 C:/ti/simplelink_cc32xx_sdk_7_10_00_13/kernel/nortos\lib/gcc/m4/nortos_cc32xx.a(startup_cc32xx_gcc.c.obj)
 .text.defaultHandler
                0x0100275c        0x4 C:/ti/simplelink_cc32xx_sdk_7_10_00_13/kernel/nortos\lib/gcc/m4/nortos_cc32xx.a(startup_cc32xx_gcc.c.obj)
 .text.resetISR
                0x01002760       0x14 C:/ti/simplelink_cc32xx_sdk_7_10_00_13/kernel/nortos\lib/gcc/m4/nortos_cc32xx.a(startup_cc32xx_gcc.c.obj)
                0x01002760                resetISR
 .text.localProgramStart
                0x01002774       0xc4 C:/ti/simplelink_cc32xx_sdk_7_10_00_13/kernel/nortos\lib/gcc/m4/nortos_cc32xx.a(startup_cc32xx_gcc.c.obj)
                0x01002774                localProgramStart
 .text._fini    0x01002838        0x4 C:/ti/simplelink_cc32xx_sdk_7_10_00_13/kernel/nortos\lib/gcc/m4/nortos_cc32xx.a(startup_cc32xx_gcc.c.obj)
                0x01002838                _fini
 .text.SwiP_disable
                0x0100283c       0x1c C:/ti/simplelink_cc32xx_sdk_7_10_00_13/kernel/nortos\lib/gcc/m4/nortos_cc32xx.a(SwiP_nortos.c.obj)
                0x0100283c                SwiP_disable
 .text.SwiP_restore
                0x01002858       0x48 C:/ti/simplelink_cc32xx_sdk_7_10_00_13/kernel/nortos\lib/gcc/m4/nortos_cc32xx.a(SwiP_nortos.c.obj)
                0x01002858                SwiP_restore
 .text.CPUcpsid
                0x010028a0       0x16 C:/ti/simplelink_cc32xx_sdk_7_10_00_13/source\ti/devices/cc32xx/driverlib/gcc/Release/driverlib.a(cpu.obj)
                0x010028a0                CPUcpsid
 .text.CPUcpsie
                0x010028b6       0x16 C:/ti/simplelink_cc32xx_sdk_7_10_00_13/source\ti/devices/cc32xx/driverlib/gcc/Release/driverlib.a(cpu.obj)
                0x010028b6                CPUcpsie
 .text.CPUwfi   0x010028cc        0xe C:/ti/simplelink_cc32xx_sdk_7_10_00_13/source\ti/devices/cc32xx/driverlib/gcc/Release/driverlib.a(cpu.obj)
                0x010028cc                CPUwfi
 .text.GPIODirModeSet
                0x010028da       0x46 C:/ti/simplelink_cc32xx_sdk_7_10_00_13/source\ti/devices/cc32xx/driverlib/gcc/Release/driverlib.a(gpio.obj)
                0x010028da                GPIODirModeSet
 .text.GPIOIntTypeSet
                0x01002920       0xa2 C:/ti/simplelink_cc32xx_sdk_7_10_00_13/source\ti/devices/cc32xx/driverlib/gcc/Release/driverlib.a(gpio.obj)
                0x01002920                GPIOIntTypeSet
 .text.GPIOIntEnable
                0x010029c2       0x2a C:/ti/simplelink_cc32xx_sdk_7_10_00_13/source\ti/devices/cc32xx/driverlib/gcc/Release/driverlib.a(gpio.obj)
                0x010029c2                GPIOIntEnable
 .text.GPIOIntDisable
                0x010029ec       0x2a C:/ti/simplelink_cc32xx_sdk_7_10_00_13/source\ti/devices/cc32xx/driverlib/gcc/Release/driverlib.a(gpio.obj)
                0x010029ec                GPIOIntDisable
 .text.GPIOIntStatus
                0x01002a16       0x2e C:/ti/simplelink_cc32xx_sdk_7_10_00_13/source\ti/devices/cc32xx/driverlib/gcc/Release/driverlib.a(gpio.obj)
                0x01002a16                GPIOIntStatus
 .text.GPIOIntClear
                0x01002a44       0x20 C:/ti/simplelink_cc32xx_sdk_7_10_00_13/source\ti/devices/cc32xx/driverlib/gcc/Release/driverlib.a(gpio.obj)
                0x01002a44                GPIOIntClear
 .text.GPIOPinWrite
                0x01002a64       0x2a C:/ti/simplelink_cc32xx_sdk_7_10_00_13/source\ti/devices/cc32xx/driverlib/gcc/Release/driverlib.a(gpio.obj)
                0x01002a64                GPIOPinWrite
 .text.IntDefaultHandler
                0x01002a8e        0x6 C:/ti/simplelink_cc32xx_sdk_7_10_00_13/source\ti/devices/cc32xx/driverlib/gcc/Release/driverlib.a(interrupt.obj)
 .text.IntMasterEnable
                0x01002a94       0x10 C:/ti/simplelink_cc32xx_sdk_7_10_00_13/source\ti/devices/cc32xx/driverlib/gcc/Release/driverlib.a(interrupt.obj)
                0x01002a94                IntMasterEnable
 .text.IntMasterDisable
                0x01002aa4       0x10 C:/ti/simplelink_cc32xx_sdk_7_10_00_13/source\ti/devices/cc32xx/driverlib/gcc/Release/driverlib.a(interrupt.obj)
                0x01002aa4                IntMasterDisable
 .text.IntVTableBaseSet
                0x01002ab4       0x1c C:/ti/simplelink_cc32xx_sdk_7_10_00_13/source\ti/devices/cc32xx/driverlib/gcc/Release/driverlib.a(interrupt.obj)
                0x01002ab4                IntVTableBaseSet
 .text.IntRegister
                0x01002ad0       0x2c C:/ti/simplelink_cc32xx_sdk_7_10_00_13/source\ti/devices/cc32xx/driverlib/gcc/Release/driverlib.a(interrupt.obj)
                0x01002ad0                IntRegister
 .text.IntUnregister
                0x01002afc       0x2c C:/ti/simplelink_cc32xx_sdk_7_10_00_13/source\ti/devices/cc32xx/driverlib/gcc/Release/driverlib.a(interrupt.obj)
                0x01002afc                IntUnregister
 .text.IntPrioritySet
                0x01002b28       0x68 C:/ti/simplelink_cc32xx_sdk_7_10_00_13/source\ti/devices/cc32xx/driverlib/gcc/Release/driverlib.a(interrupt.obj)
                0x01002b28                IntPrioritySet
 .text.IntEnable
                0x01002b90       0xbc C:/ti/simplelink_cc32xx_sdk_7_10_00_13/source\ti/devices/cc32xx/driverlib/gcc/Release/driverlib.a(interrupt.obj)
                0x01002b90                IntEnable
 .text.IntDisable
                0x01002c4c       0xbc C:/ti/simplelink_cc32xx_sdk_7_10_00_13/source\ti/devices/cc32xx/driverlib/gcc/Release/driverlib.a(interrupt.obj)
                0x01002c4c                IntDisable
 .text.IntPendSet
                0x01002d08       0x9c C:/ti/simplelink_cc32xx_sdk_7_10_00_13/source\ti/devices/cc32xx/driverlib/gcc/Release/driverlib.a(interrupt.obj)
                0x01002d08                IntPendSet
 .text.IntPendClear
                0x01002da4       0x68 C:/ti/simplelink_cc32xx_sdk_7_10_00_13/source\ti/devices/cc32xx/driverlib/gcc/Release/driverlib.a(interrupt.obj)
                0x01002da4                IntPendClear
 .text.PinModeSet
                0x01002e0c       0x48 C:/ti/simplelink_cc32xx_sdk_7_10_00_13/source\ti/devices/cc32xx/driverlib/gcc/Release/driverlib.a(pin.obj)
                0x01002e0c                PinModeSet
 .text.PinModeGet
                0x01002e54       0x3c C:/ti/simplelink_cc32xx_sdk_7_10_00_13/source\ti/devices/cc32xx/driverlib/gcc/Release/driverlib.a(pin.obj)
                0x01002e54                PinModeGet
 .text.PinDirModeSet
                0x01002e90       0x44 C:/ti/simplelink_cc32xx_sdk_7_10_00_13/source\ti/devices/cc32xx/driverlib/gcc/Release/driverlib.a(pin.obj)
                0x01002e90                PinDirModeSet
 .text.PinDirModeGet
                0x01002ed4       0x3c C:/ti/simplelink_cc32xx_sdk_7_10_00_13/source\ti/devices/cc32xx/driverlib/gcc/Release/driverlib.a(pin.obj)
                0x01002ed4                PinDirModeGet
 .text.PinConfigGet
                0x01002f10       0x50 C:/ti/simplelink_cc32xx_sdk_7_10_00_13/source\ti/devices/cc32xx/driverlib/gcc/Release/driverlib.a(pin.obj)
                0x01002f10                PinConfigGet
 .text.PinConfigSet
                0x01002f60       0x9c C:/ti/simplelink_cc32xx_sdk_7_10_00_13/source\ti/devices/cc32xx/driverlib/gcc/Release/driverlib.a(pin.obj)
                0x01002f60                PinConfigSet
 .text.PinLockLevelSet
                0x01002ffc       0x68 C:/ti/simplelink_cc32xx_sdk_7_10_00_13/source\ti/devices/cc32xx/driverlib/gcc/Release/driverlib.a(pin.obj)
                0x01002ffc                PinLockLevelSet
 .text.PinLock  0x01003064       0x40 C:/ti/simplelink_cc32xx_sdk_7_10_00_13/source\ti/devices/cc32xx/driverlib/gcc/Release/driverlib.a(pin.obj)
                0x01003064                PinLock
 .text.PinUnlock
                0x010030a4       0x2c C:/ti/simplelink_cc32xx_sdk_7_10_00_13/source\ti/devices/cc32xx/driverlib/gcc/Release/driverlib.a(pin.obj)
                0x010030a4                PinUnlock
 .text.PinToPadGet
                0x010030d0       0x24 C:/ti/simplelink_cc32xx_sdk_7_10_00_13/source\ti/devices/cc32xx/driverlib/gcc/Release/driverlib.a(pin.obj)
                0x010030d0                PinToPadGet
 .text.PRCMSysResetCauseGet
                0x010030f4       0x78 C:/ti/simplelink_cc32xx_sdk_7_10_00_13/source\ti/devices/cc32xx/driverlib/gcc/Release/driverlib.a(prcm.obj)
                0x010030f4                PRCMSysResetCauseGet
 .text.PRCMPeripheralClkEnable
                0x0100316c       0x6c C:/ti/simplelink_cc32xx_sdk_7_10_00_13/source\ti/devices/cc32xx/driverlib/gcc/Release/driverlib.a(prcm.obj)
                0x0100316c                PRCMPeripheralClkEnable
 .text.PRCMPeripheralClkDisable
                0x010031d8       0x48 C:/ti/simplelink_cc32xx_sdk_7_10_00_13/source\ti/devices/cc32xx/driverlib/gcc/Release/driverlib.a(prcm.obj)
                0x010031d8                PRCMPeripheralClkDisable
 .text.PRCMPeripheralReset
                0x01003220       0x8c C:/ti/simplelink_cc32xx_sdk_7_10_00_13/source\ti/devices/cc32xx/driverlib/gcc/Release/driverlib.a(prcm.obj)
                0x01003220                PRCMPeripheralReset
 .text.PRCMPeripheralStatusGet
                0x010032ac       0x40 C:/ti/simplelink_cc32xx_sdk_7_10_00_13/source\ti/devices/cc32xx/driverlib/gcc/Release/driverlib.a(prcm.obj)
                0x010032ac                PRCMPeripheralStatusGet
 .text.PRCMLPDSRestoreInfoSet
                0x010032ec       0x50 C:/ti/simplelink_cc32xx_sdk_7_10_00_13/source\ti/devices/cc32xx/driverlib/gcc/Release/driverlib.a(prcm.obj)
                0x010032ec                PRCMLPDSRestoreInfoSet
 .text.PRCMLPDSEnter
                0x0100333c       0x50 C:/ti/simplelink_cc32xx_sdk_7_10_00_13/source\ti/devices/cc32xx/driverlib/gcc/Release/driverlib.a(prcm.obj)
                0x0100333c                PRCMLPDSEnter
 .text.PRCMLPDSEnterKeepDebugIf
                0x0100338c       0x40 C:/ti/simplelink_cc32xx_sdk_7_10_00_13/source\ti/devices/cc32xx/driverlib/gcc/Release/driverlib.a(prcm.obj)
                0x0100338c                PRCMLPDSEnterKeepDebugIf
 .text.PRCMLPDSWakeupSourceEnable
                0x010033cc       0x30 C:/ti/simplelink_cc32xx_sdk_7_10_00_13/source\ti/devices/cc32xx/driverlib/gcc/Release/driverlib.a(prcm.obj)
                0x010033cc                PRCMLPDSWakeupSourceEnable
 .text.PRCMLPDSWakeupSourceDisable
                0x010033fc       0x24 C:/ti/simplelink_cc32xx_sdk_7_10_00_13/source\ti/devices/cc32xx/driverlib/gcc/Release/driverlib.a(prcm.obj)
                0x010033fc                PRCMLPDSWakeupSourceDisable
 .text.PRCMLPDSWakeupCauseGet
                0x01003420       0x14 C:/ti/simplelink_cc32xx_sdk_7_10_00_13/source\ti/devices/cc32xx/driverlib/gcc/Release/driverlib.a(prcm.obj)
                0x01003420                PRCMLPDSWakeupCauseGet
 .text.PRCMLPDSIntervalSet
                0x01003434       0x34 C:/ti/simplelink_cc32xx_sdk_7_10_00_13/source\ti/devices/cc32xx/driverlib/gcc/Release/driverlib.a(prcm.obj)
                0x01003434                PRCMLPDSIntervalSet
 .text.PRCMLPDSWakeUpGPIOSelect
                0x01003468       0x2c C:/ti/simplelink_cc32xx_sdk_7_10_00_13/source\ti/devices/cc32xx/driverlib/gcc/Release/driverlib.a(prcm.obj)
                0x01003468                PRCMLPDSWakeUpGPIOSelect
 .text.PRCMSleepEnter
                0x01003494        0xc C:/ti/simplelink_cc32xx_sdk_7_10_00_13/source\ti/devices/cc32xx/driverlib/gcc/Release/driverlib.a(prcm.obj)
                0x01003494                PRCMSleepEnter
 .text.PRCMSRAMRetentionEnable
                0x010034a0       0x2c C:/ti/simplelink_cc32xx_sdk_7_10_00_13/source\ti/devices/cc32xx/driverlib/gcc/Release/driverlib.a(prcm.obj)
                0x010034a0                PRCMSRAMRetentionEnable
 .text.PRCMHibernateWakeupSourceEnable
                0x010034cc       0x50 C:/ti/simplelink_cc32xx_sdk_7_10_00_13/source\ti/devices/cc32xx/driverlib/gcc/Release/driverlib.a(prcm.obj)
                0x010034cc                PRCMHibernateWakeupSourceEnable
 .text.PRCMHibernateWakeupSourceDisable
                0x0100351c       0x54 C:/ti/simplelink_cc32xx_sdk_7_10_00_13/source\ti/devices/cc32xx/driverlib/gcc/Release/driverlib.a(prcm.obj)
                0x0100351c                PRCMHibernateWakeupSourceDisable
 .text.PRCMHibernateWakeUpGPIOSelect
                0x01003570       0x74 C:/ti/simplelink_cc32xx_sdk_7_10_00_13/source\ti/devices/cc32xx/driverlib/gcc/Release/driverlib.a(prcm.obj)
                0x01003570                PRCMHibernateWakeUpGPIOSelect
 .text.PRCMSlowClkCtrFastGet
                0x010035e4       0x5c C:/ti/simplelink_cc32xx_sdk_7_10_00_13/source\ti/devices/cc32xx/driverlib/gcc/Release/driverlib.a(prcm.obj)
                0x010035e4                PRCMSlowClkCtrFastGet
 .text.PRCMIntEnable
                0x01003640       0x48 C:/ti/simplelink_cc32xx_sdk_7_10_00_13/source\ti/devices/cc32xx/driverlib/gcc/Release/driverlib.a(prcm.obj)
                0x01003640                PRCMIntEnable
 .text.PRCMCC3200MCUInit
                0x01003688      0x478 C:/ti/simplelink_cc32xx_sdk_7_10_00_13/source\ti/devices/cc32xx/driverlib/gcc/Release/driverlib.a(prcm.obj)
                0x01003688                PRCMCC3200MCUInit
 .text.PRCMHIBRegRead
                0x01003b00       0x20 C:/ti/simplelink_cc32xx_sdk_7_10_00_13/source\ti/devices/cc32xx/driverlib/gcc/Release/driverlib.a(prcm.obj)
                0x01003b00                PRCMHIBRegRead
 .text.PRCMHIBRegWrite
                0x01003b20       0x20 C:/ti/simplelink_cc32xx_sdk_7_10_00_13/source\ti/devices/cc32xx/driverlib/gcc/Release/driverlib.a(prcm.obj)
                0x01003b20                PRCMHIBRegWrite
 .text.SysTickEnable
                0x01003b40       0x1c C:/ti/simplelink_cc32xx_sdk_7_10_00_13/source\ti/devices/cc32xx/driverlib/gcc/Release/driverlib.a(systick.obj)
                0x01003b40                SysTickEnable
 .text.SysTickIntEnable
                0x01003b5c       0x1c C:/ti/simplelink_cc32xx_sdk_7_10_00_13/source\ti/devices/cc32xx/driverlib/gcc/Release/driverlib.a(systick.obj)
                0x01003b5c                SysTickIntEnable
 .text.SysTickIntDisable
                0x01003b78       0x1c C:/ti/simplelink_cc32xx_sdk_7_10_00_13/source\ti/devices/cc32xx/driverlib/gcc/Release/driverlib.a(systick.obj)
                0x01003b78                SysTickIntDisable
 .text.SysTickPeriodSet
                0x01003b94       0x20 C:/ti/simplelink_cc32xx_sdk_7_10_00_13/source\ti/devices/cc32xx/driverlib/gcc/Release/driverlib.a(systick.obj)
                0x01003b94                SysTickPeriodSet
 .text.TimerEnable
                0x01003bb4       0x2a C:/ti/simplelink_cc32xx_sdk_7_10_00_13/source\ti/devices/cc32xx/driverlib/gcc/Release/driverlib.a(timer.obj)
                0x01003bb4                TimerEnable
 .text.TimerDisable
                0x01003bde       0x2c C:/ti/simplelink_cc32xx_sdk_7_10_00_13/source\ti/devices/cc32xx/driverlib/gcc/Release/driverlib.a(timer.obj)
                0x01003bde                TimerDisable
 .text.TimerControlStall
                0x01003c0a       0x46 C:/ti/simplelink_cc32xx_sdk_7_10_00_13/source\ti/devices/cc32xx/driverlib/gcc/Release/driverlib.a(timer.obj)
                0x01003c0a                TimerControlStall
 .text.TimerPrescaleSet
                0x01003c50       0x3c C:/ti/simplelink_cc32xx_sdk_7_10_00_13/source\ti/devices/cc32xx/driverlib/gcc/Release/driverlib.a(timer.obj)
                0x01003c50                TimerPrescaleSet
 .text.TimerLoadSet
                0x01003c8c       0x3c C:/ti/simplelink_cc32xx_sdk_7_10_00_13/source\ti/devices/cc32xx/driverlib/gcc/Release/driverlib.a(timer.obj)
                0x01003c8c                TimerLoadSet
 .text.TimerIntEnable
                0x01003cc8       0x26 C:/ti/simplelink_cc32xx_sdk_7_10_00_13/source\ti/devices/cc32xx/driverlib/gcc/Release/driverlib.a(timer.obj)
                0x01003cc8                TimerIntEnable
 .text.TimerIntDisable
                0x01003cee       0x26 C:/ti/simplelink_cc32xx_sdk_7_10_00_13/source\ti/devices/cc32xx/driverlib/gcc/Release/driverlib.a(timer.obj)
                0x01003cee                TimerIntDisable
 .text.TimerIntClear
                0x01003d14       0x1e C:/ti/simplelink_cc32xx_sdk_7_10_00_13/source\ti/devices/cc32xx/driverlib/gcc/Release/driverlib.a(timer.obj)
                0x01003d14                TimerIntClear
 .text.UtilsDelay
                0x01003d32        0xa C:/ti/simplelink_cc32xx_sdk_7_10_00_13/source\ti/devices/cc32xx/driverlib/gcc/Release/driverlib.a(utils.obj)
                0x01003d32                UtilsDelay
 .text.FlashDisable
                0x01003d3c       0x50 C:/ti/simplelink_cc32xx_sdk_7_10_00_13/source\ti/devices/cc32xx/driverlib/gcc/Release/driverlib.a(flash.obj)
                0x01003d3c                FlashDisable
 .text.malloc   0x01003d8c       0x10 C:/ti/ccs1270/ccs/tools/compiler/gcc-arm-none-eabi-9-2019-q4-major/arm-none-eabi/lib/thumb/v7e-m/nofp\libc_nano.a(lib_a-malloc.o)
                0x01003d8c                malloc
 .text.free     0x01003d9c       0x10 C:/ti/ccs1270/ccs/tools/compiler/gcc-arm-none-eabi-9-2019-q4-major/arm-none-eabi/lib/thumb/v7e-m/nofp\libc_nano.a(lib_a-malloc.o)
                0x01003d9c                free
 .text.memcpy   0x01003dac       0x1c C:/ti/ccs1270/ccs/tools/compiler/gcc-arm-none-eabi-9-2019-q4-major/arm-none-eabi/lib/thumb/v7e-m/nofp\libc_nano.a(lib_a-memcpy-stub.o)
                0x01003dac                memcpy
 .text.memset   0x01003dc8       0x10 C:/ti/ccs1270/ccs/tools/compiler/gcc-arm-none-eabi-9-2019-q4-major/arm-none-eabi/lib/thumb/v7e-m/nofp\libc_nano.a(lib_a-memset.o)
                0x01003dc8                memset
 .text._free_r  0x01003dd8       0x9c C:/ti/ccs1270/ccs/tools/compiler/gcc-arm-none-eabi-9-2019-q4-major/arm-none-eabi/lib/thumb/v7e-m/nofp\libc_nano.a(lib_a-nano-freer.o)
                0x01003dd8                _free_r
 .text._malloc_r
                0x01003e74       0xb4 C:/ti/ccs1270/ccs/tools/compiler/gcc-arm-none-eabi-9-2019-q4-major/arm-none-eabi/lib/thumb/v7e-m/nofp\libc_nano.a(lib_a-nano-mallocr.o)
                0x01003e74                _malloc_r
 .text._sbrk_r  0x01003f28       0x20 C:/ti/ccs1270/ccs/tools/compiler/gcc-arm-none-eabi-9-2019-q4-major/arm-none-eabi/lib/thumb/v7e-m/nofp\libc_nano.a(lib_a-sbrkr.o)
                0x01003f28                _sbrk_r
 .text.__malloc_lock
                0x01003f48        0xc C:/ti/ccs1270/ccs/tools/compiler/gcc-arm-none-eabi-9-2019-q4-major/arm-none-eabi/lib/thumb/v7e-m/nofp\libc_nano.a(lib_a-mlock.o)
                0x01003f48                __malloc_lock
 .text.__malloc_unlock
                0x01003f54        0xc C:/ti/ccs1270/ccs/tools/compiler/gcc-arm-none-eabi-9-2019-q4-major/arm-none-eabi/lib/thumb/v7e-m/nofp\libc_nano.a(lib_a-mlock.o)
                0x01003f54                __malloc_unlock
 .text.__retarget_lock_acquire_recursive
                0x01003f60        0x2 C:/ti/ccs1270/ccs/tools/compiler/gcc-arm-none-eabi-9-2019-q4-major/arm-none-eabi/lib/thumb/v7e-m/nofp\libc_nano.a(lib_a-lock.o)
                0x01003f60                __retarget_lock_acquire_recursive
 .text.__retarget_lock_release_recursive
                0x01003f62        0x2 C:/ti/ccs1270/ccs/tools/compiler/gcc-arm-none-eabi-9-2019-q4-major/arm-none-eabi/lib/thumb/v7e-m/nofp\libc_nano.a(lib_a-lock.o)
                0x01003f62                __retarget_lock_release_recursive
 .text._sbrk    0x01003f64       0x1c C:/ti/ccs1270/ccs/tools/compiler/gcc-arm-none-eabi-9-2019-q4-major/arm-none-eabi/lib/thumb/v7e-m/nofp\libnosys.a(sbrk.o)
                0x01003f64                _sbrk
                0x01003f80                . = ALIGN (0x4)
 *(.ctors)
                0x01003f80                . = ALIGN (0x4)
 *(.dtors)
                0x01003f80                . = ALIGN (0x4)
                0x01003f80                __init_array_start = .
 *(.init_array*)
                0x01003f80                __init_array_end = .
 *(.init)
 *(.fini*)
                [!provide]                PROVIDE (__etext = .)
                [!provide]                PROVIDE (_etext = .)
                [!provide]                PROVIDE (etext = .)

.glue_7         0x01003f80        0x0
 .glue_7        0x01003f80        0x0 linker stubs

.glue_7t        0x01003f80        0x0
 .glue_7t       0x01003f80        0x0 linker stubs

.vfp11_veneer   0x01003f80        0x0
 .vfp11_veneer  0x01003f80        0x0 linker stubs

.v4_bx          0x01003f80        0x0
 .v4_bx         0x01003f80        0x0 linker stubs

.iplt           0x01003f80        0x0
 .iplt          0x01003f80        0x0 ./gpiointerrupt.o

.rodata         0x01003f80      0x3b4
 *(.rodata)
 *(.rodata*)
 .rodata.GPIO_config
                0x01003f80       0x10 ./syscfg/ti_drivers_config.o
                0x01003f80                GPIO_config
 .rodata.GPIO_pinUpperBound
                0x01003f90        0x1 ./syscfg/ti_drivers_config.o
                0x01003f90                GPIO_pinUpperBound
 *fill*         0x01003f91        0x3 
 .rodata.PowerCC32XX_config
                0x01003f94       0x44 ./syscfg/ti_drivers_config.o
                0x01003f94                PowerCC32XX_config
 .rodata.Timer_config
                0x01003fd8        0x8 ./syscfg/ti_drivers_config.o
                0x01003fd8                Timer_config
 .rodata.Timer_count
                0x01003fe0        0x1 ./syscfg/ti_drivers_config.o
                0x01003fe0                Timer_count
 *fill*         0x01003fe1        0x3 
 .rodata.timerCC32XXHWAttrs
                0x01003fe4       0x10 ./syscfg/ti_drivers_config.o
                0x01003fe4                timerCC32XXHWAttrs
 .rodata.pinTable
                0x01003ff4       0x21 C:/ti/simplelink_cc32xx_sdk_7_10_00_13/source\ti/drivers/lib/gcc/m4/drivers_cc32xx.a(GPIOCC32XX.c.obj)
 *fill*         0x01004015        0x3 
 .rodata.portConfigs
                0x01004018       0x28 C:/ti/simplelink_cc32xx_sdk_7_10_00_13/source\ti/drivers/lib/gcc/m4/drivers_cc32xx.a(GPIOCC32XX.c.obj)
 .rodata.defaultParams
                0x01004040        0xc C:/ti/simplelink_cc32xx_sdk_7_10_00_13/source\ti/drivers/lib/gcc/m4/drivers_cc32xx.a(Timer.c.obj)
 .rodata.defaultParams
                0x0100404c        0xc C:/ti/simplelink_cc32xx_sdk_7_10_00_13/source\ti/drivers/lib/gcc/m4/drivers_cc32xx.a(TimerCC32XX.c.obj)
 .rodata.g_pulRegs
                0x01004058       0xd4 C:/ti/simplelink_cc32xx_sdk_7_10_00_13/source\ti/devices/cc32xx/driverlib/gcc/Release/driverlib.a(interrupt.obj)
 .rodata.g_pulEnRegs
                0x0100412c       0x18 C:/ti/simplelink_cc32xx_sdk_7_10_00_13/source\ti/devices/cc32xx/driverlib/gcc/Release/driverlib.a(interrupt.obj)
 .rodata.g_pulDisRegs
                0x01004144       0x18 C:/ti/simplelink_cc32xx_sdk_7_10_00_13/source\ti/devices/cc32xx/driverlib/gcc/Release/driverlib.a(interrupt.obj)
 .rodata.g_pulPendRegs
                0x0100415c       0x18 C:/ti/simplelink_cc32xx_sdk_7_10_00_13/source\ti/devices/cc32xx/driverlib/gcc/Release/driverlib.a(interrupt.obj)
 .rodata.g_pulUnpendRegs
                0x01004174       0x18 C:/ti/simplelink_cc32xx_sdk_7_10_00_13/source\ti/devices/cc32xx/driverlib/gcc/Release/driverlib.a(interrupt.obj)
 .rodata.g_ulPinToPadMap
                0x0100418c      0x100 C:/ti/simplelink_cc32xx_sdk_7_10_00_13/source\ti/devices/cc32xx/driverlib/gcc/Release/driverlib.a(pin.obj)
 .rodata.PRCM_PeriphRegsList
                0x0100428c       0xa8 C:/ti/simplelink_cc32xx_sdk_7_10_00_13/source\ti/devices/cc32xx/driverlib/gcc/Release/driverlib.a(prcm.obj)

.data           0x2000030c      0x3a0 load address 0x01004334
                0x01004334                __data_load__ = LOADADDR (.data)
                0x2000030c                __data_start__ = .
 *(.data)
 *(.data*)
 .data.codeOK   0x2000030c       0x1e ./gpiointerrupt.o
                0x2000030c                codeOK
 *fill*         0x2000032a        0x2 
 .data.codeSOS  0x2000032c       0x22 ./gpiointerrupt.o
                0x2000032c                codeSOS
 *fill*         0x2000034e        0x2 
 .data.gpioPinConfigs
                0x20000350       0x84 ./syscfg/ti_drivers_config.o
                0x20000350                gpioPinConfigs
 .data.parkInfo
                0x200003d4       0xf8 ./syscfg/ti_drivers_config.o
                0x200003d4                parkInfo
 .data.PowerCC32XX_module
                0x200004cc      0x16c C:/ti/simplelink_cc32xx_sdk_7_10_00_13/source\ti/drivers/lib/gcc/m4/drivers_cc32xx.a(PowerCC32XX.c.obj)
                0x200004cc                PowerCC32XX_module
 .data.SemaphoreP_defaultParams
                0x20000638        0x8 C:/ti/simplelink_cc32xx_sdk_7_10_00_13/kernel/nortos\lib/gcc/m4/nortos_cc32xx.a(SemaphoreP_nortos.c.obj)
                0x20000638                SemaphoreP_defaultParams
 .data.ClockP_tickPeriod
                0x20000640        0x4 C:/ti/simplelink_cc32xx_sdk_7_10_00_13/kernel/nortos\lib/gcc/m4/nortos_cc32xx.a(ClockPSysTick_nortos.c.obj)
                0x20000640                ClockP_tickPeriod
 .data.HwiP_swiPIntNum
                0x20000644        0x4 C:/ti/simplelink_cc32xx_sdk_7_10_00_13/kernel/nortos\lib/gcc/m4/nortos_cc32xx.a(HwiPCC32XX_nortos.c.obj)
                0x20000644                HwiP_swiPIntNum
 .data._impure_ptr
                0x20000648        0x4 C:/ti/ccs1270/ccs/tools/compiler/gcc-arm-none-eabi-9-2019-q4-major/arm-none-eabi/lib/thumb/v7e-m/nofp\libc_nano.a(lib_a-impure.o)
                0x20000648                _impure_ptr
 .data.impure_data
                0x2000064c       0x60 C:/ti/ccs1270/ccs/tools/compiler/gcc-arm-none-eabi-9-2019-q4-major/arm-none-eabi/lib/thumb/v7e-m/nofp\libc_nano.a(lib_a-impure.o)
                0x200006ac                . = ALIGN (0x4)
                0x200006ac                __data_end__ = .

.igot.plt       0x200006ac        0x0 load address 0x010046d4
 .igot.plt      0x200006ac        0x0 ./gpiointerrupt.o

.ARM.exidx      0x010046d4        0x8
                0x010046d4                __exidx_start = .
 *(.ARM.exidx* .gnu.linkonce.armexidx.*)
 .ARM.exidx     0x010046d4        0x8 c:/ti/ccs1270/ccs/tools/compiler/gcc-arm-none-eabi-9-2019-q4-major/bin/../lib/gcc/arm-none-eabi/9.2.1/thumb/v7e-m/nofp\libgcc.a(_udivmoddi4.o)
                0x010046dc                __exidx_end = .

.rel.dyn        0x010046dc        0x0
 .rel.iplt      0x010046dc        0x0 ./gpiointerrupt.o

.ARM.extab
 *(.ARM.extab* .gnu.linkonce.armextab.*)

.bss            0x200006b0      0x630
                0x200006b0                __bss_start__ = .
 *(.shbss)
 *(.bss)
 *(.bss.*)
 .bss.bytesRead
                0x200006b0        0x4 ./gpiointerrupt.o
                0x200006b0                bytesRead
 .bss.initCalled
                0x200006b4        0x1 C:/ti/simplelink_cc32xx_sdk_7_10_00_13/source\ti/drivers/lib/gcc/m4/drivers_cc32xx.a(GPIOCC32XX.c.obj)
 *fill*         0x200006b5        0x3 
 .bss.initSem.4818
                0x200006b8        0x4 C:/ti/simplelink_cc32xx_sdk_7_10_00_13/source\ti/drivers/lib/gcc/m4/drivers_cc32xx.a(GPIOCC32XX.c.obj)
 .bss.portHwiCreatedBitMask
                0x200006bc        0x1 C:/ti/simplelink_cc32xx_sdk_7_10_00_13/source\ti/drivers/lib/gcc/m4/drivers_cc32xx.a(GPIOCC32XX.c.obj)
 *fill*         0x200006bd        0x3 
 .bss.powerNotifyObj
                0x200006c0       0x14 C:/ti/simplelink_cc32xx_sdk_7_10_00_13/source\ti/drivers/lib/gcc/m4/drivers_cc32xx.a(GPIOCC32XX.c.obj)
 .bss.timerState
                0x200006d4        0x4 C:/ti/simplelink_cc32xx_sdk_7_10_00_13/source\ti/drivers/lib/gcc/m4/drivers_cc32xx.a(TimerCC32XX.c.obj)
 .bss.SemaphoreP_initialized
                0x200006d8        0x1 C:/ti/simplelink_cc32xx_sdk_7_10_00_13/kernel/nortos\lib/gcc/m4/nortos_cc32xx.a(SemaphoreP_nortos.c.obj)
 .bss.doEnablePolicy
                0x200006d9        0x1 C:/ti/simplelink_cc32xx_sdk_7_10_00_13/kernel/nortos\lib/gcc/m4/nortos_cc32xx.a(SemaphoreP_nortos.c.obj)
 .bss.pendInProgress
                0x200006da        0x1 C:/ti/simplelink_cc32xx_sdk_7_10_00_13/kernel/nortos\lib/gcc/m4/nortos_cc32xx.a(SemaphoreP_nortos.c.obj)
 .bss.ClockP_initialized
                0x200006db        0x1 C:/ti/simplelink_cc32xx_sdk_7_10_00_13/kernel/nortos\lib/gcc/m4/nortos_cc32xx.a(ClockPSysTick_nortos.c.obj)
 .bss.sysTickPeriod
                0x200006dc        0x4 C:/ti/simplelink_cc32xx_sdk_7_10_00_13/kernel/nortos\lib/gcc/m4/nortos_cc32xx.a(ClockPSysTick_nortos.c.obj)
 .bss.HwiP_dispatchTable
                0x200006e0      0x30c C:/ti/simplelink_cc32xx_sdk_7_10_00_13/kernel/nortos\lib/gcc/m4/nortos_cc32xx.a(HwiPCC32XX_nortos.c.obj)
 .bss.SwiP_lockState
                0x200009ec        0x4 C:/ti/simplelink_cc32xx_sdk_7_10_00_13/kernel/nortos\lib/gcc/m4/nortos_cc32xx.a(SwiP_nortos.c.obj)
 .bss.SwiP_readyMask
                0x200009f0        0x4 C:/ti/simplelink_cc32xx_sdk_7_10_00_13/kernel/nortos\lib/gcc/m4/nortos_cc32xx.a(SwiP_nortos.c.obj)
 .bss.SwiP_schedulerRunning
                0x200009f4        0x1 C:/ti/simplelink_cc32xx_sdk_7_10_00_13/kernel/nortos\lib/gcc/m4/nortos_cc32xx.a(SwiP_nortos.c.obj)
 *fill*         0x200009f5        0x3 
 .bss.__malloc_free_list
                0x200009f8        0x4 C:/ti/ccs1270/ccs/tools/compiler/gcc-arm-none-eabi-9-2019-q4-major/arm-none-eabi/lib/thumb/v7e-m/nofp\libc_nano.a(lib_a-nano-mallocr.o)
                0x200009f8                __malloc_free_list
 .bss.__malloc_sbrk_start
                0x200009fc        0x4 C:/ti/ccs1270/ccs/tools/compiler/gcc-arm-none-eabi-9-2019-q4-major/arm-none-eabi/lib/thumb/v7e-m/nofp\libc_nano.a(lib_a-nano-mallocr.o)
                0x200009fc                __malloc_sbrk_start
 .bss.heap_end.4144
                0x20000a00        0x4 C:/ti/ccs1270/ccs/tools/compiler/gcc-arm-none-eabi-9-2019-q4-major/arm-none-eabi/lib/thumb/v7e-m/nofp\libnosys.a(sbrk.o)
 *(COMMON)
 COMMON         0x20000a04        0x3 ./gpiointerrupt.o
                0x20000a04                PushButton
                0x20000a05                MachineState
                0x20000a06                CodeState
 *fill*         0x20000a07        0x1 
 COMMON         0x20000a08      0x18c ./syscfg/ti_drivers_config.o
                0x20000a08                gpioCallbackFunctions
                0x20000a8c                timerCC32XXObjects
                0x20000b10                gpioUserArgs
 COMMON         0x20000b94      0x12c C:/ti/simplelink_cc32xx_sdk_7_10_00_13/source\ti/drivers/lib/gcc/m4/drivers_cc32xx.a(PowerCC32XX.c.obj)
                0x20000b94                PowerCC32XX_contextSave
 COMMON         0x20000cc0       0x10 C:/ti/simplelink_cc32xx_sdk_7_10_00_13/kernel/nortos\lib/gcc/m4/nortos_cc32xx.a(ClockPSysTick_nortos.c.obj)
                0x20000cc0                ClockP_ctrl
 COMMON         0x20000cd0        0x4 C:/ti/ccs1270/ccs/tools/compiler/gcc-arm-none-eabi-9-2019-q4-major/arm-none-eabi/lib/thumb/v7e-m/nofp\libc_nano.a(lib_a-reent.o)
                0x20000cd0                errno
 COMMON         0x20000cd4        0x9 C:/ti/ccs1270/ccs/tools/compiler/gcc-arm-none-eabi-9-2019-q4-major/arm-none-eabi/lib/thumb/v7e-m/nofp\libc_nano.a(lib_a-lock.o)
                0x20000cd4                __lock___atexit_recursive_mutex
                0x20000cd5                __lock___arc4random_mutex
                0x20000cd6                __lock___env_recursive_mutex
                0x20000cd7                __lock___sinit_recursive_mutex
                0x20000cd8                __lock___malloc_recursive_mutex
                0x20000cd9                __lock___at_quick_exit_mutex
                0x20000cda                __lock___dd_hash_mutex
                0x20000cdb                __lock___tz_mutex
                0x20000cdc                __lock___sfp_recursive_mutex
                0x20000ce0                . = ALIGN (0x4)
 *fill*         0x20000cdd        0x3 
                0x20000ce0                __bss_end__ = .

.heap           0x20000ce0     0x8000
                0x20000ce0                __heap_start__ = .
                0x20000ce0                end = __heap_start__
                0x20000ce0                _end = end
                0x20000ce0                __end = end
                0x20008ce0                . = (. + HEAP_SIZE)
 *fill*         0x20000ce0     0x8000 
 *(.heap)
                0x20008ce0                __heap_end__ = .
                0x20008ce0                __HeapLimit = __heap_end__

.stack          0x20008ce0     0x1000
                0x20008ce0                _stack = .
                0x20008ce0                __stack = .
 *(.stack)
                0x20009ce0                . = (. + STACKSIZE)
 *fill*         0x20008ce0     0x1000 
                0x20009ce0                _stack_end = .
                0x20009ce0                __stack_end = .

.log_data
 *(.log_data)

.log_ptr
 *(.log_ptr*)
LOAD C:/SNHU/CS_350/code_composer/gpiointerrupt_CC3220SF_LAUNCHXL_nortos_gcc/Debug/syscfg\ti_utils_build_linker.cmd.genlibs
LOAD C:/ti/simplelink_cc32xx_sdk_7_10_00_13/source\ti/drivers/lib/gcc/m4/drivers_cc32xx.a
LOAD C:/ti/simplelink_cc32xx_sdk_7_10_00_13/source\ti/grlib/lib/gcc/m4/grlib.a
LOAD C:/ti/simplelink_cc32xx_sdk_7_10_00_13/kernel/nortos\lib/gcc/m4/nortos_cc32xx.a
LOAD C:/ti/simplelink_cc32xx_sdk_7_10_00_13/source\ti/devices/cc32xx/driverlib/gcc/Release/driverlib.a
LOAD c:/ti/ccs1270/ccs/tools/compiler/gcc-arm-none-eabi-9-2019-q4-major/bin/../lib/gcc/arm-none-eabi/9.2.1/thumb/v7e-m/nofp\libgcc.a
LOAD C:/ti/ccs1270/ccs/tools/compiler/gcc-arm-none-eabi-9-2019-q4-major/arm-none-eabi/lib/thumb/v7e-m/nofp\libc_nano.a
LOAD C:/ti/ccs1270/ccs/tools/compiler/gcc-arm-none-eabi-9-2019-q4-major/arm-none-eabi/lib/thumb/v7e-m/nofp\libm.a
LOAD C:/ti/ccs1270/ccs/tools/compiler/gcc-arm-none-eabi-9-2019-q4-major/arm-none-eabi/lib/thumb/v7e-m/nofp\libnosys.a
START GROUP
LOAD c:/ti/ccs1270/ccs/tools/compiler/gcc-arm-none-eabi-9-2019-q4-major/bin/../lib/gcc/arm-none-eabi/9.2.1/thumb/v7e-m/nofp\libgcc.a
LOAD C:/ti/ccs1270/ccs/tools/compiler/gcc-arm-none-eabi-9-2019-q4-major/arm-none-eabi/lib/thumb/v7e-m/nofp\libg_nano.a
LOAD C:/ti/ccs1270/ccs/tools/compiler/gcc-arm-none-eabi-9-2019-q4-major/arm-none-eabi/lib/thumb/v7e-m/nofp\libc_nano.a
END GROUP
START GROUP
LOAD c:/ti/ccs1270/ccs/tools/compiler/gcc-arm-none-eabi-9-2019-q4-major/bin/../lib/gcc/arm-none-eabi/9.2.1/thumb/v7e-m/nofp\libgcc.a
LOAD C:/ti/ccs1270/ccs/tools/compiler/gcc-arm-none-eabi-9-2019-q4-major/arm-none-eabi/lib/thumb/v7e-m/nofp\libc_nano.a
END GROUP
OUTPUT(gpiointerrupt_CC3220SF_LAUNCHXL_nortos_gcc.out elf32-littlearm)

.debug_info     0x00000000    0x115ce
 .debug_info    0x00000000      0x536 ./gpiointerrupt.o
 .debug_info    0x00000536      0x990 ./syscfg/ti_drivers_config.o
 .debug_info    0x00000ec6       0x84 ./main_nortos.o
 .debug_info    0x00000f4a      0xaa4 C:/ti/simplelink_cc32xx_sdk_7_10_00_13/source\ti/drivers/lib/gcc/m4/drivers_cc32xx.a(GPIO.c.obj)
 .debug_info    0x000019ee     0x10c8 C:/ti/simplelink_cc32xx_sdk_7_10_00_13/source\ti/drivers/lib/gcc/m4/drivers_cc32xx.a(GPIOCC32XX.c.obj)
 .debug_info    0x00002ab6     0x1f70 C:/ti/simplelink_cc32xx_sdk_7_10_00_13/source\ti/drivers/lib/gcc/m4/drivers_cc32xx.a(PowerCC32XX.c.obj)
 .debug_info    0x00004a26     0x101d C:/ti/simplelink_cc32xx_sdk_7_10_00_13/source\ti/drivers/lib/gcc/m4/drivers_cc32xx.a(Timer.c.obj)
 .debug_info    0x00005a43     0x126b C:/ti/simplelink_cc32xx_sdk_7_10_00_13/source\ti/drivers/lib/gcc/m4/drivers_cc32xx.a(TimerCC32XX.c.obj)
 .debug_info    0x00006cae      0xc58 C:/ti/simplelink_cc32xx_sdk_7_10_00_13/source\ti/drivers/lib/gcc/m4/drivers_cc32xx.a(List.c.obj)
 .debug_info    0x00007906      0x1ec C:/ti/simplelink_cc32xx_sdk_7_10_00_13/kernel/nortos\lib/gcc/m4/nortos_cc32xx.a(NoRTOS.c.obj)
 .debug_info    0x00007af2     0x1498 C:/ti/simplelink_cc32xx_sdk_7_10_00_13/kernel/nortos\lib/gcc/m4/nortos_cc32xx.a(SemaphoreP_nortos.c.obj)
 .debug_info    0x00008f8a     0x1b01 C:/ti/simplelink_cc32xx_sdk_7_10_00_13/kernel/nortos\lib/gcc/m4/nortos_cc32xx.a(ClockPSysTick_nortos.c.obj)
 .debug_info    0x0000aa8b     0x17d2 C:/ti/simplelink_cc32xx_sdk_7_10_00_13/kernel/nortos\lib/gcc/m4/nortos_cc32xx.a(HwiPCC32XX_nortos.c.obj)
 .debug_info    0x0000c25d      0x8aa C:/ti/simplelink_cc32xx_sdk_7_10_00_13/kernel/nortos\lib/gcc/m4/nortos_cc32xx.a(PowerCC32XX_nortos.c.obj)
 .debug_info    0x0000cb07      0xb83 C:/ti/simplelink_cc32xx_sdk_7_10_00_13/kernel/nortos\lib/gcc/m4/nortos_cc32xx.a(startup_cc32xx_gcc.c.obj)
 .debug_info    0x0000d68a     0x1a3a C:/ti/simplelink_cc32xx_sdk_7_10_00_13/kernel/nortos\lib/gcc/m4/nortos_cc32xx.a(SwiP_nortos.c.obj)
 .debug_info    0x0000f0c4      0x109 C:/ti/simplelink_cc32xx_sdk_7_10_00_13/source\ti/devices/cc32xx/driverlib/gcc/Release/driverlib.a(cpu.obj)
 .debug_info    0x0000f1cd      0x3e6 C:/ti/simplelink_cc32xx_sdk_7_10_00_13/source\ti/devices/cc32xx/driverlib/gcc/Release/driverlib.a(gpio.obj)
 .debug_info    0x0000f5b3      0x3a3 C:/ti/simplelink_cc32xx_sdk_7_10_00_13/source\ti/devices/cc32xx/driverlib/gcc/Release/driverlib.a(interrupt.obj)
 .debug_info    0x0000f956      0x545 C:/ti/simplelink_cc32xx_sdk_7_10_00_13/source\ti/devices/cc32xx/driverlib/gcc/Release/driverlib.a(pin.obj)
 .debug_info    0x0000fe9b      0xc9c C:/ti/simplelink_cc32xx_sdk_7_10_00_13/source\ti/devices/cc32xx/driverlib/gcc/Release/driverlib.a(prcm.obj)
 .debug_info    0x00010b37      0x10e C:/ti/simplelink_cc32xx_sdk_7_10_00_13/source\ti/devices/cc32xx/driverlib/gcc/Release/driverlib.a(systick.obj)
 .debug_info    0x00010c45      0x612 C:/ti/simplelink_cc32xx_sdk_7_10_00_13/source\ti/devices/cc32xx/driverlib/gcc/Release/driverlib.a(timer.obj)
 .debug_info    0x00011257       0x52 C:/ti/simplelink_cc32xx_sdk_7_10_00_13/source\ti/devices/cc32xx/driverlib/gcc/Release/driverlib.a(utils.obj)
 .debug_info    0x000112a9      0x325 C:/ti/simplelink_cc32xx_sdk_7_10_00_13/source\ti/devices/cc32xx/driverlib/gcc/Release/driverlib.a(flash.obj)

.debug_abbrev   0x00000000     0x3e68
 .debug_abbrev  0x00000000      0x270 ./gpiointerrupt.o
 .debug_abbrev  0x00000270      0x1c3 ./syscfg/ti_drivers_config.o
 .debug_abbrev  0x00000433       0x43 ./main_nortos.o
 .debug_abbrev  0x00000476      0x23f C:/ti/simplelink_cc32xx_sdk_7_10_00_13/source\ti/drivers/lib/gcc/m4/drivers_cc32xx.a(GPIO.c.obj)
 .debug_abbrev  0x000006b5      0x386 C:/ti/simplelink_cc32xx_sdk_7_10_00_13/source\ti/drivers/lib/gcc/m4/drivers_cc32xx.a(GPIOCC32XX.c.obj)
 .debug_abbrev  0x00000a3b      0x509 C:/ti/simplelink_cc32xx_sdk_7_10_00_13/source\ti/drivers/lib/gcc/m4/drivers_cc32xx.a(PowerCC32XX.c.obj)
 .debug_abbrev  0x00000f44      0x303 C:/ti/simplelink_cc32xx_sdk_7_10_00_13/source\ti/drivers/lib/gcc/m4/drivers_cc32xx.a(Timer.c.obj)
 .debug_abbrev  0x00001247      0x458 C:/ti/simplelink_cc32xx_sdk_7_10_00_13/source\ti/drivers/lib/gcc/m4/drivers_cc32xx.a(TimerCC32XX.c.obj)
 .debug_abbrev  0x0000169f      0x27b C:/ti/simplelink_cc32xx_sdk_7_10_00_13/source\ti/drivers/lib/gcc/m4/drivers_cc32xx.a(List.c.obj)
 .debug_abbrev  0x0000191a      0x116 C:/ti/simplelink_cc32xx_sdk_7_10_00_13/kernel/nortos\lib/gcc/m4/nortos_cc32xx.a(NoRTOS.c.obj)
 .debug_abbrev  0x00001a30      0x470 C:/ti/simplelink_cc32xx_sdk_7_10_00_13/kernel/nortos\lib/gcc/m4/nortos_cc32xx.a(SemaphoreP_nortos.c.obj)
 .debug_abbrev  0x00001ea0      0x5d6 C:/ti/simplelink_cc32xx_sdk_7_10_00_13/kernel/nortos\lib/gcc/m4/nortos_cc32xx.a(ClockPSysTick_nortos.c.obj)
 .debug_abbrev  0x00002476      0x4e6 C:/ti/simplelink_cc32xx_sdk_7_10_00_13/kernel/nortos\lib/gcc/m4/nortos_cc32xx.a(HwiPCC32XX_nortos.c.obj)
 .debug_abbrev  0x0000295c      0x249 C:/ti/simplelink_cc32xx_sdk_7_10_00_13/kernel/nortos\lib/gcc/m4/nortos_cc32xx.a(PowerCC32XX_nortos.c.obj)
 .debug_abbrev  0x00002ba5      0x301 C:/ti/simplelink_cc32xx_sdk_7_10_00_13/kernel/nortos\lib/gcc/m4/nortos_cc32xx.a(startup_cc32xx_gcc.c.obj)
 .debug_abbrev  0x00002ea6      0x523 C:/ti/simplelink_cc32xx_sdk_7_10_00_13/kernel/nortos\lib/gcc/m4/nortos_cc32xx.a(SwiP_nortos.c.obj)
 .debug_abbrev  0x000033c9       0xe0 C:/ti/simplelink_cc32xx_sdk_7_10_00_13/source\ti/devices/cc32xx/driverlib/gcc/Release/driverlib.a(cpu.obj)
 .debug_abbrev  0x000034a9      0x12e C:/ti/simplelink_cc32xx_sdk_7_10_00_13/source\ti/devices/cc32xx/driverlib/gcc/Release/driverlib.a(gpio.obj)
 .debug_abbrev  0x000035d7      0x15d C:/ti/simplelink_cc32xx_sdk_7_10_00_13/source\ti/devices/cc32xx/driverlib/gcc/Release/driverlib.a(interrupt.obj)
 .debug_abbrev  0x00003734      0x158 C:/ti/simplelink_cc32xx_sdk_7_10_00_13/source\ti/devices/cc32xx/driverlib/gcc/Release/driverlib.a(pin.obj)
 .debug_abbrev  0x0000388c      0x20f C:/ti/simplelink_cc32xx_sdk_7_10_00_13/source\ti/devices/cc32xx/driverlib/gcc/Release/driverlib.a(prcm.obj)
 .debug_abbrev  0x00003a9b       0xe4 C:/ti/simplelink_cc32xx_sdk_7_10_00_13/source\ti/devices/cc32xx/driverlib/gcc/Release/driverlib.a(systick.obj)
 .debug_abbrev  0x00003b7f       0xec C:/ti/simplelink_cc32xx_sdk_7_10_00_13/source\ti/devices/cc32xx/driverlib/gcc/Release/driverlib.a(timer.obj)
 .debug_abbrev  0x00003c6b       0x4c C:/ti/simplelink_cc32xx_sdk_7_10_00_13/source\ti/devices/cc32xx/driverlib/gcc/Release/driverlib.a(utils.obj)
 .debug_abbrev  0x00003cb7      0x1b1 C:/ti/simplelink_cc32xx_sdk_7_10_00_13/source\ti/devices/cc32xx/driverlib/gcc/Release/driverlib.a(flash.obj)

.debug_loc      0x00000000     0x6b09
 .debug_loc     0x00000000       0xc2 ./gpiointerrupt.o
 .debug_loc     0x000000c2       0x6f C:/ti/simplelink_cc32xx_sdk_7_10_00_13/source\ti/drivers/lib/gcc/m4/drivers_cc32xx.a(GPIO.c.obj)
 .debug_loc     0x00000131      0xaee C:/ti/simplelink_cc32xx_sdk_7_10_00_13/source\ti/drivers/lib/gcc/m4/drivers_cc32xx.a(GPIOCC32XX.c.obj)
 .debug_loc     0x00000c1f     0x14c4 C:/ti/simplelink_cc32xx_sdk_7_10_00_13/source\ti/drivers/lib/gcc/m4/drivers_cc32xx.a(PowerCC32XX.c.obj)
 .debug_loc     0x000020e3      0x1fe C:/ti/simplelink_cc32xx_sdk_7_10_00_13/source\ti/drivers/lib/gcc/m4/drivers_cc32xx.a(Timer.c.obj)
 .debug_loc     0x000022e1      0xbbb C:/ti/simplelink_cc32xx_sdk_7_10_00_13/source\ti/drivers/lib/gcc/m4/drivers_cc32xx.a(TimerCC32XX.c.obj)
 .debug_loc     0x00002e9c      0x428 C:/ti/simplelink_cc32xx_sdk_7_10_00_13/source\ti/drivers/lib/gcc/m4/drivers_cc32xx.a(List.c.obj)
 .debug_loc     0x000032c4       0x32 C:/ti/simplelink_cc32xx_sdk_7_10_00_13/kernel/nortos\lib/gcc/m4/nortos_cc32xx.a(NoRTOS.c.obj)
 .debug_loc     0x000032f6      0xbae C:/ti/simplelink_cc32xx_sdk_7_10_00_13/kernel/nortos\lib/gcc/m4/nortos_cc32xx.a(SemaphoreP_nortos.c.obj)
 .debug_loc     0x00003ea4     0x1011 C:/ti/simplelink_cc32xx_sdk_7_10_00_13/kernel/nortos\lib/gcc/m4/nortos_cc32xx.a(ClockPSysTick_nortos.c.obj)
 .debug_loc     0x00004eb5      0x854 C:/ti/simplelink_cc32xx_sdk_7_10_00_13/kernel/nortos\lib/gcc/m4/nortos_cc32xx.a(HwiPCC32XX_nortos.c.obj)
 .debug_loc     0x00005709      0x400 C:/ti/simplelink_cc32xx_sdk_7_10_00_13/kernel/nortos\lib/gcc/m4/nortos_cc32xx.a(PowerCC32XX_nortos.c.obj)
 .debug_loc     0x00005b09       0x91 C:/ti/simplelink_cc32xx_sdk_7_10_00_13/kernel/nortos\lib/gcc/m4/nortos_cc32xx.a(startup_cc32xx_gcc.c.obj)
 .debug_loc     0x00005b9a      0xf6f C:/ti/simplelink_cc32xx_sdk_7_10_00_13/kernel/nortos\lib/gcc/m4/nortos_cc32xx.a(SwiP_nortos.c.obj)

.debug_aranges  0x00000000      0xc60
 .debug_aranges
                0x00000000       0x40 ./gpiointerrupt.o
 .debug_aranges
                0x00000040       0x28 ./syscfg/ti_drivers_config.o
 .debug_aranges
                0x00000068       0x20 ./main_nortos.o
 .debug_aranges
                0x00000088       0x38 C:/ti/simplelink_cc32xx_sdk_7_10_00_13/source\ti/drivers/lib/gcc/m4/drivers_cc32xx.a(GPIO.c.obj)
 .debug_aranges
                0x000000c0       0x78 C:/ti/simplelink_cc32xx_sdk_7_10_00_13/source\ti/drivers/lib/gcc/m4/drivers_cc32xx.a(GPIOCC32XX.c.obj)
 .debug_aranges
                0x00000138       0xf0 C:/ti/simplelink_cc32xx_sdk_7_10_00_13/source\ti/drivers/lib/gcc/m4/drivers_cc32xx.a(PowerCC32XX.c.obj)
 .debug_aranges
                0x00000228       0x40 C:/ti/simplelink_cc32xx_sdk_7_10_00_13/source\ti/drivers/lib/gcc/m4/drivers_cc32xx.a(Timer.c.obj)
 .debug_aranges
                0x00000268       0x78 C:/ti/simplelink_cc32xx_sdk_7_10_00_13/source\ti/drivers/lib/gcc/m4/drivers_cc32xx.a(TimerCC32XX.c.obj)
 .debug_aranges
                0x000002e0       0x48 C:/ti/simplelink_cc32xx_sdk_7_10_00_13/source\ti/drivers/lib/gcc/m4/drivers_cc32xx.a(List.c.obj)
 .debug_aranges
                0x00000328       0x30 C:/ti/simplelink_cc32xx_sdk_7_10_00_13/kernel/nortos\lib/gcc/m4/nortos_cc32xx.a(NoRTOS.c.obj)
 .debug_aranges
                0x00000358       0x78 C:/ti/simplelink_cc32xx_sdk_7_10_00_13/kernel/nortos\lib/gcc/m4/nortos_cc32xx.a(SemaphoreP_nortos.c.obj)
 .debug_aranges
                0x000003d0       0xd0 C:/ti/simplelink_cc32xx_sdk_7_10_00_13/kernel/nortos\lib/gcc/m4/nortos_cc32xx.a(ClockPSysTick_nortos.c.obj)
 .debug_aranges
                0x000004a0       0xb8 C:/ti/simplelink_cc32xx_sdk_7_10_00_13/kernel/nortos\lib/gcc/m4/nortos_cc32xx.a(HwiPCC32XX_nortos.c.obj)
 .debug_aranges
                0x00000558       0x28 C:/ti/simplelink_cc32xx_sdk_7_10_00_13/kernel/nortos\lib/gcc/m4/nortos_cc32xx.a(PowerCC32XX_nortos.c.obj)
 .debug_aranges
                0x00000580       0x50 C:/ti/simplelink_cc32xx_sdk_7_10_00_13/kernel/nortos\lib/gcc/m4/nortos_cc32xx.a(startup_cc32xx_gcc.c.obj)
 .debug_aranges
                0x000005d0       0xa8 C:/ti/simplelink_cc32xx_sdk_7_10_00_13/kernel/nortos\lib/gcc/m4/nortos_cc32xx.a(SwiP_nortos.c.obj)
 .debug_aranges
                0x00000678       0x48 C:/ti/simplelink_cc32xx_sdk_7_10_00_13/source\ti/devices/cc32xx/driverlib/gcc/Release/driverlib.a(cpu.obj)
 .debug_aranges
                0x000006c0       0x90 C:/ti/simplelink_cc32xx_sdk_7_10_00_13/source\ti/devices/cc32xx/driverlib/gcc/Release/driverlib.a(gpio.obj)
 .debug_aranges
                0x00000750       0x98 C:/ti/simplelink_cc32xx_sdk_7_10_00_13/source\ti/devices/cc32xx/driverlib/gcc/Release/driverlib.a(interrupt.obj)
 .debug_aranges
                0x000007e8       0xc0 C:/ti/simplelink_cc32xx_sdk_7_10_00_13/source\ti/devices/cc32xx/driverlib/gcc/Release/driverlib.a(pin.obj)
 .debug_aranges
                0x000008a8      0x1d8 C:/ti/simplelink_cc32xx_sdk_7_10_00_13/source\ti/devices/cc32xx/driverlib/gcc/Release/driverlib.a(prcm.obj)
 .debug_aranges
                0x00000a80       0x60 C:/ti/simplelink_cc32xx_sdk_7_10_00_13/source\ti/devices/cc32xx/driverlib/gcc/Release/driverlib.a(systick.obj)
 .debug_aranges
                0x00000ae0       0xd8 C:/ti/simplelink_cc32xx_sdk_7_10_00_13/source\ti/devices/cc32xx/driverlib/gcc/Release/driverlib.a(timer.obj)
 .debug_aranges
                0x00000bb8       0x20 C:/ti/simplelink_cc32xx_sdk_7_10_00_13/source\ti/devices/cc32xx/driverlib/gcc/Release/driverlib.a(utils.obj)
 .debug_aranges
                0x00000bd8       0x88 C:/ti/simplelink_cc32xx_sdk_7_10_00_13/source\ti/devices/cc32xx/driverlib/gcc/Release/driverlib.a(flash.obj)

.debug_ranges   0x00000000     0x1490
 .debug_ranges  0x00000000       0x78 ./gpiointerrupt.o
 .debug_ranges  0x00000078       0x18 ./syscfg/ti_drivers_config.o
 .debug_ranges  0x00000090       0x10 ./main_nortos.o
 .debug_ranges  0x000000a0       0x28 C:/ti/simplelink_cc32xx_sdk_7_10_00_13/source\ti/drivers/lib/gcc/m4/drivers_cc32xx.a(GPIO.c.obj)
 .debug_ranges  0x000000c8       0x68 C:/ti/simplelink_cc32xx_sdk_7_10_00_13/source\ti/drivers/lib/gcc/m4/drivers_cc32xx.a(GPIOCC32XX.c.obj)
 .debug_ranges  0x00000130      0x220 C:/ti/simplelink_cc32xx_sdk_7_10_00_13/source\ti/drivers/lib/gcc/m4/drivers_cc32xx.a(PowerCC32XX.c.obj)
 .debug_ranges  0x00000350       0x30 C:/ti/simplelink_cc32xx_sdk_7_10_00_13/source\ti/drivers/lib/gcc/m4/drivers_cc32xx.a(Timer.c.obj)
 .debug_ranges  0x00000380      0x198 C:/ti/simplelink_cc32xx_sdk_7_10_00_13/source\ti/drivers/lib/gcc/m4/drivers_cc32xx.a(TimerCC32XX.c.obj)
 .debug_ranges  0x00000518       0x38 C:/ti/simplelink_cc32xx_sdk_7_10_00_13/source\ti/drivers/lib/gcc/m4/drivers_cc32xx.a(List.c.obj)
 .debug_ranges  0x00000550       0x20 C:/ti/simplelink_cc32xx_sdk_7_10_00_13/kernel/nortos\lib/gcc/m4/nortos_cc32xx.a(NoRTOS.c.obj)
 .debug_ranges  0x00000570      0x280 C:/ti/simplelink_cc32xx_sdk_7_10_00_13/kernel/nortos\lib/gcc/m4/nortos_cc32xx.a(SemaphoreP_nortos.c.obj)
 .debug_ranges  0x000007f0      0x460 C:/ti/simplelink_cc32xx_sdk_7_10_00_13/kernel/nortos\lib/gcc/m4/nortos_cc32xx.a(ClockPSysTick_nortos.c.obj)
 .debug_ranges  0x00000c50      0x100 C:/ti/simplelink_cc32xx_sdk_7_10_00_13/kernel/nortos\lib/gcc/m4/nortos_cc32xx.a(HwiPCC32XX_nortos.c.obj)
 .debug_ranges  0x00000d50       0x18 C:/ti/simplelink_cc32xx_sdk_7_10_00_13/kernel/nortos\lib/gcc/m4/nortos_cc32xx.a(PowerCC32XX_nortos.c.obj)
 .debug_ranges  0x00000d68       0x40 C:/ti/simplelink_cc32xx_sdk_7_10_00_13/kernel/nortos\lib/gcc/m4/nortos_cc32xx.a(startup_cc32xx_gcc.c.obj)
 .debug_ranges  0x00000da8      0x178 C:/ti/simplelink_cc32xx_sdk_7_10_00_13/kernel/nortos\lib/gcc/m4/nortos_cc32xx.a(SwiP_nortos.c.obj)
 .debug_ranges  0x00000f20       0x38 C:/ti/simplelink_cc32xx_sdk_7_10_00_13/source\ti/devices/cc32xx/driverlib/gcc/Release/driverlib.a(cpu.obj)
 .debug_ranges  0x00000f58       0x80 C:/ti/simplelink_cc32xx_sdk_7_10_00_13/source\ti/devices/cc32xx/driverlib/gcc/Release/driverlib.a(gpio.obj)
 .debug_ranges  0x00000fd8       0x88 C:/ti/simplelink_cc32xx_sdk_7_10_00_13/source\ti/devices/cc32xx/driverlib/gcc/Release/driverlib.a(interrupt.obj)
 .debug_ranges  0x00001060       0xb0 C:/ti/simplelink_cc32xx_sdk_7_10_00_13/source\ti/devices/cc32xx/driverlib/gcc/Release/driverlib.a(pin.obj)
 .debug_ranges  0x00001110      0x1e0 C:/ti/simplelink_cc32xx_sdk_7_10_00_13/source\ti/devices/cc32xx/driverlib/gcc/Release/driverlib.a(prcm.obj)
 .debug_ranges  0x000012f0       0x50 C:/ti/simplelink_cc32xx_sdk_7_10_00_13/source\ti/devices/cc32xx/driverlib/gcc/Release/driverlib.a(systick.obj)
 .debug_ranges  0x00001340       0xc8 C:/ti/simplelink_cc32xx_sdk_7_10_00_13/source\ti/devices/cc32xx/driverlib/gcc/Release/driverlib.a(timer.obj)
 .debug_ranges  0x00001408       0x10 C:/ti/simplelink_cc32xx_sdk_7_10_00_13/source\ti/devices/cc32xx/driverlib/gcc/Release/driverlib.a(utils.obj)
 .debug_ranges  0x00001418       0x78 C:/ti/simplelink_cc32xx_sdk_7_10_00_13/source\ti/devices/cc32xx/driverlib/gcc/Release/driverlib.a(flash.obj)

.debug_line     0x00000000     0xb9ce
 .debug_line    0x00000000      0x501 ./gpiointerrupt.o
 .debug_line    0x00000501      0x366 ./syscfg/ti_drivers_config.o
 .debug_line    0x00000867       0x5f ./main_nortos.o
 .debug_line    0x000008c6      0x44f C:/ti/simplelink_cc32xx_sdk_7_10_00_13/source\ti/drivers/lib/gcc/m4/drivers_cc32xx.a(GPIO.c.obj)
 .debug_line    0x00000d15      0xd44 C:/ti/simplelink_cc32xx_sdk_7_10_00_13/source\ti/drivers/lib/gcc/m4/drivers_cc32xx.a(GPIOCC32XX.c.obj)
 .debug_line    0x00001a59     0x1887 C:/ti/simplelink_cc32xx_sdk_7_10_00_13/source\ti/drivers/lib/gcc/m4/drivers_cc32xx.a(PowerCC32XX.c.obj)
 .debug_line    0x000032e0      0x798 C:/ti/simplelink_cc32xx_sdk_7_10_00_13/source\ti/drivers/lib/gcc/m4/drivers_cc32xx.a(Timer.c.obj)
 .debug_line    0x00003a78      0xdae C:/ti/simplelink_cc32xx_sdk_7_10_00_13/source\ti/drivers/lib/gcc/m4/drivers_cc32xx.a(TimerCC32XX.c.obj)
 .debug_line    0x00004826      0x5f8 C:/ti/simplelink_cc32xx_sdk_7_10_00_13/source\ti/drivers/lib/gcc/m4/drivers_cc32xx.a(List.c.obj)
 .debug_line    0x00004e1e      0x36d C:/ti/simplelink_cc32xx_sdk_7_10_00_13/kernel/nortos\lib/gcc/m4/nortos_cc32xx.a(NoRTOS.c.obj)
 .debug_line    0x0000518b      0xbfc C:/ti/simplelink_cc32xx_sdk_7_10_00_13/kernel/nortos\lib/gcc/m4/nortos_cc32xx.a(SemaphoreP_nortos.c.obj)
 .debug_line    0x00005d87     0x11ae C:/ti/simplelink_cc32xx_sdk_7_10_00_13/kernel/nortos\lib/gcc/m4/nortos_cc32xx.a(ClockPSysTick_nortos.c.obj)
 .debug_line    0x00006f35      0x950 C:/ti/simplelink_cc32xx_sdk_7_10_00_13/kernel/nortos\lib/gcc/m4/nortos_cc32xx.a(HwiPCC32XX_nortos.c.obj)
 .debug_line    0x00007885      0x8bf C:/ti/simplelink_cc32xx_sdk_7_10_00_13/kernel/nortos\lib/gcc/m4/nortos_cc32xx.a(PowerCC32XX_nortos.c.obj)
 .debug_line    0x00008144      0x57f C:/ti/simplelink_cc32xx_sdk_7_10_00_13/kernel/nortos\lib/gcc/m4/nortos_cc32xx.a(startup_cc32xx_gcc.c.obj)
 .debug_line    0x000086c3      0xd94 C:/ti/simplelink_cc32xx_sdk_7_10_00_13/kernel/nortos\lib/gcc/m4/nortos_cc32xx.a(SwiP_nortos.c.obj)
 .debug_line    0x00009457      0x113 C:/ti/simplelink_cc32xx_sdk_7_10_00_13/source\ti/devices/cc32xx/driverlib/gcc/Release/driverlib.a(cpu.obj)
 .debug_line    0x0000956a      0x402 C:/ti/simplelink_cc32xx_sdk_7_10_00_13/source\ti/devices/cc32xx/driverlib/gcc/Release/driverlib.a(gpio.obj)
 .debug_line    0x0000996c      0x3fa C:/ti/simplelink_cc32xx_sdk_7_10_00_13/source\ti/devices/cc32xx/driverlib/gcc/Release/driverlib.a(interrupt.obj)
 .debug_line    0x00009d66      0x3ed C:/ti/simplelink_cc32xx_sdk_7_10_00_13/source\ti/devices/cc32xx/driverlib/gcc/Release/driverlib.a(pin.obj)
 .debug_line    0x0000a153      0xd2b C:/ti/simplelink_cc32xx_sdk_7_10_00_13/source\ti/devices/cc32xx/driverlib/gcc/Release/driverlib.a(prcm.obj)
 .debug_line    0x0000ae7e      0x15d C:/ti/simplelink_cc32xx_sdk_7_10_00_13/source\ti/devices/cc32xx/driverlib/gcc/Release/driverlib.a(systick.obj)
 .debug_line    0x0000afdb      0x581 C:/ti/simplelink_cc32xx_sdk_7_10_00_13/source\ti/devices/cc32xx/driverlib/gcc/Release/driverlib.a(timer.obj)
 .debug_line    0x0000b55c       0x8a C:/ti/simplelink_cc32xx_sdk_7_10_00_13/source\ti/devices/cc32xx/driverlib/gcc/Release/driverlib.a(utils.obj)
 .debug_line    0x0000b5e6      0x3e8 C:/ti/simplelink_cc32xx_sdk_7_10_00_13/source\ti/devices/cc32xx/driverlib/gcc/Release/driverlib.a(flash.obj)

.debug_str      0x00000000     0x469d
 .debug_str     0x00000000      0x4b5 ./gpiointerrupt.o
                                0x50d (size before relaxing)
 .debug_str     0x000004b5      0x7ae ./syscfg/ti_drivers_config.o
                                0xba5 (size before relaxing)
 .debug_str     0x00000c63       0x11 ./main_nortos.o
                                0x1b2 (size before relaxing)
 .debug_str     0x00000c74      0x5fd C:/ti/simplelink_cc32xx_sdk_7_10_00_13/source\ti/drivers/lib/gcc/m4/drivers_cc32xx.a(GPIO.c.obj)
                                0x76f (size before relaxing)
 .debug_str     0x00001271      0x3fc C:/ti/simplelink_cc32xx_sdk_7_10_00_13/source\ti/drivers/lib/gcc/m4/drivers_cc32xx.a(GPIOCC32XX.c.obj)
                                0xaa4 (size before relaxing)
 .debug_str     0x0000166d      0x94e C:/ti/simplelink_cc32xx_sdk_7_10_00_13/source\ti/drivers/lib/gcc/m4/drivers_cc32xx.a(PowerCC32XX.c.obj)
                               0x126c (size before relaxing)
 .debug_str     0x00001fbb      0x19f C:/ti/simplelink_cc32xx_sdk_7_10_00_13/source\ti/drivers/lib/gcc/m4/drivers_cc32xx.a(Timer.c.obj)
                                0xaf9 (size before relaxing)
 .debug_str     0x0000215a      0x2a0 C:/ti/simplelink_cc32xx_sdk_7_10_00_13/source\ti/drivers/lib/gcc/m4/drivers_cc32xx.a(TimerCC32XX.c.obj)
                                0xa4d (size before relaxing)
 .debug_str     0x000023fa       0xf5 C:/ti/simplelink_cc32xx_sdk_7_10_00_13/source\ti/drivers/lib/gcc/m4/drivers_cc32xx.a(List.c.obj)
                                0x76c (size before relaxing)
 .debug_str     0x000024ef      0x1dc C:/ti/simplelink_cc32xx_sdk_7_10_00_13/kernel/nortos\lib/gcc/m4/nortos_cc32xx.a(NoRTOS.c.obj)
                                0x3e7 (size before relaxing)
 .debug_str     0x000026cb      0x256 C:/ti/simplelink_cc32xx_sdk_7_10_00_13/kernel/nortos\lib/gcc/m4/nortos_cc32xx.a(SemaphoreP_nortos.c.obj)
                                0xa16 (size before relaxing)
 .debug_str     0x00002921      0x330 C:/ti/simplelink_cc32xx_sdk_7_10_00_13/kernel/nortos\lib/gcc/m4/nortos_cc32xx.a(ClockPSysTick_nortos.c.obj)
                                0xb73 (size before relaxing)
 .debug_str     0x00002c51      0x3e9 C:/ti/simplelink_cc32xx_sdk_7_10_00_13/kernel/nortos\lib/gcc/m4/nortos_cc32xx.a(HwiPCC32XX_nortos.c.obj)
                                0xb49 (size before relaxing)
 .debug_str     0x0000303a      0x200 C:/ti/simplelink_cc32xx_sdk_7_10_00_13/kernel/nortos\lib/gcc/m4/nortos_cc32xx.a(PowerCC32XX_nortos.c.obj)
                                0x7c1 (size before relaxing)
 .debug_str     0x0000323a      0x1db C:/ti/simplelink_cc32xx_sdk_7_10_00_13/kernel/nortos\lib/gcc/m4/nortos_cc32xx.a(startup_cc32xx_gcc.c.obj)
                                0x7fe (size before relaxing)
 .debug_str     0x00003415      0x37a C:/ti/simplelink_cc32xx_sdk_7_10_00_13/kernel/nortos\lib/gcc/m4/nortos_cc32xx.a(SwiP_nortos.c.obj)
                                0xac2 (size before relaxing)
 .debug_str     0x0000378f      0x19f C:/ti/simplelink_cc32xx_sdk_7_10_00_13/source\ti/devices/cc32xx/driverlib/gcc/Release/driverlib.a(cpu.obj)
                                0x1bc (size before relaxing)
 .debug_str     0x0000392e      0x140 C:/ti/simplelink_cc32xx_sdk_7_10_00_13/source\ti/devices/cc32xx/driverlib/gcc/Release/driverlib.a(gpio.obj)
                                0x2ec (size before relaxing)
 .debug_str     0x00003a6e      0x17f C:/ti/simplelink_cc32xx_sdk_7_10_00_13/source\ti/devices/cc32xx/driverlib/gcc/Release/driverlib.a(interrupt.obj)
                                0x34d (size before relaxing)
 .debug_str     0x00003bed      0x153 C:/ti/simplelink_cc32xx_sdk_7_10_00_13/source\ti/devices/cc32xx/driverlib/gcc/Release/driverlib.a(pin.obj)
                                0x32a (size before relaxing)
 .debug_str     0x00003d40      0x4f9 C:/ti/simplelink_cc32xx_sdk_7_10_00_13/source\ti/devices/cc32xx/driverlib/gcc/Release/driverlib.a(prcm.obj)
                                0x893 (size before relaxing)
 .debug_str     0x00004239       0xa5 C:/ti/simplelink_cc32xx_sdk_7_10_00_13/source\ti/devices/cc32xx/driverlib/gcc/Release/driverlib.a(systick.obj)
                                0x229 (size before relaxing)
 .debug_str     0x000042de      0x196 C:/ti/simplelink_cc32xx_sdk_7_10_00_13/source\ti/devices/cc32xx/driverlib/gcc/Release/driverlib.a(timer.obj)
                                0x362 (size before relaxing)
 .debug_str     0x00004474       0x65 C:/ti/simplelink_cc32xx_sdk_7_10_00_13/source\ti/devices/cc32xx/driverlib/gcc/Release/driverlib.a(utils.obj)
                                0x17e (size before relaxing)
 .debug_str     0x000044d9      0x1c4 C:/ti/simplelink_cc32xx_sdk_7_10_00_13/source\ti/devices/cc32xx/driverlib/gcc/Release/driverlib.a(flash.obj)
                                0x330 (size before relaxing)

.comment        0x00000000       0x79
 .comment       0x00000000       0x79 ./gpiointerrupt.o
                                 0x7a (size before relaxing)
 .comment       0x00000079       0x7a ./syscfg/ti_drivers_config.o
 .comment       0x00000079       0x7a ./main_nortos.o
 .comment       0x00000079       0x7a C:/ti/simplelink_cc32xx_sdk_7_10_00_13/source\ti/drivers/lib/gcc/m4/drivers_cc32xx.a(GPIO.c.obj)
 .comment       0x00000079       0x7a C:/ti/simplelink_cc32xx_sdk_7_10_00_13/source\ti/drivers/lib/gcc/m4/drivers_cc32xx.a(GPIOCC32XX.c.obj)
 .comment       0x00000079       0x7a C:/ti/simplelink_cc32xx_sdk_7_10_00_13/source\ti/drivers/lib/gcc/m4/drivers_cc32xx.a(PowerCC32XX.c.obj)
 .comment       0x00000079       0x7a C:/ti/simplelink_cc32xx_sdk_7_10_00_13/source\ti/drivers/lib/gcc/m4/drivers_cc32xx.a(Timer.c.obj)
 .comment       0x00000079       0x7a C:/ti/simplelink_cc32xx_sdk_7_10_00_13/source\ti/drivers/lib/gcc/m4/drivers_cc32xx.a(TimerCC32XX.c.obj)
 .comment       0x00000079       0x7a C:/ti/simplelink_cc32xx_sdk_7_10_00_13/source\ti/drivers/lib/gcc/m4/drivers_cc32xx.a(List.c.obj)
 .comment       0x00000079       0x7a C:/ti/simplelink_cc32xx_sdk_7_10_00_13/kernel/nortos\lib/gcc/m4/nortos_cc32xx.a(NoRTOS.c.obj)
 .comment       0x00000079       0x7a C:/ti/simplelink_cc32xx_sdk_7_10_00_13/kernel/nortos\lib/gcc/m4/nortos_cc32xx.a(SemaphoreP_nortos.c.obj)
 .comment       0x00000079       0x7a C:/ti/simplelink_cc32xx_sdk_7_10_00_13/kernel/nortos\lib/gcc/m4/nortos_cc32xx.a(ClockPSysTick_nortos.c.obj)
 .comment       0x00000079       0x7a C:/ti/simplelink_cc32xx_sdk_7_10_00_13/kernel/nortos\lib/gcc/m4/nortos_cc32xx.a(HwiPCC32XX_nortos.c.obj)
 .comment       0x00000079       0x7a C:/ti/simplelink_cc32xx_sdk_7_10_00_13/kernel/nortos\lib/gcc/m4/nortos_cc32xx.a(PowerCC32XX_nortos.c.obj)
 .comment       0x00000079       0x7a C:/ti/simplelink_cc32xx_sdk_7_10_00_13/kernel/nortos\lib/gcc/m4/nortos_cc32xx.a(startup_cc32xx_gcc.c.obj)
 .comment       0x00000079       0x7a C:/ti/simplelink_cc32xx_sdk_7_10_00_13/kernel/nortos\lib/gcc/m4/nortos_cc32xx.a(SwiP_nortos.c.obj)
 .comment       0x00000079       0x7a C:/ti/simplelink_cc32xx_sdk_7_10_00_13/source\ti/devices/cc32xx/driverlib/gcc/Release/driverlib.a(cpu.obj)
 .comment       0x00000079       0x7a C:/ti/simplelink_cc32xx_sdk_7_10_00_13/source\ti/devices/cc32xx/driverlib/gcc/Release/driverlib.a(gpio.obj)
 .comment       0x00000079       0x7a C:/ti/simplelink_cc32xx_sdk_7_10_00_13/source\ti/devices/cc32xx/driverlib/gcc/Release/driverlib.a(interrupt.obj)
 .comment       0x00000079       0x7a C:/ti/simplelink_cc32xx_sdk_7_10_00_13/source\ti/devices/cc32xx/driverlib/gcc/Release/driverlib.a(pin.obj)
 .comment       0x00000079       0x7a C:/ti/simplelink_cc32xx_sdk_7_10_00_13/source\ti/devices/cc32xx/driverlib/gcc/Release/driverlib.a(prcm.obj)
 .comment       0x00000079       0x7a C:/ti/simplelink_cc32xx_sdk_7_10_00_13/source\ti/devices/cc32xx/driverlib/gcc/Release/driverlib.a(systick.obj)
 .comment       0x00000079       0x7a C:/ti/simplelink_cc32xx_sdk_7_10_00_13/source\ti/devices/cc32xx/driverlib/gcc/Release/driverlib.a(timer.obj)
 .comment       0x00000079       0x7a C:/ti/simplelink_cc32xx_sdk_7_10_00_13/source\ti/devices/cc32xx/driverlib/gcc/Release/driverlib.a(utils.obj)
 .comment       0x00000079       0x7a C:/ti/simplelink_cc32xx_sdk_7_10_00_13/source\ti/devices/cc32xx/driverlib/gcc/Release/driverlib.a(flash.obj)

.ARM.attributes
                0x00000000       0x2c
 .ARM.attributes
                0x00000000       0x2e ./gpiointerrupt.o
 .ARM.attributes
                0x0000002e       0x2e ./syscfg/ti_drivers_config.o
 .ARM.attributes
                0x0000005c       0x2e ./main_nortos.o
 .ARM.attributes
                0x0000008a       0x2e C:/ti/simplelink_cc32xx_sdk_7_10_00_13/source\ti/drivers/lib/gcc/m4/drivers_cc32xx.a(GPIO.c.obj)
 .ARM.attributes
                0x000000b8       0x2e C:/ti/simplelink_cc32xx_sdk_7_10_00_13/source\ti/drivers/lib/gcc/m4/drivers_cc32xx.a(GPIOCC32XX.c.obj)
 .ARM.attributes
                0x000000e6       0x2e C:/ti/simplelink_cc32xx_sdk_7_10_00_13/source\ti/drivers/lib/gcc/m4/drivers_cc32xx.a(PowerCC32XX.c.obj)
 .ARM.attributes
                0x00000114       0x1c C:/ti/simplelink_cc32xx_sdk_7_10_00_13/source\ti/drivers/lib/gcc/m4/drivers_cc32xx.a(PowerCC32XX_gcc.asm.obj)
 .ARM.attributes
                0x00000130       0x2e C:/ti/simplelink_cc32xx_sdk_7_10_00_13/source\ti/drivers/lib/gcc/m4/drivers_cc32xx.a(Timer.c.obj)
 .ARM.attributes
                0x0000015e       0x2e C:/ti/simplelink_cc32xx_sdk_7_10_00_13/source\ti/drivers/lib/gcc/m4/drivers_cc32xx.a(TimerCC32XX.c.obj)
 .ARM.attributes
                0x0000018c       0x2e C:/ti/simplelink_cc32xx_sdk_7_10_00_13/source\ti/drivers/lib/gcc/m4/drivers_cc32xx.a(List.c.obj)
 .ARM.attributes
                0x000001ba       0x2e C:/ti/simplelink_cc32xx_sdk_7_10_00_13/kernel/nortos\lib/gcc/m4/nortos_cc32xx.a(NoRTOS.c.obj)
 .ARM.attributes
                0x000001e8       0x2e C:/ti/simplelink_cc32xx_sdk_7_10_00_13/kernel/nortos\lib/gcc/m4/nortos_cc32xx.a(SemaphoreP_nortos.c.obj)
 .ARM.attributes
                0x00000216       0x2e C:/ti/simplelink_cc32xx_sdk_7_10_00_13/kernel/nortos\lib/gcc/m4/nortos_cc32xx.a(ClockPSysTick_nortos.c.obj)
 .ARM.attributes
                0x00000244       0x2e C:/ti/simplelink_cc32xx_sdk_7_10_00_13/kernel/nortos\lib/gcc/m4/nortos_cc32xx.a(HwiPCC32XX_nortos.c.obj)
 .ARM.attributes
                0x00000272       0x2e C:/ti/simplelink_cc32xx_sdk_7_10_00_13/kernel/nortos\lib/gcc/m4/nortos_cc32xx.a(PowerCC32XX_nortos.c.obj)
 .ARM.attributes
                0x000002a0       0x2e C:/ti/simplelink_cc32xx_sdk_7_10_00_13/kernel/nortos\lib/gcc/m4/nortos_cc32xx.a(startup_cc32xx_gcc.c.obj)
 .ARM.attributes
                0x000002ce       0x2e C:/ti/simplelink_cc32xx_sdk_7_10_00_13/kernel/nortos\lib/gcc/m4/nortos_cc32xx.a(SwiP_nortos.c.obj)
 .ARM.attributes
                0x000002fc       0x2e C:/ti/simplelink_cc32xx_sdk_7_10_00_13/source\ti/devices/cc32xx/driverlib/gcc/Release/driverlib.a(cpu.obj)
 .ARM.attributes
                0x0000032a       0x2e C:/ti/simplelink_cc32xx_sdk_7_10_00_13/source\ti/devices/cc32xx/driverlib/gcc/Release/driverlib.a(gpio.obj)
 .ARM.attributes
                0x00000358       0x2e C:/ti/simplelink_cc32xx_sdk_7_10_00_13/source\ti/devices/cc32xx/driverlib/gcc/Release/driverlib.a(interrupt.obj)
 .ARM.attributes
                0x00000386       0x2e C:/ti/simplelink_cc32xx_sdk_7_10_00_13/source\ti/devices/cc32xx/driverlib/gcc/Release/driverlib.a(pin.obj)
 .ARM.attributes
                0x000003b4       0x2e C:/ti/simplelink_cc32xx_sdk_7_10_00_13/source\ti/devices/cc32xx/driverlib/gcc/Release/driverlib.a(prcm.obj)
 .ARM.attributes
                0x000003e2       0x2e C:/ti/simplelink_cc32xx_sdk_7_10_00_13/source\ti/devices/cc32xx/driverlib/gcc/Release/driverlib.a(systick.obj)
 .ARM.attributes
                0x00000410       0x2e C:/ti/simplelink_cc32xx_sdk_7_10_00_13/source\ti/devices/cc32xx/driverlib/gcc/Release/driverlib.a(timer.obj)
 .ARM.attributes
                0x0000043e       0x2e C:/ti/simplelink_cc32xx_sdk_7_10_00_13/source\ti/devices/cc32xx/driverlib/gcc/Release/driverlib.a(utils.obj)
 .ARM.attributes
                0x0000046c       0x2e C:/ti/simplelink_cc32xx_sdk_7_10_00_13/source\ti/devices/cc32xx/driverlib/gcc/Release/driverlib.a(flash.obj)
 .ARM.attributes
                0x0000049a       0x1e c:/ti/ccs1270/ccs/tools/compiler/gcc-arm-none-eabi-9-2019-q4-major/bin/../lib/gcc/arm-none-eabi/9.2.1/thumb/v7e-m/nofp\libgcc.a(_aeabi_uldivmod.o)
 .ARM.attributes
                0x000004b8       0x2e c:/ti/ccs1270/ccs/tools/compiler/gcc-arm-none-eabi-9-2019-q4-major/bin/../lib/gcc/arm-none-eabi/9.2.1/thumb/v7e-m/nofp\libgcc.a(_udivmoddi4.o)
 .ARM.attributes
                0x000004e6       0x1e c:/ti/ccs1270/ccs/tools/compiler/gcc-arm-none-eabi-9-2019-q4-major/bin/../lib/gcc/arm-none-eabi/9.2.1/thumb/v7e-m/nofp\libgcc.a(_dvmd_tls.o)
 .ARM.attributes
                0x00000504       0x2e C:/ti/ccs1270/ccs/tools/compiler/gcc-arm-none-eabi-9-2019-q4-major/arm-none-eabi/lib/thumb/v7e-m/nofp\libc_nano.a(lib_a-malloc.o)
 .ARM.attributes
                0x00000532       0x2e C:/ti/ccs1270/ccs/tools/compiler/gcc-arm-none-eabi-9-2019-q4-major/arm-none-eabi/lib/thumb/v7e-m/nofp\libc_nano.a(lib_a-memcpy-stub.o)
 .ARM.attributes
                0x00000560       0x2e C:/ti/ccs1270/ccs/tools/compiler/gcc-arm-none-eabi-9-2019-q4-major/arm-none-eabi/lib/thumb/v7e-m/nofp\libc_nano.a(lib_a-memset.o)
 .ARM.attributes
                0x0000058e       0x2e C:/ti/ccs1270/ccs/tools/compiler/gcc-arm-none-eabi-9-2019-q4-major/arm-none-eabi/lib/thumb/v7e-m/nofp\libc_nano.a(lib_a-nano-freer.o)
 .ARM.attributes
                0x000005bc       0x2e C:/ti/ccs1270/ccs/tools/compiler/gcc-arm-none-eabi-9-2019-q4-major/arm-none-eabi/lib/thumb/v7e-m/nofp\libc_nano.a(lib_a-nano-mallocr.o)
 .ARM.attributes
                0x000005ea       0x2e C:/ti/ccs1270/ccs/tools/compiler/gcc-arm-none-eabi-9-2019-q4-major/arm-none-eabi/lib/thumb/v7e-m/nofp\libc_nano.a(lib_a-sbrkr.o)
 .ARM.attributes
                0x00000618       0x2e C:/ti/ccs1270/ccs/tools/compiler/gcc-arm-none-eabi-9-2019-q4-major/arm-none-eabi/lib/thumb/v7e-m/nofp\libc_nano.a(lib_a-impure.o)
 .ARM.attributes
                0x00000646       0x2e C:/ti/ccs1270/ccs/tools/compiler/gcc-arm-none-eabi-9-2019-q4-major/arm-none-eabi/lib/thumb/v7e-m/nofp\libc_nano.a(lib_a-mlock.o)
 .ARM.attributes
                0x00000674       0x2e C:/ti/ccs1270/ccs/tools/compiler/gcc-arm-none-eabi-9-2019-q4-major/arm-none-eabi/lib/thumb/v7e-m/nofp\libc_nano.a(lib_a-reent.o)
 .ARM.attributes
                0x000006a2       0x2e C:/ti/ccs1270/ccs/tools/compiler/gcc-arm-none-eabi-9-2019-q4-major/arm-none-eabi/lib/thumb/v7e-m/nofp\libc_nano.a(lib_a-lock.o)
 .ARM.attributes
                0x000006d0       0x2e C:/ti/ccs1270/ccs/tools/compiler/gcc-arm-none-eabi-9-2019-q4-major/arm-none-eabi/lib/thumb/v7e-m/nofp\libnosys.a(sbrk.o)

.debug_frame    0x00000000     0x2d54
 .debug_frame   0x00000000       0xac ./gpiointerrupt.o
 .debug_frame   0x000000ac       0x38 ./syscfg/ti_drivers_config.o
 .debug_frame   0x000000e4       0x28 ./main_nortos.o
 .debug_frame   0x0000010c       0x50 C:/ti/simplelink_cc32xx_sdk_7_10_00_13/source\ti/drivers/lib/gcc/m4/drivers_cc32xx.a(GPIO.c.obj)
 .debug_frame   0x0000015c      0x1d0 C:/ti/simplelink_cc32xx_sdk_7_10_00_13/source\ti/drivers/lib/gcc/m4/drivers_cc32xx.a(GPIOCC32XX.c.obj)
 .debug_frame   0x0000032c      0x2fc C:/ti/simplelink_cc32xx_sdk_7_10_00_13/source\ti/drivers/lib/gcc/m4/drivers_cc32xx.a(PowerCC32XX.c.obj)
 .debug_frame   0x00000628       0xa4 C:/ti/simplelink_cc32xx_sdk_7_10_00_13/source\ti/drivers/lib/gcc/m4/drivers_cc32xx.a(Timer.c.obj)
 .debug_frame   0x000006cc      0x1b8 C:/ti/simplelink_cc32xx_sdk_7_10_00_13/source\ti/drivers/lib/gcc/m4/drivers_cc32xx.a(TimerCC32XX.c.obj)
 .debug_frame   0x00000884       0xf8 C:/ti/simplelink_cc32xx_sdk_7_10_00_13/source\ti/drivers/lib/gcc/m4/drivers_cc32xx.a(List.c.obj)
 .debug_frame   0x0000097c       0x4c C:/ti/simplelink_cc32xx_sdk_7_10_00_13/kernel/nortos\lib/gcc/m4/nortos_cc32xx.a(NoRTOS.c.obj)
 .debug_frame   0x000009c8      0x150 C:/ti/simplelink_cc32xx_sdk_7_10_00_13/kernel/nortos\lib/gcc/m4/nortos_cc32xx.a(SemaphoreP_nortos.c.obj)
 .debug_frame   0x00000b18      0x294 C:/ti/simplelink_cc32xx_sdk_7_10_00_13/kernel/nortos\lib/gcc/m4/nortos_cc32xx.a(ClockPSysTick_nortos.c.obj)
 .debug_frame   0x00000dac      0x1c8 C:/ti/simplelink_cc32xx_sdk_7_10_00_13/kernel/nortos\lib/gcc/m4/nortos_cc32xx.a(HwiPCC32XX_nortos.c.obj)
 .debug_frame   0x00000f74       0x58 C:/ti/simplelink_cc32xx_sdk_7_10_00_13/kernel/nortos\lib/gcc/m4/nortos_cc32xx.a(PowerCC32XX_nortos.c.obj)
 .debug_frame   0x00000fcc       0x9c C:/ti/simplelink_cc32xx_sdk_7_10_00_13/kernel/nortos\lib/gcc/m4/nortos_cc32xx.a(startup_cc32xx_gcc.c.obj)
 .debug_frame   0x00001068      0x274 C:/ti/simplelink_cc32xx_sdk_7_10_00_13/kernel/nortos\lib/gcc/m4/nortos_cc32xx.a(SwiP_nortos.c.obj)
 .debug_frame   0x000012dc       0x70 C:/ti/simplelink_cc32xx_sdk_7_10_00_13/source\ti/devices/cc32xx/driverlib/gcc/Release/driverlib.a(cpu.obj)
 .debug_frame   0x0000134c      0x260 C:/ti/simplelink_cc32xx_sdk_7_10_00_13/source\ti/devices/cc32xx/driverlib/gcc/Release/driverlib.a(gpio.obj)
 .debug_frame   0x000015ac      0x258 C:/ti/simplelink_cc32xx_sdk_7_10_00_13/source\ti/devices/cc32xx/driverlib/gcc/Release/driverlib.a(interrupt.obj)
 .debug_frame   0x00001804      0x32c C:/ti/simplelink_cc32xx_sdk_7_10_00_13/source\ti/devices/cc32xx/driverlib/gcc/Release/driverlib.a(pin.obj)
 .debug_frame   0x00001b30      0x828 C:/ti/simplelink_cc32xx_sdk_7_10_00_13/source\ti/devices/cc32xx/driverlib/gcc/Release/driverlib.a(prcm.obj)
 .debug_frame   0x00002358      0x138 C:/ti/simplelink_cc32xx_sdk_7_10_00_13/source\ti/devices/cc32xx/driverlib/gcc/Release/driverlib.a(systick.obj)
 .debug_frame   0x00002490      0x3c8 C:/ti/simplelink_cc32xx_sdk_7_10_00_13/source\ti/devices/cc32xx/driverlib/gcc/Release/driverlib.a(timer.obj)
 .debug_frame   0x00002858       0x20 C:/ti/simplelink_cc32xx_sdk_7_10_00_13/source\ti/devices/cc32xx/driverlib/gcc/Release/driverlib.a(utils.obj)
 .debug_frame   0x00002878      0x214 C:/ti/simplelink_cc32xx_sdk_7_10_00_13/source\ti/devices/cc32xx/driverlib/gcc/Release/driverlib.a(flash.obj)
 .debug_frame   0x00002a8c       0x2c c:/ti/ccs1270/ccs/tools/compiler/gcc-arm-none-eabi-9-2019-q4-major/bin/../lib/gcc/arm-none-eabi/9.2.1/thumb/v7e-m/nofp\libgcc.a(_aeabi_uldivmod.o)
 .debug_frame   0x00002ab8       0x34 c:/ti/ccs1270/ccs/tools/compiler/gcc-arm-none-eabi-9-2019-q4-major/bin/../lib/gcc/arm-none-eabi/9.2.1/thumb/v7e-m/nofp\libgcc.a(_udivmoddi4.o)
 .debug_frame   0x00002aec       0x30 C:/ti/ccs1270/ccs/tools/compiler/gcc-arm-none-eabi-9-2019-q4-major/arm-none-eabi/lib/thumb/v7e-m/nofp\libc_nano.a(lib_a-malloc.o)
 .debug_frame   0x00002b1c       0x28 C:/ti/ccs1270/ccs/tools/compiler/gcc-arm-none-eabi-9-2019-q4-major/arm-none-eabi/lib/thumb/v7e-m/nofp\libc_nano.a(lib_a-memcpy-stub.o)
 .debug_frame   0x00002b44       0x20 C:/ti/ccs1270/ccs/tools/compiler/gcc-arm-none-eabi-9-2019-q4-major/arm-none-eabi/lib/thumb/v7e-m/nofp\libc_nano.a(lib_a-memset.o)
 .debug_frame   0x00002b64       0x38 C:/ti/ccs1270/ccs/tools/compiler/gcc-arm-none-eabi-9-2019-q4-major/arm-none-eabi/lib/thumb/v7e-m/nofp\libc_nano.a(lib_a-nano-freer.o)
 .debug_frame   0x00002b9c       0x30 C:/ti/ccs1270/ccs/tools/compiler/gcc-arm-none-eabi-9-2019-q4-major/arm-none-eabi/lib/thumb/v7e-m/nofp\libc_nano.a(lib_a-nano-mallocr.o)
 .debug_frame   0x00002bcc       0x2c C:/ti/ccs1270/ccs/tools/compiler/gcc-arm-none-eabi-9-2019-q4-major/arm-none-eabi/lib/thumb/v7e-m/nofp\libc_nano.a(lib_a-sbrkr.o)
 .debug_frame   0x00002bf8       0x30 C:/ti/ccs1270/ccs/tools/compiler/gcc-arm-none-eabi-9-2019-q4-major/arm-none-eabi/lib/thumb/v7e-m/nofp\libc_nano.a(lib_a-mlock.o)
 .debug_frame   0x00002c28       0x5c C:/ti/ccs1270/ccs/tools/compiler/gcc-arm-none-eabi-9-2019-q4-major/arm-none-eabi/lib/thumb/v7e-m/nofp\libc_nano.a(lib_a-reent.o)
 .debug_frame   0x00002c84       0xb0 C:/ti/ccs1270/ccs/tools/compiler/gcc-arm-none-eabi-9-2019-q4-major/arm-none-eabi/lib/thumb/v7e-m/nofp\libc_nano.a(lib_a-lock.o)
 .debug_frame   0x00002d34       0x20 C:/ti/ccs1270/ccs/tools/compiler/gcc-arm-none-eabi-9-2019-q4-major/arm-none-eabi/lib/thumb/v7e-m/nofp\libnosys.a(sbrk.o)