Archive member included to satisfy reference by file (symbol)

C:/ti/simplelink_cc32xx_sdk_7_10_00_13/source\ti/drivers/lib/gcc/m4/drivers_cc32xx.a(GPIOCC32XX.c.obj)
                              ./syscfg/ti_drivers_config.o (GPIO_init)
C:/ti/simplelink_cc32xx_sdk_7_10_00_13/source\ti/drivers/lib/gcc/m4/drivers_cc32xx.a(PowerCC32XX.c.obj)
                              ./syscfg/ti_drivers_config.o (Power_init)
C:/ti/simplelink_cc32xx_sdk_7_10_00_13/source\ti/drivers/lib/gcc/m4/drivers_cc32xx.a(PowerCC32XX_gcc.asm.obj)
                              C:/ti/simplelink_cc32xx_sdk_7_10_00_13/source\ti/drivers/lib/gcc/m4/drivers_cc32xx.a(PowerCC32XX.c.obj) (PowerCC32XX_enterLPDS)
C:/ti/simplelink_cc32xx_sdk_7_10_00_13/source\ti/drivers/lib/gcc/m4/drivers_cc32xx.a(PWM.c.obj)
                              ./pwmled2.o (PWM_init)
C:/ti/simplelink_cc32xx_sdk_7_10_00_13/source\ti/drivers/lib/gcc/m4/drivers_cc32xx.a(PWMTimerCC32XX.c.obj)
                              ./syscfg/ti_drivers_config.o (PWMTimerCC32XX_fxnTable)
C:/ti/simplelink_cc32xx_sdk_7_10_00_13/source\ti/drivers/lib/gcc/m4/drivers_cc32xx.a(TimerCC32XX.c.obj)
                              C:/ti/simplelink_cc32xx_sdk_7_10_00_13/source\ti/drivers/lib/gcc/m4/drivers_cc32xx.a(PWMTimerCC32XX.c.obj) (TimerCC32XX_allocateTimerResource)
C:/ti/simplelink_cc32xx_sdk_7_10_00_13/source\ti/drivers/lib/gcc/m4/drivers_cc32xx.a(List.c.obj)
                              C:/ti/simplelink_cc32xx_sdk_7_10_00_13/source\ti/drivers/lib/gcc/m4/drivers_cc32xx.a(PowerCC32XX.c.obj) (List_put)
C:/ti/simplelink_cc32xx_sdk_7_10_00_13/source\ti/drivers/lib/gcc/m4/drivers_cc32xx.a(Timer.c.obj)
                              C:/ti/simplelink_cc32xx_sdk_7_10_00_13/source\ti/drivers/lib/gcc/m4/drivers_cc32xx.a(TimerCC32XX.c.obj) (Timer_stop)
C:/ti/simplelink_cc32xx_sdk_7_10_00_13/kernel/nortos\lib/gcc/m4/nortos_cc32xx.a(NoRTOS.c.obj)
                              ./main_nortos.o (NoRTOS_start)
C:/ti/simplelink_cc32xx_sdk_7_10_00_13/kernel/nortos\lib/gcc/m4/nortos_cc32xx.a(posix_sleep.c.obj)
                              ./pwmled2.o (usleep)
C:/ti/simplelink_cc32xx_sdk_7_10_00_13/kernel/nortos\lib/gcc/m4/nortos_cc32xx.a(SemaphoreP_nortos.c.obj)
                              C:/ti/simplelink_cc32xx_sdk_7_10_00_13/source\ti/drivers/lib/gcc/m4/drivers_cc32xx.a(TimerCC32XX.c.obj) (SemaphoreP_constructBinary)
C:/ti/simplelink_cc32xx_sdk_7_10_00_13/kernel/nortos\lib/gcc/m4/nortos_cc32xx.a(ClockPSysTick_nortos.c.obj)
                              C:/ti/simplelink_cc32xx_sdk_7_10_00_13/kernel/nortos\lib/gcc/m4/nortos_cc32xx.a(SemaphoreP_nortos.c.obj) (ClockP_add)
C:/ti/simplelink_cc32xx_sdk_7_10_00_13/kernel/nortos\lib/gcc/m4/nortos_cc32xx.a(HwiPCC32XX_nortos.c.obj)
                              C:/ti/simplelink_cc32xx_sdk_7_10_00_13/kernel/nortos\lib/gcc/m4/nortos_cc32xx.a(NoRTOS.c.obj) (HwiP_enable)
C:/ti/simplelink_cc32xx_sdk_7_10_00_13/kernel/nortos\lib/gcc/m4/nortos_cc32xx.a(PowerCC32XX_nortos.c.obj)
                              ./syscfg/ti_drivers_config.o (PowerCC32XX_initPolicy)
C:/ti/simplelink_cc32xx_sdk_7_10_00_13/kernel/nortos\lib/gcc/m4/nortos_cc32xx.a(startup_cc32xx_gcc.c.obj)
                              (resetISR)
C:/ti/simplelink_cc32xx_sdk_7_10_00_13/kernel/nortos\lib/gcc/m4/nortos_cc32xx.a(SwiP_nortos.c.obj)
                              C:/ti/simplelink_cc32xx_sdk_7_10_00_13/kernel/nortos\lib/gcc/m4/nortos_cc32xx.a(PowerCC32XX_nortos.c.obj) (SwiP_disable)
C:/ti/simplelink_cc32xx_sdk_7_10_00_13/source\ti/devices/cc32xx/driverlib/gcc/Release/driverlib.a(cpu.obj)
                              C:/ti/simplelink_cc32xx_sdk_7_10_00_13/kernel/nortos\lib/gcc/m4/nortos_cc32xx.a(HwiPCC32XX_nortos.c.obj) (CPUprimask)
C:/ti/simplelink_cc32xx_sdk_7_10_00_13/source\ti/devices/cc32xx/driverlib/gcc/Release/driverlib.a(gpio.obj)
                              C:/ti/simplelink_cc32xx_sdk_7_10_00_13/source\ti/drivers/lib/gcc/m4/drivers_cc32xx.a(GPIOCC32XX.c.obj) (GPIODirModeSet)
C:/ti/simplelink_cc32xx_sdk_7_10_00_13/source\ti/devices/cc32xx/driverlib/gcc/Release/driverlib.a(hwspinlock.obj)
                              C:/ti/simplelink_cc32xx_sdk_7_10_00_13/source\ti/drivers/lib/gcc/m4/drivers_cc32xx.a(PowerCC32XX.c.obj) (HwSpinLockTryAcquire)
C:/ti/simplelink_cc32xx_sdk_7_10_00_13/source\ti/devices/cc32xx/driverlib/gcc/Release/driverlib.a(interrupt.obj)
                              C:/ti/simplelink_cc32xx_sdk_7_10_00_13/kernel/nortos\lib/gcc/m4/nortos_cc32xx.a(HwiPCC32XX_nortos.c.obj) (IntMasterEnable)
C:/ti/simplelink_cc32xx_sdk_7_10_00_13/source\ti/devices/cc32xx/driverlib/gcc/Release/driverlib.a(pin.obj)
                              C:/ti/simplelink_cc32xx_sdk_7_10_00_13/source\ti/drivers/lib/gcc/m4/drivers_cc32xx.a(GPIOCC32XX.c.obj) (PinModeSet)
C:/ti/simplelink_cc32xx_sdk_7_10_00_13/source\ti/devices/cc32xx/driverlib/gcc/Release/driverlib.a(prcm.obj)
[...]
Memory Configuration

Name             Origin             Length             Attributes
FLASH_HDR        0x01000000         0x000007ff         xr
FLASH            0x01000800         0x000ff800         xr
SRAM             0x20000000         0x00040000         xrw
LOG_DATA         0x90000000         0x00040000         r
LOG_PTR          0x94000008         0x00040000         r
*default*        0x00000000         0xffffffff

Linker script and memory map

LOAD ./main_nortos.o
LOAD ./pwmled2.o
LOAD ./syscfg/ti_drivers_config.o
                0x00001000                STACKSIZE = 0x1000
                0x00008000                HEAP_SIZE = 0x8000

.dbghdr
 *(.dbghdr)
                0x01000800                PROVIDE (_resetVecs_base_address = DEFINED (_resetVecs_base_address)?_resetVecs_base_address:0x1000800)

.resetVecs      0x01000800       0x40
 *(.resetVecs)
 .resetVecs     0x01000800       0x40 C:/ti/simplelink_cc32xx_sdk_7_10_00_13/kernel/nortos\lib/gcc/m4/nortos_cc32xx.a(startup_cc32xx_gcc.c.obj)

.ramVecs        0x20000000      0x30c
 *(.ramVecs)
 .ramVecs       0x20000000      0x30c C:/ti/simplelink_cc32xx_sdk_7_10_00_13/kernel/nortos\lib/gcc/m4/nortos_cc32xx.a(startup_cc32xx_gcc.c.obj)

.text           0x01000840     0x3ac8
 CREATE_OBJECT_SYMBOLS
 *(.text)
 .text          0x01000840       0x98 C:/ti/simplelink_cc32xx_sdk_7_10_00_13/source\ti/drivers/lib/gcc/m4/drivers_cc32xx.a(PowerCC32XX_gcc.asm.obj)
                0x01000840                PowerCC32XX_enterLPDS
                0x01000884                PowerCC32XX_resumeLPDS
 .text          0x010008d8       0x30 c:/ti/ccs1270/ccs/tools/compiler/gcc-arm-none-eabi-9-2019-q4-major/bin/../lib/gcc/arm-none-eabi/9.2.1/thumb/v7e-m/nofp\libgcc.a(_aeabi_uldivmod.o)
                0x010008d8                __aeabi_uldivmod
 .text          0x01000908      0x2c0 c:/ti/ccs1270/ccs/tools/compiler/gcc-arm-none-eabi-9-2019-q4-major/bin/../lib/gcc/arm-none-eabi/9.2.1/thumb/v7e-m/nofp\libgcc.a(_udivmoddi4.o)
                0x01000908                __udivmoddi4
 .text          0x01000bc8        0x4 c:/ti/ccs1270/ccs/tools/compiler/gcc-arm-none-eabi-9-2019-q4-major/bin/../lib/gcc/arm-none-eabi/9.2.1/thumb/v7e-m/nofp\libgcc.a(_dvmd_tls.o)
                0x01000bc8                __aeabi_idiv0
                0x01000bc8                __aeabi_ldiv0
 *(.text.*)
 .text.startup.main
                0x01000bcc       0x14 ./main_nortos.o
                0x01000bcc                main
 .text.mainThread
                0x01000be0       0x7c ./pwmled2.o
                0x01000be0                mainThread
 .text.Board_initHook
                0x01000c5c        0x4 ./syscfg/ti_drivers_config.o
                0x01000c5c                Board_initHook
 .text.Board_init
                0x01000c60       0x14 ./syscfg/ti_drivers_config.o
                0x01000c60                Board_init
 .text.GPIO_hwiIntFxn
                0x01000c74       0x54 C:/ti/simplelink_cc32xx_sdk_7_10_00_13/source\ti/drivers/lib/gcc/m4/drivers_cc32xx.a(GPIOCC32XX.c.obj)
                0x01000c74                GPIO_hwiIntFxn
 .text.GPIO_setInterruptConfig
                0x01000cc8       0x9c C:/ti/simplelink_cc32xx_sdk_7_10_00_13/source\ti/drivers/lib/gcc/m4/drivers_cc32xx.a(GPIOCC32XX.c.obj)
                0x01000cc8                GPIO_setInterruptConfig
 .text.GPIO_setConfig
                0x01000d64      0x160 C:/ti/simplelink_cc32xx_sdk_7_10_00_13/source\ti/drivers/lib/gcc/m4/drivers_cc32xx.a(GPIOCC32XX.c.obj)
                0x01000d64                GPIO_setConfig
 .text.GPIO_init
                0x01000ec4       0xa0 C:/ti/simplelink_cc32xx_sdk_7_10_00_13/source\ti/drivers/lib/gcc/m4/drivers_cc32xx.a(GPIOCC32XX.c.obj)
                0x01000ec4                GPIO_init
 .text.powerNotifyFxn
                0x01000f64       0x84 C:/ti/simplelink_cc32xx_sdk_7_10_00_13/source\ti/drivers/lib/gcc/m4/drivers_cc32xx.a(GPIOCC32XX.c.obj)
 .text.Power_disablePolicy
                0x01000fe8       0x14 C:/ti/simplelink_cc32xx_sdk_7_10_00_13/source\ti/drivers/lib/gcc/m4/drivers_cc32xx.a(PowerCC32XX.c.obj)
                0x01000fe8                Power_disablePolicy
 .text.Power_enablePolicy
                0x01000ffc       0x10 C:/ti/simplelink_cc32xx_sdk_7_10_00_13/source\ti/drivers/lib/gcc/m4/drivers_cc32xx.a(PowerCC32XX.c.obj)
                0x01000ffc                Power_enablePolicy
 .text.Power_getConstraintMask
                0x0100100c        0xc C:/ti/simplelink_cc32xx_sdk_7_10_00_13/source\ti/drivers/lib/gcc/m4/drivers_cc32xx.a(PowerCC32XX.c.obj)
                0x0100100c                Power_getConstraintMask
 .text.Power_getTransitionLatency
                0x01001018       0x14 C:/ti/simplelink_cc32xx_sdk_7_10_00_13/source\ti/drivers/lib/gcc/m4/drivers_cc32xx.a(PowerCC32XX.c.obj)
                0x01001018                Power_getTransitionLatency
 .text.Power_idleFunc
                0x0100102c       0x14 C:/ti/simplelink_cc32xx_sdk_7_10_00_13/source\ti/drivers/lib/gcc/m4/drivers_cc32xx.a(PowerCC32XX.c.obj)
                0x0100102c                Power_idleFunc
 .text.Power_init
                0x01001040       0xd8 C:/ti/simplelink_cc32xx_sdk_7_10_00_13/source\ti/drivers/lib/gcc/m4/drivers_cc32xx.a(PowerCC32XX.c.obj)
                0x01001040                Power_init
 .text.Power_registerNotify
                0x01001118       0x24 C:/ti/simplelink_cc32xx_sdk_7_10_00_13/source\ti/drivers/lib/gcc/m4/drivers_cc32xx.a(PowerCC32XX.c.obj)
                0x01001118                Power_registerNotify
 .text.Power_releaseConstraint
                0x0100113c       0x4c C:/ti/simplelink_cc32xx_sdk_7_10_00_13/source\ti/drivers/lib/gcc/m4/drivers_cc32xx.a(PowerCC32XX.c.obj)
                0x0100113c                Power_releaseConstraint
 .text.Power_releaseDependency
                0x01001188       0x54 C:/ti/simplelink_cc32xx_sdk_7_10_00_13/source\ti/drivers/lib/gcc/m4/drivers_cc32xx.a(PowerCC32XX.c.obj)
                0x01001188                Power_releaseDependency
 .text.Power_setConstraint
                0x010011dc       0x38 C:/ti/simplelink_cc32xx_sdk_7_10_00_13/source\ti/drivers/lib/gcc/m4/drivers_cc32xx.a(PowerCC32XX.c.obj)
                0x010011dc                Power_setConstraint
 .text.Power_setDependency
                0x01001214       0x78 C:/ti/simplelink_cc32xx_sdk_7_10_00_13/source\ti/drivers/lib/gcc/m4/drivers_cc32xx.a(PowerCC32XX.c.obj)
                0x01001214                Power_setDependency
 .text.Power_sleep
                0x0100128c      0x554 C:/ti/simplelink_cc32xx_sdk_7_10_00_13/source\ti/drivers/lib/gcc/m4/drivers_cc32xx.a(PowerCC32XX.c.obj)
                0x0100128c                Power_sleep
 .text.Power_unregisterNotify
                0x010017e0       0x20 C:/ti/simplelink_cc32xx_sdk_7_10_00_13/source\ti/drivers/lib/gcc/m4/drivers_cc32xx.a(PowerCC32XX.c.obj)
                0x010017e0                Power_unregisterNotify
 .text.PowerCC32XX_setParkState
                0x01001800       0x64 C:/ti/simplelink_cc32xx_sdk_7_10_00_13/source\ti/drivers/lib/gcc/m4/drivers_cc32xx.a(PowerCC32XX.c.obj)
                0x01001800                PowerCC32XX_setParkState
 .text.PWM_init
                0x01001864       0x4c C:/ti/simplelink_cc32xx_sdk_7_10_00_13/source\ti/drivers/lib/gcc/m4/drivers_cc32xx.a(PWM.c.obj)
                0x01001864                PWM_init
 .text.PWM_open
                0x010018b0       0x44 C:/ti/simplelink_cc32xx_sdk_7_10_00_13/source\ti/drivers/lib/gcc/m4/drivers_cc32xx.a(PWM.c.obj)
                0x010018b0                PWM_open
 .text.PWM_Params_init
                0x010018f4       0x1c C:/ti/simplelink_cc32xx_sdk_7_10_00_13/source\ti/drivers/lib/gcc/m4/drivers_cc32xx.a(PWM.c.obj)
                0x010018f4                PWM_Params_init
 .text.PWM_setDuty
                0x01001910        0x8 C:/ti/simplelink_cc32xx_sdk_7_10_00_13/source\ti/drivers/lib/gcc/m4/drivers_cc32xx.a(PWM.c.obj)
                0x01001910                PWM_setDuty
 .text.PWM_start
                0x01001918        0x8 C:/ti/simplelink_cc32xx_sdk_7_10_00_13/source\ti/drivers/lib/gcc/m4/drivers_cc32xx.a(PWM.c.obj)
                0x01001918                PWM_start
 .text.PWMTimerCC32XX_control
                0x01001920        0x8 C:/ti/simplelink_cc32xx_sdk_7_10_00_13/source\ti/drivers/lib/gcc/m4/drivers_cc32xx.a(PWMTimerCC32XX.c.obj)
                0x01001920                PWMTimerCC32XX_control
 .text.PWMTimerCC32XX_init
                0x01001928        0x4 C:/ti/simplelink_cc32xx_sdk_7_10_00_13/source\ti/drivers/lib/gcc/m4/drivers_cc32xx.a(PWMTimerCC32XX.c.obj)
                0x01001928                PWMTimerCC32XX_init
 .text.PWMTimerCC32XX_start
                0x0100192c       0x60 C:/ti/simplelink_cc32xx_sdk_7_10_00_13/source\ti/drivers/lib/gcc/m4/drivers_cc32xx.a(PWMTimerCC32XX.c.obj)
                0x0100192c                PWMTimerCC32XX_start
 .text.PWMTimerCC32XX_stop
                0x0100198c       0xbc C:/ti/simplelink_cc32xx_sdk_7_10_00_13/source\ti/drivers/lib/gcc/m4/drivers_cc32xx.a(PWMTimerCC32XX.c.obj)
                0x0100198c                PWMTimerCC32XX_stop
 .text.PWMTimerCC32XX_close
                0x01001a48       0xe0 C:/ti/simplelink_cc32xx_sdk_7_10_00_13/source\ti/drivers/lib/gcc/m4/drivers_cc32xx.a(PWMTimerCC32XX.c.obj)
                0x01001a48                PWMTimerCC32XX_close
 .text.PWMTimerCC32XX_setDuty
                0x01001b28       0xf4 C:/ti/simplelink_cc32xx_sdk_7_10_00_13/source\ti/drivers/lib/gcc/m4/drivers_cc32xx.a(PWMTimerCC32XX.c.obj)
                0x01001b28                PWMTimerCC32XX_setDuty
 .text.PWMTimerCC32XX_setPeriod
                0x01001c1c       0xd0 C:/ti/simplelink_cc32xx_sdk_7_10_00_13/source\ti/drivers/lib/gcc/m4/drivers_cc32xx.a(PWMTimerCC32XX.c.obj)
                0x01001c1c                PWMTimerCC32XX_setPeriod
 .text.initHw   0x01001cec       0x9c C:/ti/simplelink_cc32xx_sdk_7_10_00_13/source\ti/drivers/lib/gcc/m4/drivers_cc32xx.a(PWMTimerCC32XX.c.obj)
 .text.postNotifyFxn
                0x01001d88       0x14 C:/ti/simplelink_cc32xx_sdk_7_10_00_13/source\ti/drivers/lib/gcc/m4/drivers_cc32xx.a(PWMTimerCC32XX.c.obj)
 .text.PWMTimerCC32XX_open
                0x01001d9c      0x14c C:/ti/simplelink_cc32xx_sdk_7_10_00_13/source\ti/drivers/lib/gcc/m4/drivers_cc32xx.a(PWMTimerCC32XX.c.obj)
                0x01001d9c                PWMTimerCC32XX_open
 .text.PWMTimerCC32XX_setDutyAndPeriod
                0x01001ee8      0x240 C:/ti/simplelink_cc32xx_sdk_7_10_00_13/source\ti/drivers/lib/gcc/m4/drivers_cc32xx.a(PWMTimerCC32XX.c.obj)
                0x01001ee8                PWMTimerCC32XX_setDutyAndPeriod
 .text.TimerCC32XX_allocateTimerResource
                0x01002128       0x78 C:/ti/simplelink_cc32xx_sdk_7_10_00_13/source\ti/drivers/lib/gcc/m4/drivers_cc32xx.a(TimerCC32XX.c.obj)
                0x01002128                TimerCC32XX_allocateTimerResource
 .text.TimerCC32XX_freeTimerResource
                0x010021a0       0x7c C:/ti/simplelink_cc32xx_sdk_7_10_00_13/source\ti/drivers/lib/gcc/m4/drivers_cc32xx.a(TimerCC32XX.c.obj)
                0x010021a0                TimerCC32XX_freeTimerResource
 .text.List_put
                0x0100221c       0x2c C:/ti/simplelink_cc32xx_sdk_7_10_00_13/source\ti/drivers/lib/gcc/m4/drivers_cc32xx.a(List.c.obj)
                0x0100221c                List_put
 .text.List_remove
                0x01002248       0x30 C:/ti/simplelink_cc32xx_sdk_7_10_00_13/source\ti/drivers/lib/gcc/m4/drivers_cc32xx.a(List.c.obj)
                0x01002248                List_remove
 .text.NoRTOS_start
                0x01002278        0x4 C:/ti/simplelink_cc32xx_sdk_7_10_00_13/kernel/nortos\lib/gcc/m4/nortos_cc32xx.a(NoRTOS.c.obj)
                0x01002278                NoRTOS_start
 .text.usleep   0x0100227c        0x4 C:/ti/simplelink_cc32xx_sdk_7_10_00_13/kernel/nortos\lib/gcc/m4/nortos_cc32xx.a(posix_sleep.c.obj)
                0x0100227c                usleep
 .text.clkFxn   0x01002280        0x4 C:/ti/simplelink_cc32xx_sdk_7_10_00_13/kernel/nortos\lib/gcc/m4/nortos_cc32xx.a(SemaphoreP_nortos.c.obj)
                0x01002280                clkFxn
 .text.SemaphoreP_construct
                0x01002284       0x60 C:/ti/simplelink_cc32xx_sdk_7_10_00_13/kernel/nortos\lib/gcc/m4/nortos_cc32xx.a(SemaphoreP_nortos.c.obj)
                0x01002284                SemaphoreP_construct
 .text.SemaphoreP_createBinary
                0x010022e4       0x40 C:/ti/simplelink_cc32xx_sdk_7_10_00_13/kernel/nortos\lib/gcc/m4/nortos_cc32xx.a(SemaphoreP_nortos.c.obj)
                0x010022e4                SemaphoreP_createBinary
 .text.SemaphoreP_destruct
                0x01002324        0x4 C:/ti/simplelink_cc32xx_sdk_7_10_00_13/kernel/nortos\lib/gcc/m4/nortos_cc32xx.a(SemaphoreP_nortos.c.obj)
                0x01002324                SemaphoreP_destruct
 .text.SemaphoreP_delete
                0x01002328        0x4 C:/ti/simplelink_cc32xx_sdk_7_10_00_13/kernel/nortos\lib/gcc/m4/nortos_cc32xx.a(SemaphoreP_nortos.c.obj)
                0x01002328                SemaphoreP_delete
 .text.SemaphoreP_pend
                0x0100232c       0xfc C:/ti/simplelink_cc32xx_sdk_7_10_00_13/kernel/nortos\lib/gcc/m4/nortos_cc32xx.a(SemaphoreP_nortos.c.obj)
                0x0100232c                SemaphoreP_pend
 .text.SemaphoreP_post
                0x01002428       0x44 C:/ti/simplelink_cc32xx_sdk_7_10_00_13/kernel/nortos\lib/gcc/m4/nortos_cc32xx.a(SemaphoreP_nortos.c.obj)
                0x01002428                SemaphoreP_post
 .text.ClockP_sysTickHandler
                0x0100246c       0x7c C:/ti/simplelink_cc32xx_sdk_7_10_00_13/kernel/nortos\lib/gcc/m4/nortos_cc32xx.a(ClockPSysTick_nortos.c.obj)
                0x0100246c                ClockP_sysTickHandler
 .text.ClockP_add
                0x010024e8       0x14 C:/ti/simplelink_cc32xx_sdk_7_10_00_13/kernel/nortos\lib/gcc/m4/nortos_cc32xx.a(ClockPSysTick_nortos.c.obj)
                0x010024e8                ClockP_add
 .text.ClockP_destruct
                0x010024fc       0x44 C:/ti/simplelink_cc32xx_sdk_7_10_00_13/kernel/nortos\lib/gcc/m4/nortos_cc32xx.a(ClockPSysTick_nortos.c.obj)
                0x010024fc                ClockP_destruct
 .text.ClockP_doTick
                0x01002540        0x4 C:/ti/simplelink_cc32xx_sdk_7_10_00_13/kernel/nortos\lib/gcc/m4/nortos_cc32xx.a(ClockPSysTick_nortos.c.obj)
                0x01002540                ClockP_doTick
 .text.ClockP_getCpuFreq
                0x01002544       0x10 C:/ti/simplelink_cc32xx_sdk_7_10_00_13/kernel/nortos\lib/gcc/m4/nortos_cc32xx.a(ClockPSysTick_nortos.c.obj)
                0x01002544                ClockP_getCpuFreq
 .text.ClockP_getSystemTicks
                0x01002554       0x70 C:/ti/simplelink_cc32xx_sdk_7_10_00_13/kernel/nortos\lib/gcc/m4/nortos_cc32xx.a(ClockPSysTick_nortos.c.obj)
                0x01002554                ClockP_getSystemTicks
 .text.ClockP_getTicksUntilInterrupt
                0x010025c4       0x40 C:/ti/simplelink_cc32xx_sdk_7_10_00_13/kernel/nortos\lib/gcc/m4/nortos_cc32xx.a(ClockPSysTick_nortos.c.obj)
                0x010025c4                ClockP_getTicksUntilInterrupt
 .text.ClockP_isActive
                0x01002604        0xc C:/ti/simplelink_cc32xx_sdk_7_10_00_13/kernel/nortos\lib/gcc/m4/nortos_cc32xx.a(ClockPSysTick_nortos.c.obj)
                0x01002604                ClockP_isActive
 .text.ClockP_setTicks
                0x01002610       0x10 C:/ti/simplelink_cc32xx_sdk_7_10_00_13/kernel/nortos\lib/gcc/m4/nortos_cc32xx.a(ClockPSysTick_nortos.c.obj)
                0x01002610                ClockP_setTicks
 .text.ClockP_start
                0x01002620       0xa8 C:/ti/simplelink_cc32xx_sdk_7_10_00_13/kernel/nortos\lib/gcc/m4/nortos_cc32xx.a(ClockPSysTick_nortos.c.obj)
                0x01002620                ClockP_start
 .text.ClockP_startup
                0x010026c8       0x68 C:/ti/simplelink_cc32xx_sdk_7_10_00_13/kernel/nortos\lib/gcc/m4/nortos_cc32xx.a(ClockPSysTick_nortos.c.obj)
                0x010026c8                ClockP_startup
 .text.ClockP_usleep
                0x01002730      0x16c C:/ti/simplelink_cc32xx_sdk_7_10_00_13/kernel/nortos\lib/gcc/m4/nortos_cc32xx.a(ClockPSysTick_nortos.c.obj)
                0x01002730                ClockP_usleep
 .text.HwiP_dispatch
                0x0100289c       0x1c C:/ti/simplelink_cc32xx_sdk_7_10_00_13/kernel/nortos\lib/gcc/m4/nortos_cc32xx.a(HwiPCC32XX_nortos.c.obj)
                0x0100289c                HwiP_dispatch
 .text.HwiP_enable
                0x010028b8        0x4 C:/ti/simplelink_cc32xx_sdk_7_10_00_13/kernel/nortos\lib/gcc/m4/nortos_cc32xx.a(HwiPCC32XX_nortos.c.obj)
                0x010028b8                HwiP_enable
 .text.HwiP_disable
                0x010028bc        0x8 C:/ti/simplelink_cc32xx_sdk_7_10_00_13/kernel/nortos\lib/gcc/m4/nortos_cc32xx.a(HwiPCC32XX_nortos.c.obj)
                0x010028bc                HwiP_disable
 .text.HwiP_restore
                0x010028c4        0x8 C:/ti/simplelink_cc32xx_sdk_7_10_00_13/kernel/nortos\lib/gcc/m4/nortos_cc32xx.a(HwiPCC32XX_nortos.c.obj)
                0x010028c4                HwiP_restore
 .text.HwiP_create
                0x010028cc       0x90 C:/ti/simplelink_cc32xx_sdk_7_10_00_13/kernel/nortos\lib/gcc/m4/nortos_cc32xx.a(HwiPCC32XX_nortos.c.obj)
                0x010028cc                HwiP_create
 .text.HwiP_Params_init
                0x0100295c       0x14 C:/ti/simplelink_cc32xx_sdk_7_10_00_13/kernel/nortos\lib/gcc/m4/nortos_cc32xx.a(HwiPCC32XX_nortos.c.obj)
                0x0100295c                HwiP_Params_init
 .text.HwiP_post
                0x01002970        0x4 C:/ti/simplelink_cc32xx_sdk_7_10_00_13/kernel/nortos\lib/gcc/m4/nortos_cc32xx.a(HwiPCC32XX_nortos.c.obj)
                0x01002970                HwiP_post
 .text.HwiP_inISR
                0x01002974       0x10 C:/ti/simplelink_cc32xx_sdk_7_10_00_13/kernel/nortos\lib/gcc/m4/nortos_cc32xx.a(HwiPCC32XX_nortos.c.obj)
                0x01002974                HwiP_inISR
 .text.PowerCC32XX_initPolicy
                0x01002984        0x4 C:/ti/simplelink_cc32xx_sdk_7_10_00_13/kernel/nortos\lib/gcc/m4/nortos_cc32xx.a(PowerCC32XX_nortos.c.obj)
                0x01002984                PowerCC32XX_initPolicy
 .text.PowerCC32XX_sleepPolicy
                0x01002988      0x220 C:/ti/simplelink_cc32xx_sdk_7_10_00_13/kernel/nortos\lib/gcc/m4/nortos_cc32xx.a(PowerCC32XX_nortos.c.obj)
                0x01002988                PowerCC32XX_sleepPolicy
 .text.nmiISR   0x01002ba8        0x4 C:/ti/simplelink_cc32xx_sdk_7_10_00_13/kernel/nortos\lib/gcc/m4/nortos_cc32xx.a(startup_cc32xx_gcc.c.obj)
 .text.faultISR
                0x01002bac        0x4 C:/ti/simplelink_cc32xx_sdk_7_10_00_13/kernel/nortos\lib/gcc/m4/nortos_cc32xx.a(startup_cc32xx_gcc.c.obj)
 .text.busFaultHandler
                0x01002bb0        0x4 C:/ti/simplelink_cc32xx_sdk_7_10_00_13/kernel/nortos\lib/gcc/m4/nortos_cc32xx.a(startup_cc32xx_gcc.c.obj)
 .text.defaultHandler
                0x01002bb4        0x4 C:/ti/simplelink_cc32xx_sdk_7_10_00_13/kernel/nortos\lib/gcc/m4/nortos_cc32xx.a(startup_cc32xx_gcc.c.obj)
 .text.resetISR
                0x01002bb8       0x14 C:/ti/simplelink_cc32xx_sdk_7_10_00_13/kernel/nortos\lib/gcc/m4/nortos_cc32xx.a(startup_cc32xx_gcc.c.obj)
                0x01002bb8                resetISR
 .text.localProgramStart
                0x01002bcc       0xc4 C:/ti/simplelink_cc32xx_sdk_7_10_00_13/kernel/nortos\lib/gcc/m4/nortos_cc32xx.a(startup_cc32xx_gcc.c.obj)
                0x01002bcc                localProgramStart
 .text._fini    0x01002c90        0x4 C:/ti/simplelink_cc32xx_sdk_7_10_00_13/kernel/nortos\lib/gcc/m4/nortos_cc32xx.a(startup_cc32xx_gcc.c.obj)
                0x01002c90                _fini
 .text.SwiP_disable
                0x01002c94       0x1c C:/ti/simplelink_cc32xx_sdk_7_10_00_13/kernel/nortos\lib/gcc/m4/nortos_cc32xx.a(SwiP_nortos.c.obj)
                0x01002c94                SwiP_disable
 .text.SwiP_restore
                0x01002cb0       0x48 C:/ti/simplelink_cc32xx_sdk_7_10_00_13/kernel/nortos\lib/gcc/m4/nortos_cc32xx.a(SwiP_nortos.c.obj)
                0x01002cb0                SwiP_restore
 .text.CPUcpsid
                0x01002cf8       0x16 C:/ti/simplelink_cc32xx_sdk_7_10_00_13/source\ti/devices/cc32xx/driverlib/gcc/Release/driverlib.a(cpu.obj)
                0x01002cf8                CPUcpsid
 .text.CPUcpsie
                0x01002d0e       0x16 C:/ti/simplelink_cc32xx_sdk_7_10_00_13/source\ti/devices/cc32xx/driverlib/gcc/Release/driverlib.a(cpu.obj)
                0x01002d0e                CPUcpsie
 .text.CPUwfi   0x01002d24        0xe C:/ti/simplelink_cc32xx_sdk_7_10_00_13/source\ti/devices/cc32xx/driverlib/gcc/Release/driverlib.a(cpu.obj)
                0x01002d24                CPUwfi
 .text.GPIODirModeSet
                0x01002d32       0x46 C:/ti/simplelink_cc32xx_sdk_7_10_00_13/source\ti/devices/cc32xx/driverlib/gcc/Release/driverlib.a(gpio.obj)
                0x01002d32                GPIODirModeSet
 .text.GPIOIntTypeSet
                0x01002d78       0xa2 C:/ti/simplelink_cc32xx_sdk_7_10_00_13/source\ti/devices/cc32xx/driverlib/gcc/Release/driverlib.a(gpio.obj)
                0x01002d78                GPIOIntTypeSet
 .text.GPIOIntEnable
                0x01002e1a       0x2a C:/ti/simplelink_cc32xx_sdk_7_10_00_13/source\ti/devices/cc32xx/driverlib/gcc/Release/driverlib.a(gpio.obj)
                0x01002e1a                GPIOIntEnable
 .text.GPIOIntDisable
                0x01002e44       0x2a C:/ti/simplelink_cc32xx_sdk_7_10_00_13/source\ti/devices/cc32xx/driverlib/gcc/Release/driverlib.a(gpio.obj)
                0x01002e44                GPIOIntDisable
 .text.GPIOIntStatus
                0x01002e6e       0x2e C:/ti/simplelink_cc32xx_sdk_7_10_00_13/source\ti/devices/cc32xx/driverlib/gcc/Release/driverlib.a(gpio.obj)
                0x01002e6e                GPIOIntStatus
 .text.GPIOIntClear
                0x01002e9c       0x20 C:/ti/simplelink_cc32xx_sdk_7_10_00_13/source\ti/devices/cc32xx/driverlib/gcc/Release/driverlib.a(gpio.obj)
                0x01002e9c                GPIOIntClear
 .text.GPIOPinWrite
                0x01002ebc       0x2a C:/ti/simplelink_cc32xx_sdk_7_10_00_13/source\ti/devices/cc32xx/driverlib/gcc/Release/driverlib.a(gpio.obj)
                0x01002ebc                GPIOPinWrite
 .text.IntMasterEnable
                0x01002ee6       0x10 C:/ti/simplelink_cc32xx_sdk_7_10_00_13/source\ti/devices/cc32xx/driverlib/gcc/Release/driverlib.a(interrupt.obj)
                0x01002ee6                IntMasterEnable
 .text.IntMasterDisable
                0x01002ef6       0x10 C:/ti/simplelink_cc32xx_sdk_7_10_00_13/source\ti/devices/cc32xx/driverlib/gcc/Release/driverlib.a(interrupt.obj)
                0x01002ef6                IntMasterDisable
 *fill*         0x01002f06        0x2 
 .text.IntVTableBaseSet
                0x01002f08       0x1c C:/ti/simplelink_cc32xx_sdk_7_10_00_13/source\ti/devices/cc32xx/driverlib/gcc/Release/driverlib.a(interrupt.obj)
                0x01002f08                IntVTableBaseSet
 .text.IntRegister
                0x01002f24       0x2c C:/ti/simplelink_cc32xx_sdk_7_10_00_13/source\ti/devices/cc32xx/driverlib/gcc/Release/driverlib.a(interrupt.obj)
                0x01002f24                IntRegister
 .text.IntPrioritySet
                0x01002f50       0x68 C:/ti/simplelink_cc32xx_sdk_7_10_00_13/source\ti/devices/cc32xx/driverlib/gcc/Release/driverlib.a(interrupt.obj)
                0x01002f50                IntPrioritySet
 .text.IntEnable
                0x01002fb8       0xbc C:/ti/simplelink_cc32xx_sdk_7_10_00_13/source\ti/devices/cc32xx/driverlib/gcc/Release/driverlib.a(interrupt.obj)
                0x01002fb8                IntEnable
 .text.IntPendSet
                0x01003074       0x9c C:/ti/simplelink_cc32xx_sdk_7_10_00_13/source\ti/devices/cc32xx/driverlib/gcc/Release/driverlib.a(interrupt.obj)
                0x01003074                IntPendSet
 .text.PinModeSet
                0x01003110       0x48 C:/ti/simplelink_cc32xx_sdk_7_10_00_13/source\ti/devices/cc32xx/driverlib/gcc/Release/driverlib.a(pin.obj)
                0x01003110                PinModeSet
 .text.PinModeGet
                0x01003158       0x3c C:/ti/simplelink_cc32xx_sdk_7_10_00_13/source\ti/devices/cc32xx/driverlib/gcc/Release/driverlib.a(pin.obj)
                0x01003158                PinModeGet
 .text.PinDirModeSet
                0x01003194       0x44 C:/ti/simplelink_cc32xx_sdk_7_10_00_13/source\ti/devices/cc32xx/driverlib/gcc/Release/driverlib.a(pin.obj)
                0x01003194                PinDirModeSet
 .text.PinDirModeGet
                0x010031d8       0x3c C:/ti/simplelink_cc32xx_sdk_7_10_00_13/source\ti/devices/cc32xx/driverlib/gcc/Release/driverlib.a(pin.obj)
                0x010031d8                PinDirModeGet
 .text.PinConfigGet
                0x01003214       0x50 C:/ti/simplelink_cc32xx_sdk_7_10_00_13/source\ti/devices/cc32xx/driverlib/gcc/Release/driverlib.a(pin.obj)
                0x01003214                PinConfigGet
 .text.PinConfigSet
                0x01003264       0x9c C:/ti/simplelink_cc32xx_sdk_7_10_00_13/source\ti/devices/cc32xx/driverlib/gcc/Release/driverlib.a(pin.obj)
                0x01003264                PinConfigSet
 .text.PinTypeTimer
                0x01003300       0x24 C:/ti/simplelink_cc32xx_sdk_7_10_00_13/source\ti/devices/cc32xx/driverlib/gcc/Release/driverlib.a(pin.obj)
                0x01003300                PinTypeTimer
 .text.PinTypeGPIO
                0x01003324       0x3a C:/ti/simplelink_cc32xx_sdk_7_10_00_13/source\ti/devices/cc32xx/driverlib/gcc/Release/driverlib.a(pin.obj)
                0x01003324                PinTypeGPIO
 *fill*         0x0100335e        0x2 
 .text.PinLockLevelSet
                0x01003360       0x68 C:/ti/simplelink_cc32xx_sdk_7_10_00_13/source\ti/devices/cc32xx/driverlib/gcc/Release/driverlib.a(pin.obj)
                0x01003360                PinLockLevelSet
 .text.PinLock  0x010033c8       0x40 C:/ti/simplelink_cc32xx_sdk_7_10_00_13/source\ti/devices/cc32xx/driverlib/gcc/Release/driverlib.a(pin.obj)
                0x010033c8                PinLock
 .text.PinUnlock
                0x01003408       0x2c C:/ti/simplelink_cc32xx_sdk_7_10_00_13/source\ti/devices/cc32xx/driverlib/gcc/Release/driverlib.a(pin.obj)
                0x01003408                PinUnlock
 .text.PinToPadGet
                0x01003434       0x24 C:/ti/simplelink_cc32xx_sdk_7_10_00_13/source\ti/devices/cc32xx/driverlib/gcc/Release/driverlib.a(pin.obj)
                0x01003434                PinToPadGet
 .text.PRCMSysResetCauseGet
                0x01003458       0x78 C:/ti/simplelink_cc32xx_sdk_7_10_00_13/source\ti/devices/cc32xx/driverlib/gcc/Release/driverlib.a(prcm.obj)
                0x01003458                PRCMSysResetCauseGet
 .text.PRCMPeripheralClkEnable
                0x010034d0       0x6c C:/ti/simplelink_cc32xx_sdk_7_10_00_13/source\ti/devices/cc32xx/driverlib/gcc/Release/driverlib.a(prcm.obj)
                0x010034d0                PRCMPeripheralClkEnable
 .text.PRCMPeripheralClkDisable
                0x0100353c       0x48 C:/ti/simplelink_cc32xx_sdk_7_10_00_13/source\ti/devices/cc32xx/driverlib/gcc/Release/driverlib.a(prcm.obj)
                0x0100353c                PRCMPeripheralClkDisable
 .text.PRCMPeripheralReset
                0x01003584       0x8c C:/ti/simplelink_cc32xx_sdk_7_10_00_13/source\ti/devices/cc32xx/driverlib/gcc/Release/driverlib.a(prcm.obj)
                0x01003584                PRCMPeripheralReset
 .text.PRCMPeripheralStatusGet
                0x01003610       0x40 C:/ti/simplelink_cc32xx_sdk_7_10_00_13/source\ti/devices/cc32xx/driverlib/gcc/Release/driverlib.a(prcm.obj)
                0x01003610                PRCMPeripheralStatusGet
 .text.PRCMLPDSRestoreInfoSet
                0x01003650       0x50 C:/ti/simplelink_cc32xx_sdk_7_10_00_13/source\ti/devices/cc32xx/driverlib/gcc/Release/driverlib.a(prcm.obj)
                0x01003650                PRCMLPDSRestoreInfoSet
 .text.PRCMLPDSEnter
                0x010036a0       0x50 C:/ti/simplelink_cc32xx_sdk_7_10_00_13/source\ti/devices/cc32xx/driverlib/gcc/Release/driverlib.a(prcm.obj)
                0x010036a0                PRCMLPDSEnter
 .text.PRCMLPDSEnterKeepDebugIf
                0x010036f0       0x40 C:/ti/simplelink_cc32xx_sdk_7_10_00_13/source\ti/devices/cc32xx/driverlib/gcc/Release/driverlib.a(prcm.obj)
                0x010036f0                PRCMLPDSEnterKeepDebugIf
 .text.PRCMLPDSWakeupSourceEnable
                0x01003730       0x30 C:/ti/simplelink_cc32xx_sdk_7_10_00_13/source\ti/devices/cc32xx/driverlib/gcc/Release/driverlib.a(prcm.obj)
                0x01003730                PRCMLPDSWakeupSourceEnable
 .text.PRCMLPDSWakeupSourceDisable
                0x01003760       0x24 C:/ti/simplelink_cc32xx_sdk_7_10_00_13/source\ti/devices/cc32xx/driverlib/gcc/Release/driverlib.a(prcm.obj)
                0x01003760                PRCMLPDSWakeupSourceDisable
 .text.PRCMLPDSWakeupCauseGet
                0x01003784       0x14 C:/ti/simplelink_cc32xx_sdk_7_10_00_13/source\ti/devices/cc32xx/driverlib/gcc/Release/driverlib.a(prcm.obj)
                0x01003784                PRCMLPDSWakeupCauseGet
 .text.PRCMLPDSIntervalSet
                0x01003798       0x34 C:/ti/simplelink_cc32xx_sdk_7_10_00_13/source\ti/devices/cc32xx/driverlib/gcc/Release/driverlib.a(prcm.obj)
                0x01003798                PRCMLPDSIntervalSet
 .text.PRCMLPDSWakeUpGPIOSelect
                0x010037cc       0x2c C:/ti/simplelink_cc32xx_sdk_7_10_00_13/source\ti/devices/cc32xx/driverlib/gcc/Release/driverlib.a(prcm.obj)
                0x010037cc                PRCMLPDSWakeUpGPIOSelect
 .text.PRCMSleepEnter
                0x010037f8        0xc C:/ti/simplelink_cc32xx_sdk_7_10_00_13/source\ti/devices/cc32xx/driverlib/gcc/Release/driverlib.a(prcm.obj)
                0x010037f8                PRCMSleepEnter
 .text.PRCMSRAMRetentionEnable
                0x01003804       0x2c C:/ti/simplelink_cc32xx_sdk_7_10_00_13/source\ti/devices/cc32xx/driverlib/gcc/Release/driverlib.a(prcm.obj)
                0x01003804                PRCMSRAMRetentionEnable
 .text.PRCMHibernateWakeupSourceEnable
                0x01003830       0x50 C:/ti/simplelink_cc32xx_sdk_7_10_00_13/source\ti/devices/cc32xx/driverlib/gcc/Release/driverlib.a(prcm.obj)
                0x01003830                PRCMHibernateWakeupSourceEnable
 .text.PRCMHibernateWakeupSourceDisable
                0x01003880       0x54 C:/ti/simplelink_cc32xx_sdk_7_10_00_13/source\ti/devices/cc32xx/driverlib/gcc/Release/driverlib.a(prcm.obj)
                0x01003880                PRCMHibernateWakeupSourceDisable
 .text.PRCMHibernateWakeUpGPIOSelect
                0x010038d4       0x74 C:/ti/simplelink_cc32xx_sdk_7_10_00_13/source\ti/devices/cc32xx/driverlib/gcc/Release/driverlib.a(prcm.obj)
                0x010038d4                PRCMHibernateWakeUpGPIOSelect
 .text.PRCMSlowClkCtrFastGet
                0x01003948       0x5c C:/ti/simplelink_cc32xx_sdk_7_10_00_13/source\ti/devices/cc32xx/driverlib/gcc/Release/driverlib.a(prcm.obj)
                0x01003948                PRCMSlowClkCtrFastGet
 .text.PRCMIntEnable
                0x010039a4       0x48 C:/ti/simplelink_cc32xx_sdk_7_10_00_13/source\ti/devices/cc32xx/driverlib/gcc/Release/driverlib.a(prcm.obj)
                0x010039a4                PRCMIntEnable
 .text.PRCMCC3200MCUInit
                0x010039ec      0x478 C:/ti/simplelink_cc32xx_sdk_7_10_00_13/source\ti/devices/cc32xx/driverlib/gcc/Release/driverlib.a(prcm.obj)
                0x010039ec                PRCMCC3200MCUInit
 .text.PRCMHIBRegRead
                0x01003e64       0x20 C:/ti/simplelink_cc32xx_sdk_7_10_00_13/source\ti/devices/cc32xx/driverlib/gcc/Release/driverlib.a(prcm.obj)
                0x01003e64                PRCMHIBRegRead
 .text.PRCMHIBRegWrite
                0x01003e84       0x20 C:/ti/simplelink_cc32xx_sdk_7_10_00_13/source\ti/devices/cc32xx/driverlib/gcc/Release/driverlib.a(prcm.obj)
                0x01003e84                PRCMHIBRegWrite
 .text.SysTickEnable
                0x01003ea4       0x1c C:/ti/simplelink_cc32xx_sdk_7_10_00_13/source\ti/devices/cc32xx/driverlib/gcc/Release/driverlib.a(systick.obj)
                0x01003ea4                SysTickEnable
 .text.SysTickIntEnable
                0x01003ec0       0x1c C:/ti/simplelink_cc32xx_sdk_7_10_00_13/source\ti/devices/cc32xx/driverlib/gcc/Release/driverlib.a(systick.obj)
                0x01003ec0                SysTickIntEnable
 .text.SysTickIntDisable
                0x01003edc       0x1c C:/ti/simplelink_cc32xx_sdk_7_10_00_13/source\ti/devices/cc32xx/driverlib/gcc/Release/driverlib.a(systick.obj)
                0x01003edc                SysTickIntDisable
 .text.SysTickPeriodSet
                0x01003ef8       0x20 C:/ti/simplelink_cc32xx_sdk_7_10_00_13/source\ti/devices/cc32xx/driverlib/gcc/Release/driverlib.a(systick.obj)
                0x01003ef8                SysTickPeriodSet
 .text.SysTickValueGet
                0x01003f18       0x14 C:/ti/simplelink_cc32xx_sdk_7_10_00_13/source\ti/devices/cc32xx/driverlib/gcc/Release/driverlib.a(systick.obj)
                0x01003f18                SysTickValueGet
 .text.TimerEnable
                0x01003f2c       0x2a C:/ti/simplelink_cc32xx_sdk_7_10_00_13/source\ti/devices/cc32xx/driverlib/gcc/Release/driverlib.a(timer.obj)
                0x01003f2c                TimerEnable
 .text.TimerDisable
                0x01003f56       0x2c C:/ti/simplelink_cc32xx_sdk_7_10_00_13/source\ti/devices/cc32xx/driverlib/gcc/Release/driverlib.a(timer.obj)
                0x01003f56                TimerDisable
 .text.TimerControlLevel
                0x01003f82       0x46 C:/ti/simplelink_cc32xx_sdk_7_10_00_13/source\ti/devices/cc32xx/driverlib/gcc/Release/driverlib.a(timer.obj)
                0x01003f82                TimerControlLevel
 .text.TimerPrescaleSet
                0x01003fc8       0x3c C:/ti/simplelink_cc32xx_sdk_7_10_00_13/source\ti/devices/cc32xx/driverlib/gcc/Release/driverlib.a(timer.obj)
                0x01003fc8                TimerPrescaleSet
 .text.TimerPrescaleMatchSet
                0x01004004       0x3c C:/ti/simplelink_cc32xx_sdk_7_10_00_13/source\ti/devices/cc32xx/driverlib/gcc/Release/driverlib.a(timer.obj)
                0x01004004                TimerPrescaleMatchSet
 .text.TimerLoadSet
                0x01004040       0x3c C:/ti/simplelink_cc32xx_sdk_7_10_00_13/source\ti/devices/cc32xx/driverlib/gcc/Release/driverlib.a(timer.obj)
                0x01004040                TimerLoadSet
 .text.TimerMatchSet
                0x0100407c       0x3c C:/ti/simplelink_cc32xx_sdk_7_10_00_13/source\ti/devices/cc32xx/driverlib/gcc/Release/driverlib.a(timer.obj)
                0x0100407c                TimerMatchSet
 .text.UtilsDelay
                0x010040b8        0xa C:/ti/simplelink_cc32xx_sdk_7_10_00_13/source\ti/devices/cc32xx/driverlib/gcc/Release/driverlib.a(utils.obj)
                0x010040b8                UtilsDelay
 *fill*         0x010040c2        0x2 
 .text.FlashDisable
                0x010040c4       0x50 C:/ti/simplelink_cc32xx_sdk_7_10_00_13/source\ti/devices/cc32xx/driverlib/gcc/Release/driverlib.a(flash.obj)
                0x010040c4                FlashDisable
 .text.malloc   0x01004114       0x10 C:/ti/ccs1270/ccs/tools/compiler/gcc-arm-none-eabi-9-2019-q4-major/arm-none-eabi/lib/thumb/v7e-m/nofp\libc_nano.a(lib_a-malloc.o)
                0x01004114                malloc
 .text.free     0x01004124       0x10 C:/ti/ccs1270/ccs/tools/compiler/gcc-arm-none-eabi-9-2019-q4-major/arm-none-eabi/lib/thumb/v7e-m/nofp\libc_nano.a(lib_a-malloc.o)
                0x01004124                free
 .text.memcpy   0x01004134       0x1c C:/ti/ccs1270/ccs/tools/compiler/gcc-arm-none-eabi-9-2019-q4-major/arm-none-eabi/lib/thumb/v7e-m/nofp\libc_nano.a(lib_a-memcpy-stub.o)
                0x01004134                memcpy
 .text.memset   0x01004150       0x10 C:/ti/ccs1270/ccs/tools/compiler/gcc-arm-none-eabi-9-2019-q4-major/arm-none-eabi/lib/thumb/v7e-m/nofp\libc_nano.a(lib_a-memset.o)
                0x01004150                memset
 .text._free_r  0x01004160       0x9c C:/ti/ccs1270/ccs/tools/compiler/gcc-arm-none-eabi-9-2019-q4-major/arm-none-eabi/lib/thumb/v7e-m/nofp\libc_nano.a(lib_a-nano-freer.o)
                0x01004160                _free_r
 .text._malloc_r
                0x010041fc       0xb4 C:/ti/ccs1270/ccs/tools/compiler/gcc-arm-none-eabi-9-2019-q4-major/arm-none-eabi/lib/thumb/v7e-m/nofp\libc_nano.a(lib_a-nano-mallocr.o)
                0x010041fc                _malloc_r
 .text._sbrk_r  0x010042b0       0x20 C:/ti/ccs1270/ccs/tools/compiler/gcc-arm-none-eabi-9-2019-q4-major/arm-none-eabi/lib/thumb/v7e-m/nofp\libc_nano.a(lib_a-sbrkr.o)
                0x010042b0                _sbrk_r
 .text.__malloc_lock
                0x010042d0        0xc C:/ti/ccs1270/ccs/tools/compiler/gcc-arm-none-eabi-9-2019-q4-major/arm-none-eabi/lib/thumb/v7e-m/nofp\libc_nano.a(lib_a-mlock.o)
                0x010042d0                __malloc_lock
 .text.__malloc_unlock
                0x010042dc        0xc C:/ti/ccs1270/ccs/tools/compiler/gcc-arm-none-eabi-9-2019-q4-major/arm-none-eabi/lib/thumb/v7e-m/nofp\libc_nano.a(lib_a-mlock.o)
                0x010042dc                __malloc_unlock
 .text.__retarget_lock_acquire_recursive
                0x010042e8        0x2 C:/ti/ccs1270/ccs/tools/compiler/gcc-arm-none-eabi-9-2019-q4-major/arm-none-eabi/lib/thumb/v7e-m/nofp\libc_nano.a(lib_a-lock.o)
                0x010042e8                __retarget_lock_acquire_recursive
 .text.__retarget_lock_release_recursive
                0x010042ea        0x2 C:/ti/ccs1270/ccs/tools/compiler/gcc-arm-none-eabi-9-2019-q4-major/arm-none-eabi/lib/thumb/v7e-m/nofp\libc_nano.a(lib_a-lock.o)
                0x010042ea                __retarget_lock_release_recursive
 .text._sbrk    0x010042ec       0x1c C:/ti/ccs1270/ccs/tools/compiler/gcc-arm-none-eabi-9-2019-q4-major/arm-none-eabi/lib/thumb/v7e-m/nofp\libnosys.a(sbrk.o)
                0x010042ec                _sbrk
                0x01004308                . = ALIGN (0x4)
 *(.ctors)
                0x01004308                . = ALIGN (0x4)
 *(.dtors)
                0x01004308                . = ALIGN (0x4)
                0x01004308                __init_array_start = .
 *(.init_array*)
                0x01004308                __init_array_end = .
 *(.init)
 *(.fini*)
                [!provide]                PROVIDE (__etext = .)
                [!provide]                PROVIDE (_etext = .)
                [!provide]                PROVIDE (etext = .)

.glue_7         0x01004308        0x0
 .glue_7        0x01004308        0x0 linker stubs

.glue_7t        0x01004308        0x0
 .glue_7t       0x01004308        0x0 linker stubs

.vfp11_veneer   0x01004308        0x0
 .vfp11_veneer  0x01004308        0x0 linker stubs

.v4_bx          0x01004308        0x0
 .v4_bx         0x01004308        0x0 linker stubs

.iplt           0x01004308        0x0
 .iplt          0x01004308        0x0 ./main_nortos.o

.rodata         0x01004308      0x3f8
 *(.rodata)
 *(.rodata*)
 .rodata.GPIO_config
                0x01004308       0x10 ./syscfg/ti_drivers_config.o
                0x01004308                GPIO_config
 .rodata.GPIO_pinUpperBound
                0x01004318        0x1 ./syscfg/ti_drivers_config.o
                0x01004318                GPIO_pinUpperBound
 *fill*         0x01004319        0x3 
 .rodata.PWM_config
                0x0100431c       0x18 ./syscfg/ti_drivers_config.o
                0x0100431c                PWM_config
 .rodata.PWM_count
                0x01004334        0x1 ./syscfg/ti_drivers_config.o
                0x01004334                PWM_count
 *fill*         0x01004335        0x3 
 .rodata.PowerCC32XX_config
                0x01004338       0x44 ./syscfg/ti_drivers_config.o
                0x01004338                PowerCC32XX_config
 .rodata.pwmTimerCC32XXHWAttrs
                0x0100437c        0x8 ./syscfg/ti_drivers_config.o
                0x0100437c                pwmTimerCC32XXHWAttrs
 .rodata.pinTable
                0x01004384       0x21 C:/ti/simplelink_cc32xx_sdk_7_10_00_13/source\ti/drivers/lib/gcc/m4/drivers_cc32xx.a(GPIOCC32XX.c.obj)
 *fill*         0x010043a5        0x3 
 .rodata.portConfigs
                0x010043a8       0x28 C:/ti/simplelink_cc32xx_sdk_7_10_00_13/source\ti/drivers/lib/gcc/m4/drivers_cc32xx.a(GPIOCC32XX.c.obj)
 .rodata.PWM_defaultParams
                0x010043d0       0x18 C:/ti/simplelink_cc32xx_sdk_7_10_00_13/source\ti/drivers/lib/gcc/m4/drivers_cc32xx.a(PWM.c.obj)
                0x010043d0                PWM_defaultParams
 .rodata.PWMTimerCC32XX_fxnTable
                0x010043e8       0x24 C:/ti/simplelink_cc32xx_sdk_7_10_00_13/source\ti/drivers/lib/gcc/m4/drivers_cc32xx.a(PWMTimerCC32XX.c.obj)
                0x010043e8                PWMTimerCC32XX_fxnTable
 .rodata.gpioBaseAddresses
                0x0100440c       0x10 C:/ti/simplelink_cc32xx_sdk_7_10_00_13/source\ti/drivers/lib/gcc/m4/drivers_cc32xx.a(PWMTimerCC32XX.c.obj)
 .rodata.gpioPinIndexes
                0x0100441c       0x20 C:/ti/simplelink_cc32xx_sdk_7_10_00_13/source\ti/drivers/lib/gcc/m4/drivers_cc32xx.a(PWMTimerCC32XX.c.obj)
 .rodata.timerBaseAddresses
                0x0100443c       0x10 C:/ti/simplelink_cc32xx_sdk_7_10_00_13/source\ti/drivers/lib/gcc/m4/drivers_cc32xx.a(PWMTimerCC32XX.c.obj)
 .rodata.timerHalves
                0x0100444c        0x8 C:/ti/simplelink_cc32xx_sdk_7_10_00_13/source\ti/drivers/lib/gcc/m4/drivers_cc32xx.a(PWMTimerCC32XX.c.obj)
 .rodata.g_pulRegs
                0x01004454       0xd4 C:/ti/simplelink_cc32xx_sdk_7_10_00_13/source\ti/devices/cc32xx/driverlib/gcc/Release/driverlib.a(interrupt.obj)
 .rodata.g_pulEnRegs
                0x01004528       0x18 C:/ti/simplelink_cc32xx_sdk_7_10_00_13/source\ti/devices/cc32xx/driverlib/gcc/Release/driverlib.a(interrupt.obj)
 .rodata.g_pulPendRegs
                0x01004540       0x18 C:/ti/simplelink_cc32xx_sdk_7_10_00_13/source\ti/devices/cc32xx/driverlib/gcc/Release/driverlib.a(interrupt.obj)
 .rodata.g_ulPinToPadMap
                0x01004558      0x100 C:/ti/simplelink_cc32xx_sdk_7_10_00_13/source\ti/devices/cc32xx/driverlib/gcc/Release/driverlib.a(pin.obj)
 .rodata.PRCM_PeriphRegsList
                0x01004658       0xa8 C:/ti/simplelink_cc32xx_sdk_7_10_00_13/source\ti/devices/cc32xx/driverlib/gcc/Release/driverlib.a(prcm.obj)

.data           0x2000030c      0x35c load address 0x01004700
                0x01004700                __data_load__ = LOADADDR (.data)
                0x2000030c                __data_start__ = .
 *(.data)
 *(.data*)
 .data.gpioPinConfigs
                0x2000030c       0x84 ./syscfg/ti_drivers_config.o
                0x2000030c                gpioPinConfigs
 .data.parkInfo
                0x20000390       0xf8 ./syscfg/ti_drivers_config.o
                0x20000390                parkInfo
 .data.PowerCC32XX_module
                0x20000488      0x16c C:/ti/simplelink_cc32xx_sdk_7_10_00_13/source\ti/drivers/lib/gcc/m4/drivers_cc32xx.a(PowerCC32XX.c.obj)
                0x20000488                PowerCC32XX_module
 .data.SemaphoreP_defaultParams
                0x200005f4        0x8 C:/ti/simplelink_cc32xx_sdk_7_10_00_13/kernel/nortos\lib/gcc/m4/nortos_cc32xx.a(SemaphoreP_nortos.c.obj)
                0x200005f4                SemaphoreP_defaultParams
 .data.ClockP_tickPeriod
                0x200005fc        0x4 C:/ti/simplelink_cc32xx_sdk_7_10_00_13/kernel/nortos\lib/gcc/m4/nortos_cc32xx.a(ClockPSysTick_nortos.c.obj)
                0x200005fc                ClockP_tickPeriod
 .data.HwiP_swiPIntNum
                0x20000600        0x4 C:/ti/simplelink_cc32xx_sdk_7_10_00_13/kernel/nortos\lib/gcc/m4/nortos_cc32xx.a(HwiPCC32XX_nortos.c.obj)
                0x20000600                HwiP_swiPIntNum
 .data._impure_ptr
                0x20000604        0x4 C:/ti/ccs1270/ccs/tools/compiler/gcc-arm-none-eabi-9-2019-q4-major/arm-none-eabi/lib/thumb/v7e-m/nofp\libc_nano.a(lib_a-impure.o)
                0x20000604                _impure_ptr
 .data.impure_data
                0x20000608       0x60 C:/ti/ccs1270/ccs/tools/compiler/gcc-arm-none-eabi-9-2019-q4-major/arm-none-eabi/lib/thumb/v7e-m/nofp\libc_nano.a(lib_a-impure.o)
                0x20000668                . = ALIGN (0x4)
                0x20000668                __data_end__ = .

.igot.plt       0x20000668        0x0 load address 0x01004a5c
 .igot.plt      0x20000668        0x0 ./main_nortos.o

.ARM.exidx      0x01004a5c        0x8
                0x01004a5c                __exidx_start = .
 *(.ARM.exidx* .gnu.linkonce.armexidx.*)
 .ARM.exidx     0x01004a5c        0x8 c:/ti/ccs1270/ccs/tools/compiler/gcc-arm-none-eabi-9-2019-q4-major/bin/../lib/gcc/arm-none-eabi/9.2.1/thumb/v7e-m/nofp\libgcc.a(_udivmoddi4.o)
                0x01004a64                __exidx_end = .

.rel.dyn        0x01004a64        0x0
 .rel.iplt      0x01004a64        0x0 ./main_nortos.o

.ARM.extab
 *(.ARM.extab* .gnu.linkonce.armextab.*)

.bss            0x20000668      0x5f0
                0x20000668                __bss_start__ = .
 *(.shbss)
 *(.bss)
 *(.bss.*)
 .bss.initCalled
                0x20000668        0x1 C:/ti/simplelink_cc32xx_sdk_7_10_00_13/source\ti/drivers/lib/gcc/m4/drivers_cc32xx.a(GPIOCC32XX.c.obj)
 *fill*         0x20000669        0x3 
 .bss.initSem.4818
                0x2000066c        0x4 C:/ti/simplelink_cc32xx_sdk_7_10_00_13/source\ti/drivers/lib/gcc/m4/drivers_cc32xx.a(GPIOCC32XX.c.obj)
 .bss.portHwiCreatedBitMask
                0x20000670        0x1 C:/ti/simplelink_cc32xx_sdk_7_10_00_13/source\ti/drivers/lib/gcc/m4/drivers_cc32xx.a(GPIOCC32XX.c.obj)
 *fill*         0x20000671        0x3 
 .bss.powerNotifyObj
                0x20000674       0x14 C:/ti/simplelink_cc32xx_sdk_7_10_00_13/source\ti/drivers/lib/gcc/m4/drivers_cc32xx.a(GPIOCC32XX.c.obj)
 .bss.isInitialized
                0x20000688        0x1 C:/ti/simplelink_cc32xx_sdk_7_10_00_13/source\ti/drivers/lib/gcc/m4/drivers_cc32xx.a(PWM.c.obj)
 *fill*         0x20000689        0x3 
 .bss.timerState
                0x2000068c        0x4 C:/ti/simplelink_cc32xx_sdk_7_10_00_13/source\ti/drivers/lib/gcc/m4/drivers_cc32xx.a(TimerCC32XX.c.obj)
 .bss.SemaphoreP_initialized
                0x20000690        0x1 C:/ti/simplelink_cc32xx_sdk_7_10_00_13/kernel/nortos\lib/gcc/m4/nortos_cc32xx.a(SemaphoreP_nortos.c.obj)
 .bss.doEnablePolicy
                0x20000691        0x1 C:/ti/simplelink_cc32xx_sdk_7_10_00_13/kernel/nortos\lib/gcc/m4/nortos_cc32xx.a(SemaphoreP_nortos.c.obj)
 .bss.pendInProgress
                0x20000692        0x1 C:/ti/simplelink_cc32xx_sdk_7_10_00_13/kernel/nortos\lib/gcc/m4/nortos_cc32xx.a(SemaphoreP_nortos.c.obj)
 .bss.ClockP_initialized
                0x20000693        0x1 C:/ti/simplelink_cc32xx_sdk_7_10_00_13/kernel/nortos\lib/gcc/m4/nortos_cc32xx.a(ClockPSysTick_nortos.c.obj)
 .bss.sysTickPeriod
                0x20000694        0x4 C:/ti/simplelink_cc32xx_sdk_7_10_00_13/kernel/nortos\lib/gcc/m4/nortos_cc32xx.a(ClockPSysTick_nortos.c.obj)
 .bss.HwiP_dispatchTable
                0x20000698      0x30c C:/ti/simplelink_cc32xx_sdk_7_10_00_13/kernel/nortos\lib/gcc/m4/nortos_cc32xx.a(HwiPCC32XX_nortos.c.obj)
 .bss.SwiP_lockState
                0x200009a4        0x4 C:/ti/simplelink_cc32xx_sdk_7_10_00_13/kernel/nortos\lib/gcc/m4/nortos_cc32xx.a(SwiP_nortos.c.obj)
 .bss.SwiP_readyMask
                0x200009a8        0x4 C:/ti/simplelink_cc32xx_sdk_7_10_00_13/kernel/nortos\lib/gcc/m4/nortos_cc32xx.a(SwiP_nortos.c.obj)
 .bss.SwiP_schedulerRunning
                0x200009ac        0x1 C:/ti/simplelink_cc32xx_sdk_7_10_00_13/kernel/nortos\lib/gcc/m4/nortos_cc32xx.a(SwiP_nortos.c.obj)
 *fill*         0x200009ad        0x3 
 .bss.__malloc_free_list
                0x200009b0        0x4 C:/ti/ccs1270/ccs/tools/compiler/gcc-arm-none-eabi-9-2019-q4-major/arm-none-eabi/lib/thumb/v7e-m/nofp\libc_nano.a(lib_a-nano-mallocr.o)
                0x200009b0                __malloc_free_list
 .bss.__malloc_sbrk_start
                0x200009b4        0x4 C:/ti/ccs1270/ccs/tools/compiler/gcc-arm-none-eabi-9-2019-q4-major/arm-none-eabi/lib/thumb/v7e-m/nofp\libc_nano.a(lib_a-nano-mallocr.o)
                0x200009b4                __malloc_sbrk_start
 .bss.heap_end.4144
                0x200009b8        0x4 C:/ti/ccs1270/ccs/tools/compiler/gcc-arm-none-eabi-9-2019-q4-major/arm-none-eabi/lib/thumb/v7e-m/nofp\libnosys.a(sbrk.o)
 *(COMMON)
 COMMON         0x200009bc      0x150 ./syscfg/ti_drivers_config.o
                0x200009bc                pwmTimerCC32XXObjects
                0x20000a04                gpioCallbackFunctions
                0x20000a88                gpioUserArgs
 COMMON         0x20000b0c      0x12c C:/ti/simplelink_cc32xx_sdk_7_10_00_13/source\ti/drivers/lib/gcc/m4/drivers_cc32xx.a(PowerCC32XX.c.obj)
                0x20000b0c                PowerCC32XX_contextSave
 COMMON         0x20000c38       0x10 C:/ti/simplelink_cc32xx_sdk_7_10_00_13/kernel/nortos\lib/gcc/m4/nortos_cc32xx.a(ClockPSysTick_nortos.c.obj)
                0x20000c38                ClockP_ctrl
 COMMON         0x20000c48        0x4 C:/ti/ccs1270/ccs/tools/compiler/gcc-arm-none-eabi-9-2019-q4-major/arm-none-eabi/lib/thumb/v7e-m/nofp\libc_nano.a(lib_a-reent.o)
                0x20000c48                errno
 COMMON         0x20000c4c        0x9 C:/ti/ccs1270/ccs/tools/compiler/gcc-arm-none-eabi-9-2019-q4-major/arm-none-eabi/lib/thumb/v7e-m/nofp\libc_nano.a(lib_a-lock.o)
                0x20000c4c                __lock___atexit_recursive_mutex
                0x20000c4d                __lock___arc4random_mutex
                0x20000c4e                __lock___env_recursive_mutex
                0x20000c4f                __lock___sinit_recursive_mutex
                0x20000c50                __lock___malloc_recursive_mutex
                0x20000c51                __lock___at_quick_exit_mutex
                0x20000c52                __lock___dd_hash_mutex
                0x20000c53                __lock___tz_mutex
                0x20000c54                __lock___sfp_recursive_mutex
                0x20000c58                . = ALIGN (0x4)
 *fill*         0x20000c55        0x3 
                0x20000c58                __bss_end__ = .

.heap           0x20000c58     0x8000
                0x20000c58                __heap_start__ = .
                0x20000c58                end = __heap_start__
                0x20000c58                _end = end
                0x20000c58                __end = end
                0x20008c58                . = (. + HEAP_SIZE)
 *fill*         0x20000c58     0x8000 
 *(.heap)
                0x20008c58                __heap_end__ = .
                0x20008c58                __HeapLimit = __heap_end__

.stack          0x20008c58     0x1000
                0x20008c58                _stack = .
                0x20008c58                __stack = .
 *(.stack)
                0x20009c58                . = (. + STACKSIZE)
 *fill*         0x20008c58     0x1000 
                0x20009c58                _stack_end = .
                0x20009c58                __stack_end = .

.log_data
 *(.log_data)

.log_ptr
 *(.log_ptr*)
LOAD C:/SNHU/CS_350/code_composer/pwmled2_CC3220SF_LAUNCHXL_nortos_gcc/MCU+Image/syscfg\ti_utils_build_linker.cmd.genlibs
LOAD C:/ti/simplelink_cc32xx_sdk_7_10_00_13/source\ti/drivers/lib/gcc/m4/drivers_cc32xx.a
LOAD C:/ti/simplelink_cc32xx_sdk_7_10_00_13/source\ti/grlib/lib/gcc/m4/grlib.a
LOAD C:/ti/simplelink_cc32xx_sdk_7_10_00_13/kernel/nortos\lib/gcc/m4/nortos_cc32xx.a
LOAD C:/ti/simplelink_cc32xx_sdk_7_10_00_13/source\ti/devices/cc32xx/driverlib/gcc/Release/driverlib.a
LOAD c:/ti/ccs1270/ccs/tools/compiler/gcc-arm-none-eabi-9-2019-q4-major/bin/../lib/gcc/arm-none-eabi/9.2.1/thumb/v7e-m/nofp\libgcc.a
LOAD C:/ti/ccs1270/ccs/tools/compiler/gcc-arm-none-eabi-9-2019-q4-major/arm-none-eabi/lib/thumb/v7e-m/nofp\libc_nano.a
LOAD C:/ti/ccs1270/ccs/tools/compiler/gcc-arm-none-eabi-9-2019-q4-major/arm-none-eabi/lib/thumb/v7e-m/nofp\libm.a
LOAD C:/ti/ccs1270/ccs/tools/compiler/gcc-arm-none-eabi-9-2019-q4-major/arm-none-eabi/lib/thumb/v7e-m/nofp\libnosys.a
START GROUP
LOAD c:/ti/ccs1270/ccs/tools/compiler/gcc-arm-none-eabi-9-2019-q4-major/bin/../lib/gcc/arm-none-eabi/9.2.1/thumb/v7e-m/nofp\libgcc.a
LOAD C:/ti/ccs1270/ccs/tools/compiler/gcc-arm-none-eabi-9-2019-q4-major/arm-none-eabi/lib/thumb/v7e-m/nofp\libg_nano.a
LOAD C:/ti/ccs1270/ccs/tools/compiler/gcc-arm-none-eabi-9-2019-q4-major/arm-none-eabi/lib/thumb/v7e-m/nofp\libc_nano.a
END GROUP
START GROUP
LOAD c:/ti/ccs1270/ccs/tools/compiler/gcc-arm-none-eabi-9-2019-q4-major/bin/../lib/gcc/arm-none-eabi/9.2.1/thumb/v7e-m/nofp\libgcc.a
LOAD C:/ti/ccs1270/ccs/tools/compiler/gcc-arm-none-eabi-9-2019-q4-major/arm-none-eabi/lib/thumb/v7e-m/nofp\libc_nano.a
END GROUP
OUTPUT(pwmled2_CC3220SF_LAUNCHXL_nortos_gcc.out elf32-littlearm)

.debug_info     0x00000000    0x1267d
 .debug_info    0x00000000       0x82 ./main_nortos.o
 .debug_info    0x00000082      0x480 ./pwmled2.o
 .debug_info    0x00000502      0xa2e ./syscfg/ti_drivers_config.o
 .debug_info    0x00000f30     0x10c8 C:/ti/simplelink_cc32xx_sdk_7_10_00_13/source\ti/drivers/lib/gcc/m4/drivers_cc32xx.a(GPIOCC32XX.c.obj)
 .debug_info    0x00001ff8     0x1f70 C:/ti/simplelink_cc32xx_sdk_7_10_00_13/source\ti/drivers/lib/gcc/m4/drivers_cc32xx.a(PowerCC32XX.c.obj)
 .debug_info    0x00003f68     0x1019 C:/ti/simplelink_cc32xx_sdk_7_10_00_13/source\ti/drivers/lib/gcc/m4/drivers_cc32xx.a(PWM.c.obj)
 .debug_info    0x00004f81     0x1a4d C:/ti/simplelink_cc32xx_sdk_7_10_00_13/source\ti/drivers/lib/gcc/m4/drivers_cc32xx.a(PWMTimerCC32XX.c.obj)
 .debug_info    0x000069ce     0x126b C:/ti/simplelink_cc32xx_sdk_7_10_00_13/source\ti/drivers/lib/gcc/m4/drivers_cc32xx.a(TimerCC32XX.c.obj)
 .debug_info    0x00007c39      0xc58 C:/ti/simplelink_cc32xx_sdk_7_10_00_13/source\ti/drivers/lib/gcc/m4/drivers_cc32xx.a(List.c.obj)
 .debug_info    0x00008891      0x1ec C:/ti/simplelink_cc32xx_sdk_7_10_00_13/kernel/nortos\lib/gcc/m4/nortos_cc32xx.a(NoRTOS.c.obj)
 .debug_info    0x00008a7d      0x124 C:/ti/simplelink_cc32xx_sdk_7_10_00_13/kernel/nortos\lib/gcc/m4/nortos_cc32xx.a(posix_sleep.c.obj)
 .debug_info    0x00008ba1     0x1498 C:/ti/simplelink_cc32xx_sdk_7_10_00_13/kernel/nortos\lib/gcc/m4/nortos_cc32xx.a(SemaphoreP_nortos.c.obj)
 .debug_info    0x0000a039     0x1b01 C:/ti/simplelink_cc32xx_sdk_7_10_00_13/kernel/nortos\lib/gcc/m4/nortos_cc32xx.a(ClockPSysTick_nortos.c.obj)
 .debug_info    0x0000bb3a     0x17d2 C:/ti/simplelink_cc32xx_sdk_7_10_00_13/kernel/nortos\lib/gcc/m4/nortos_cc32xx.a(HwiPCC32XX_nortos.c.obj)
 .debug_info    0x0000d30c      0x8aa C:/ti/simplelink_cc32xx_sdk_7_10_00_13/kernel/nortos\lib/gcc/m4/nortos_cc32xx.a(PowerCC32XX_nortos.c.obj)
 .debug_info    0x0000dbb6      0xb83 C:/ti/simplelink_cc32xx_sdk_7_10_00_13/kernel/nortos\lib/gcc/m4/nortos_cc32xx.a(startup_cc32xx_gcc.c.obj)
 .debug_info    0x0000e739     0x1a3a C:/ti/simplelink_cc32xx_sdk_7_10_00_13/kernel/nortos\lib/gcc/m4/nortos_cc32xx.a(SwiP_nortos.c.obj)
 .debug_info    0x00010173      0x109 C:/ti/simplelink_cc32xx_sdk_7_10_00_13/source\ti/devices/cc32xx/driverlib/gcc/Release/driverlib.a(cpu.obj)
 .debug_info    0x0001027c      0x3e6 C:/ti/simplelink_cc32xx_sdk_7_10_00_13/source\ti/devices/cc32xx/driverlib/gcc/Release/driverlib.a(gpio.obj)
 .debug_info    0x00010662      0x3a3 C:/ti/simplelink_cc32xx_sdk_7_10_00_13/source\ti/devices/cc32xx/driverlib/gcc/Release/driverlib.a(interrupt.obj)
 .debug_info    0x00010a05      0x545 C:/ti/simplelink_cc32xx_sdk_7_10_00_13/source\ti/devices/cc32xx/driverlib/gcc/Release/driverlib.a(pin.obj)
 .debug_info    0x00010f4a      0xc9c C:/ti/simplelink_cc32xx_sdk_7_10_00_13/source\ti/devices/cc32xx/driverlib/gcc/Release/driverlib.a(prcm.obj)
 .debug_info    0x00011be6      0x10e C:/ti/simplelink_cc32xx_sdk_7_10_00_13/source\ti/devices/cc32xx/driverlib/gcc/Release/driverlib.a(systick.obj)
 .debug_info    0x00011cf4      0x612 C:/ti/simplelink_cc32xx_sdk_7_10_00_13/source\ti/devices/cc32xx/driverlib/gcc/Release/driverlib.a(timer.obj)
 .debug_info    0x00012306       0x52 C:/ti/simplelink_cc32xx_sdk_7_10_00_13/source\ti/devices/cc32xx/driverlib/gcc/Release/driverlib.a(utils.obj)
 .debug_info    0x00012358      0x325 C:/ti/simplelink_cc32xx_sdk_7_10_00_13/source\ti/devices/cc32xx/driverlib/gcc/Release/driverlib.a(flash.obj)

.debug_abbrev   0x00000000     0x3ecf
 .debug_abbrev  0x00000000       0x43 ./main_nortos.o
 .debug_abbrev  0x00000043      0x14b ./pwmled2.o
 .debug_abbrev  0x0000018e      0x192 ./syscfg/ti_drivers_config.o
 .debug_abbrev  0x00000320      0x386 C:/ti/simplelink_cc32xx_sdk_7_10_00_13/source\ti/drivers/lib/gcc/m4/drivers_cc32xx.a(GPIOCC32XX.c.obj)
 .debug_abbrev  0x000006a6      0x509 C:/ti/simplelink_cc32xx_sdk_7_10_00_13/source\ti/drivers/lib/gcc/m4/drivers_cc32xx.a(PowerCC32XX.c.obj)
 .debug_abbrev  0x00000baf      0x2eb C:/ti/simplelink_cc32xx_sdk_7_10_00_13/source\ti/drivers/lib/gcc/m4/drivers_cc32xx.a(PWM.c.obj)
 .debug_abbrev  0x00000e9a      0x36a C:/ti/simplelink_cc32xx_sdk_7_10_00_13/source\ti/drivers/lib/gcc/m4/drivers_cc32xx.a(PWMTimerCC32XX.c.obj)
 .debug_abbrev  0x00001204      0x458 C:/ti/simplelink_cc32xx_sdk_7_10_00_13/source\ti/drivers/lib/gcc/m4/drivers_cc32xx.a(TimerCC32XX.c.obj)
 .debug_abbrev  0x0000165c      0x27b C:/ti/simplelink_cc32xx_sdk_7_10_00_13/source\ti/drivers/lib/gcc/m4/drivers_cc32xx.a(List.c.obj)
 .debug_abbrev  0x000018d7      0x116 C:/ti/simplelink_cc32xx_sdk_7_10_00_13/kernel/nortos\lib/gcc/m4/nortos_cc32xx.a(NoRTOS.c.obj)
 .debug_abbrev  0x000019ed       0xaa C:/ti/simplelink_cc32xx_sdk_7_10_00_13/kernel/nortos\lib/gcc/m4/nortos_cc32xx.a(posix_sleep.c.obj)
 .debug_abbrev  0x00001a97      0x470 C:/ti/simplelink_cc32xx_sdk_7_10_00_13/kernel/nortos\lib/gcc/m4/nortos_cc32xx.a(SemaphoreP_nortos.c.obj)
 .debug_abbrev  0x00001f07      0x5d6 C:/ti/simplelink_cc32xx_sdk_7_10_00_13/kernel/nortos\lib/gcc/m4/nortos_cc32xx.a(ClockPSysTick_nortos.c.obj)
 .debug_abbrev  0x000024dd      0x4e6 C:/ti/simplelink_cc32xx_sdk_7_10_00_13/kernel/nortos\lib/gcc/m4/nortos_cc32xx.a(HwiPCC32XX_nortos.c.obj)
 .debug_abbrev  0x000029c3      0x249 C:/ti/simplelink_cc32xx_sdk_7_10_00_13/kernel/nortos\lib/gcc/m4/nortos_cc32xx.a(PowerCC32XX_nortos.c.obj)
 .debug_abbrev  0x00002c0c      0x301 C:/ti/simplelink_cc32xx_sdk_7_10_00_13/kernel/nortos\lib/gcc/m4/nortos_cc32xx.a(startup_cc32xx_gcc.c.obj)
 .debug_abbrev  0x00002f0d      0x523 C:/ti/simplelink_cc32xx_sdk_7_10_00_13/kernel/nortos\lib/gcc/m4/nortos_cc32xx.a(SwiP_nortos.c.obj)
 .debug_abbrev  0x00003430       0xe0 C:/ti/simplelink_cc32xx_sdk_7_10_00_13/source\ti/devices/cc32xx/driverlib/gcc/Release/driverlib.a(cpu.obj)
 .debug_abbrev  0x00003510      0x12e C:/ti/simplelink_cc32xx_sdk_7_10_00_13/source\ti/devices/cc32xx/driverlib/gcc/Release/driverlib.a(gpio.obj)
 .debug_abbrev  0x0000363e      0x15d C:/ti/simplelink_cc32xx_sdk_7_10_00_13/source\ti/devices/cc32xx/driverlib/gcc/Release/driverlib.a(interrupt.obj)
 .debug_abbrev  0x0000379b      0x158 C:/ti/simplelink_cc32xx_sdk_7_10_00_13/source\ti/devices/cc32xx/driverlib/gcc/Release/driverlib.a(pin.obj)
 .debug_abbrev  0x000038f3      0x20f C:/ti/simplelink_cc32xx_sdk_7_10_00_13/source\ti/devices/cc32xx/driverlib/gcc/Release/driverlib.a(prcm.obj)
 .debug_abbrev  0x00003b02       0xe4 C:/ti/simplelink_cc32xx_sdk_7_10_00_13/source\ti/devices/cc32xx/driverlib/gcc/Release/driverlib.a(systick.obj)
 .debug_abbrev  0x00003be6       0xec C:/ti/simplelink_cc32xx_sdk_7_10_00_13/source\ti/devices/cc32xx/driverlib/gcc/Release/driverlib.a(timer.obj)
 .debug_abbrev  0x00003cd2       0x4c C:/ti/simplelink_cc32xx_sdk_7_10_00_13/source\ti/devices/cc32xx/driverlib/gcc/Release/driverlib.a(utils.obj)
 .debug_abbrev  0x00003d1e      0x1b1 C:/ti/simplelink_cc32xx_sdk_7_10_00_13/source\ti/devices/cc32xx/driverlib/gcc/Release/driverlib.a(flash.obj)

.debug_aranges  0x00000000      0xcc8
 .debug_aranges
                0x00000000       0x20 ./main_nortos.o
 .debug_aranges
                0x00000020       0x20 ./pwmled2.o
 .debug_aranges
                0x00000040       0x28 ./syscfg/ti_drivers_config.o
 .debug_aranges
                0x00000068       0x78 C:/ti/simplelink_cc32xx_sdk_7_10_00_13/source\ti/drivers/lib/gcc/m4/drivers_cc32xx.a(GPIOCC32XX.c.obj)
 .debug_aranges
                0x000000e0       0xf0 C:/ti/simplelink_cc32xx_sdk_7_10_00_13/source\ti/drivers/lib/gcc/m4/drivers_cc32xx.a(PowerCC32XX.c.obj)
 .debug_aranges
                0x000001d0       0x68 C:/ti/simplelink_cc32xx_sdk_7_10_00_13/source\ti/drivers/lib/gcc/m4/drivers_cc32xx.a(PWM.c.obj)
 .debug_aranges
                0x00000238       0x70 C:/ti/simplelink_cc32xx_sdk_7_10_00_13/source\ti/drivers/lib/gcc/m4/drivers_cc32xx.a(PWMTimerCC32XX.c.obj)
 .debug_aranges
                0x000002a8       0x78 C:/ti/simplelink_cc32xx_sdk_7_10_00_13/source\ti/drivers/lib/gcc/m4/drivers_cc32xx.a(TimerCC32XX.c.obj)
 .debug_aranges
                0x00000320       0x48 C:/ti/simplelink_cc32xx_sdk_7_10_00_13/source\ti/drivers/lib/gcc/m4/drivers_cc32xx.a(List.c.obj)
 .debug_aranges
                0x00000368       0x30 C:/ti/simplelink_cc32xx_sdk_7_10_00_13/kernel/nortos\lib/gcc/m4/nortos_cc32xx.a(NoRTOS.c.obj)
 .debug_aranges
                0x00000398       0x28 C:/ti/simplelink_cc32xx_sdk_7_10_00_13/kernel/nortos\lib/gcc/m4/nortos_cc32xx.a(posix_sleep.c.obj)
 .debug_aranges
                0x000003c0       0x78 C:/ti/simplelink_cc32xx_sdk_7_10_00_13/kernel/nortos\lib/gcc/m4/nortos_cc32xx.a(SemaphoreP_nortos.c.obj)
 .debug_aranges
                0x00000438       0xd0 C:/ti/simplelink_cc32xx_sdk_7_10_00_13/kernel/nortos\lib/gcc/m4/nortos_cc32xx.a(ClockPSysTick_nortos.c.obj)
 .debug_aranges
                0x00000508       0xb8 C:/ti/simplelink_cc32xx_sdk_7_10_00_13/kernel/nortos\lib/gcc/m4/nortos_cc32xx.a(HwiPCC32XX_nortos.c.obj)
 .debug_aranges
                0x000005c0       0x28 C:/ti/simplelink_cc32xx_sdk_7_10_00_13/kernel/nortos\lib/gcc/m4/nortos_cc32xx.a(PowerCC32XX_nortos.c.obj)
 .debug_aranges
                0x000005e8       0x50 C:/ti/simplelink_cc32xx_sdk_7_10_00_13/kernel/nortos\lib/gcc/m4/nortos_cc32xx.a(startup_cc32xx_gcc.c.obj)
 .debug_aranges
                0x00000638       0xa8 C:/ti/simplelink_cc32xx_sdk_7_10_00_13/kernel/nortos\lib/gcc/m4/nortos_cc32xx.a(SwiP_nortos.c.obj)
 .debug_aranges
                0x000006e0       0x48 C:/ti/simplelink_cc32xx_sdk_7_10_00_13/source\ti/devices/cc32xx/driverlib/gcc/Release/driverlib.a(cpu.obj)
 .debug_aranges
                0x00000728       0x90 C:/ti/simplelink_cc32xx_sdk_7_10_00_13/source\ti/devices/cc32xx/driverlib/gcc/Release/driverlib.a(gpio.obj)
 .debug_aranges
                0x000007b8       0x98 C:/ti/simplelink_cc32xx_sdk_7_10_00_13/source\ti/devices/cc32xx/driverlib/gcc/Release/driverlib.a(interrupt.obj)
 .debug_aranges
                0x00000850       0xc0 C:/ti/simplelink_cc32xx_sdk_7_10_00_13/source\ti/devices/cc32xx/driverlib/gcc/Release/driverlib.a(pin.obj)
 .debug_aranges
                0x00000910      0x1d8 C:/ti/simplelink_cc32xx_sdk_7_10_00_13/source\ti/devices/cc32xx/driverlib/gcc/Release/driverlib.a(prcm.obj)
 .debug_aranges
                0x00000ae8       0x60 C:/ti/simplelink_cc32xx_sdk_7_10_00_13/source\ti/devices/cc32xx/driverlib/gcc/Release/driverlib.a(systick.obj)
 .debug_aranges
                0x00000b48       0xd8 C:/ti/simplelink_cc32xx_sdk_7_10_00_13/source\ti/devices/cc32xx/driverlib/gcc/Release/driverlib.a(timer.obj)
 .debug_aranges
                0x00000c20       0x20 C:/ti/simplelink_cc32xx_sdk_7_10_00_13/source\ti/devices/cc32xx/driverlib/gcc/Release/driverlib.a(utils.obj)
 .debug_aranges
                0x00000c40       0x88 C:/ti/simplelink_cc32xx_sdk_7_10_00_13/source\ti/devices/cc32xx/driverlib/gcc/Release/driverlib.a(flash.obj)

.debug_ranges   0x00000000     0x15f8
 .debug_ranges  0x00000000       0x10 ./main_nortos.o
 .debug_ranges  0x00000010       0x10 ./pwmled2.o
 .debug_ranges  0x00000020       0x18 ./syscfg/ti_drivers_config.o
 .debug_ranges  0x00000038       0x68 C:/ti/simplelink_cc32xx_sdk_7_10_00_13/source\ti/drivers/lib/gcc/m4/drivers_cc32xx.a(GPIOCC32XX.c.obj)
 .debug_ranges  0x000000a0      0x220 C:/ti/simplelink_cc32xx_sdk_7_10_00_13/source\ti/drivers/lib/gcc/m4/drivers_cc32xx.a(PowerCC32XX.c.obj)
 .debug_ranges  0x000002c0       0x58 C:/ti/simplelink_cc32xx_sdk_7_10_00_13/source\ti/drivers/lib/gcc/m4/drivers_cc32xx.a(PWM.c.obj)
 .debug_ranges  0x00000318      0x1b8 C:/ti/simplelink_cc32xx_sdk_7_10_00_13/source\ti/drivers/lib/gcc/m4/drivers_cc32xx.a(PWMTimerCC32XX.c.obj)
 .debug_ranges  0x000004d0      0x198 C:/ti/simplelink_cc32xx_sdk_7_10_00_13/source\ti/drivers/lib/gcc/m4/drivers_cc32xx.a(TimerCC32XX.c.obj)
 .debug_ranges  0x00000668       0x38 C:/ti/simplelink_cc32xx_sdk_7_10_00_13/source\ti/drivers/lib/gcc/m4/drivers_cc32xx.a(List.c.obj)
 .debug_ranges  0x000006a0       0x20 C:/ti/simplelink_cc32xx_sdk_7_10_00_13/kernel/nortos\lib/gcc/m4/nortos_cc32xx.a(NoRTOS.c.obj)
 .debug_ranges  0x000006c0       0x18 C:/ti/simplelink_cc32xx_sdk_7_10_00_13/kernel/nortos\lib/gcc/m4/nortos_cc32xx.a(posix_sleep.c.obj)
 .debug_ranges  0x000006d8      0x280 C:/ti/simplelink_cc32xx_sdk_7_10_00_13/kernel/nortos\lib/gcc/m4/nortos_cc32xx.a(SemaphoreP_nortos.c.obj)
 .debug_ranges  0x00000958      0x460 C:/ti/simplelink_cc32xx_sdk_7_10_00_13/kernel/nortos\lib/gcc/m4/nortos_cc32xx.a(ClockPSysTick_nortos.c.obj)
 .debug_ranges  0x00000db8      0x100 C:/ti/simplelink_cc32xx_sdk_7_10_00_13/kernel/nortos\lib/gcc/m4/nortos_cc32xx.a(HwiPCC32XX_nortos.c.obj)
 .debug_ranges  0x00000eb8       0x18 C:/ti/simplelink_cc32xx_sdk_7_10_00_13/kernel/nortos\lib/gcc/m4/nortos_cc32xx.a(PowerCC32XX_nortos.c.obj)
 .debug_ranges  0x00000ed0       0x40 C:/ti/simplelink_cc32xx_sdk_7_10_00_13/kernel/nortos\lib/gcc/m4/nortos_cc32xx.a(startup_cc32xx_gcc.c.obj)
 .debug_ranges  0x00000f10      0x178 C:/ti/simplelink_cc32xx_sdk_7_10_00_13/kernel/nortos\lib/gcc/m4/nortos_cc32xx.a(SwiP_nortos.c.obj)
 .debug_ranges  0x00001088       0x38 C:/ti/simplelink_cc32xx_sdk_7_10_00_13/source\ti/devices/cc32xx/driverlib/gcc/Release/driverlib.a(cpu.obj)
 .debug_ranges  0x000010c0       0x80 C:/ti/simplelink_cc32xx_sdk_7_10_00_13/source\ti/devices/cc32xx/driverlib/gcc/Release/driverlib.a(gpio.obj)
 .debug_ranges  0x00001140       0x88 C:/ti/simplelink_cc32xx_sdk_7_10_00_13/source\ti/devices/cc32xx/driverlib/gcc/Release/driverlib.a(interrupt.obj)
 .debug_ranges  0x000011c8       0xb0 C:/ti/simplelink_cc32xx_sdk_7_10_00_13/source\ti/devices/cc32xx/driverlib/gcc/Release/driverlib.a(pin.obj)
 .debug_ranges  0x00001278      0x1e0 C:/ti/simplelink_cc32xx_sdk_7_10_00_13/source\ti/devices/cc32xx/driverlib/gcc/Release/driverlib.a(prcm.obj)
 .debug_ranges  0x00001458       0x50 C:/ti/simplelink_cc32xx_sdk_7_10_00_13/source\ti/devices/cc32xx/driverlib/gcc/Release/driverlib.a(systick.obj)
 .debug_ranges  0x000014a8       0xc8 C:/ti/simplelink_cc32xx_sdk_7_10_00_13/source\ti/devices/cc32xx/driverlib/gcc/Release/driverlib.a(timer.obj)
 .debug_ranges  0x00001570       0x10 C:/ti/simplelink_cc32xx_sdk_7_10_00_13/source\ti/devices/cc32xx/driverlib/gcc/Release/driverlib.a(utils.obj)
 .debug_ranges  0x00001580       0x78 C:/ti/simplelink_cc32xx_sdk_7_10_00_13/source\ti/devices/cc32xx/driverlib/gcc/Release/driverlib.a(flash.obj)

.debug_line     0x00000000     0xc6b2
 .debug_line    0x00000000       0x77 ./main_nortos.o
 .debug_line    0x00000077      0x33b ./pwmled2.o
 .debug_line    0x000003b2      0x30e ./syscfg/ti_drivers_config.o
 .debug_line    0x000006c0      0xd44 C:/ti/simplelink_cc32xx_sdk_7_10_00_13/source\ti/drivers/lib/gcc/m4/drivers_cc32xx.a(GPIOCC32XX.c.obj)
 .debug_line    0x00001404     0x1887 C:/ti/simplelink_cc32xx_sdk_7_10_00_13/source\ti/drivers/lib/gcc/m4/drivers_cc32xx.a(PowerCC32XX.c.obj)
 .debug_line    0x00002c8b      0x617 C:/ti/simplelink_cc32xx_sdk_7_10_00_13/source\ti/drivers/lib/gcc/m4/drivers_cc32xx.a(PWM.c.obj)
 .debug_line    0x000032a2     0x11ad C:/ti/simplelink_cc32xx_sdk_7_10_00_13/source\ti/drivers/lib/gcc/m4/drivers_cc32xx.a(PWMTimerCC32XX.c.obj)
 .debug_line    0x0000444f      0xdae C:/ti/simplelink_cc32xx_sdk_7_10_00_13/source\ti/drivers/lib/gcc/m4/drivers_cc32xx.a(TimerCC32XX.c.obj)
 .debug_line    0x000051fd      0x5f8 C:/ti/simplelink_cc32xx_sdk_7_10_00_13/source\ti/drivers/lib/gcc/m4/drivers_cc32xx.a(List.c.obj)
 .debug_line    0x000057f5      0x36d C:/ti/simplelink_cc32xx_sdk_7_10_00_13/kernel/nortos\lib/gcc/m4/nortos_cc32xx.a(NoRTOS.c.obj)
 .debug_line    0x00005b62      0x30d C:/ti/simplelink_cc32xx_sdk_7_10_00_13/kernel/nortos\lib/gcc/m4/nortos_cc32xx.a(posix_sleep.c.obj)
 .debug_line    0x00005e6f      0xbfc C:/ti/simplelink_cc32xx_sdk_7_10_00_13/kernel/nortos\lib/gcc/m4/nortos_cc32xx.a(SemaphoreP_nortos.c.obj)
 .debug_line    0x00006a6b     0x11ae C:/ti/simplelink_cc32xx_sdk_7_10_00_13/kernel/nortos\lib/gcc/m4/nortos_cc32xx.a(ClockPSysTick_nortos.c.obj)
 .debug_line    0x00007c19      0x950 C:/ti/simplelink_cc32xx_sdk_7_10_00_13/kernel/nortos\lib/gcc/m4/nortos_cc32xx.a(HwiPCC32XX_nortos.c.obj)
 .debug_line    0x00008569      0x8bf C:/ti/simplelink_cc32xx_sdk_7_10_00_13/kernel/nortos\lib/gcc/m4/nortos_cc32xx.a(PowerCC32XX_nortos.c.obj)
 .debug_line    0x00008e28      0x57f C:/ti/simplelink_cc32xx_sdk_7_10_00_13/kernel/nortos\lib/gcc/m4/nortos_cc32xx.a(startup_cc32xx_gcc.c.obj)
 .debug_line    0x000093a7      0xd94 C:/ti/simplelink_cc32xx_sdk_7_10_00_13/kernel/nortos\lib/gcc/m4/nortos_cc32xx.a(SwiP_nortos.c.obj)
 .debug_line    0x0000a13b      0x113 C:/ti/simplelink_cc32xx_sdk_7_10_00_13/source\ti/devices/cc32xx/driverlib/gcc/Release/driverlib.a(cpu.obj)
 .debug_line    0x0000a24e      0x402 C:/ti/simplelink_cc32xx_sdk_7_10_00_13/source\ti/devices/cc32xx/driverlib/gcc/Release/driverlib.a(gpio.obj)
 .debug_line    0x0000a650      0x3fa C:/ti/simplelink_cc32xx_sdk_7_10_00_13/source\ti/devices/cc32xx/driverlib/gcc/Release/driverlib.a(interrupt.obj)
 .debug_line    0x0000aa4a      0x3ed C:/ti/simplelink_cc32xx_sdk_7_10_00_13/source\ti/devices/cc32xx/driverlib/gcc/Release/driverlib.a(pin.obj)
 .debug_line    0x0000ae37      0xd2b C:/ti/simplelink_cc32xx_sdk_7_10_00_13/source\ti/devices/cc32xx/driverlib/gcc/Release/driverlib.a(prcm.obj)
 .debug_line    0x0000bb62      0x15d C:/ti/simplelink_cc32xx_sdk_7_10_00_13/source\ti/devices/cc32xx/driverlib/gcc/Release/driverlib.a(systick.obj)
 .debug_line    0x0000bcbf      0x581 C:/ti/simplelink_cc32xx_sdk_7_10_00_13/source\ti/devices/cc32xx/driverlib/gcc/Release/driverlib.a(timer.obj)
 .debug_line    0x0000c240       0x8a C:/ti/simplelink_cc32xx_sdk_7_10_00_13/source\ti/devices/cc32xx/driverlib/gcc/Release/driverlib.a(utils.obj)
 .debug_line    0x0000c2ca      0x3e8 C:/ti/simplelink_cc32xx_sdk_7_10_00_13/source\ti/devices/cc32xx/driverlib/gcc/Release/driverlib.a(flash.obj)

.debug_str      0x00000000     0x4af4
 .debug_str     0x00000000      0x16d ./main_nortos.o
                                0x1a6 (size before relaxing)
 .debug_str     0x0000016d      0x2dc ./pwmled2.o
                                0x49e (size before relaxing)
 .debug_str     0x00000449      0x711 ./syscfg/ti_drivers_config.o
                                0xb6d (size before relaxing)
 .debug_str     0x00000b5a      0x638 C:/ti/simplelink_cc32xx_sdk_7_10_00_13/source\ti/drivers/lib/gcc/m4/drivers_cc32xx.a(GPIOCC32XX.c.obj)
                                0xaa4 (size before relaxing)
 .debug_str     0x00001192      0x955 C:/ti/simplelink_cc32xx_sdk_7_10_00_13/source\ti/drivers/lib/gcc/m4/drivers_cc32xx.a(PowerCC32XX.c.obj)
                               0x126c (size before relaxing)
 .debug_str     0x00001ae7      0x4da C:/ti/simplelink_cc32xx_sdk_7_10_00_13/source\ti/drivers/lib/gcc/m4/drivers_cc32xx.a(PWM.c.obj)
                                0xa03 (size before relaxing)
 .debug_str     0x00001fc1      0x43e C:/ti/simplelink_cc32xx_sdk_7_10_00_13/source\ti/drivers/lib/gcc/m4/drivers_cc32xx.a(PWMTimerCC32XX.c.obj)
                                0xdb9 (size before relaxing)
 .debug_str     0x000023ff      0x3f1 C:/ti/simplelink_cc32xx_sdk_7_10_00_13/source\ti/drivers/lib/gcc/m4/drivers_cc32xx.a(TimerCC32XX.c.obj)
                                0xa4d (size before relaxing)
 .debug_str     0x000027f0       0xf5 C:/ti/simplelink_cc32xx_sdk_7_10_00_13/source\ti/drivers/lib/gcc/m4/drivers_cc32xx.a(List.c.obj)
                                0x76c (size before relaxing)
 .debug_str     0x000028e5      0x1dc C:/ti/simplelink_cc32xx_sdk_7_10_00_13/kernel/nortos\lib/gcc/m4/nortos_cc32xx.a(NoRTOS.c.obj)
                                0x3e7 (size before relaxing)
 .debug_str     0x00002ac1       0xd5 C:/ti/simplelink_cc32xx_sdk_7_10_00_13/kernel/nortos\lib/gcc/m4/nortos_cc32xx.a(posix_sleep.c.obj)
                                0x2f6 (size before relaxing)
 .debug_str     0x00002b96      0x256 C:/ti/simplelink_cc32xx_sdk_7_10_00_13/kernel/nortos\lib/gcc/m4/nortos_cc32xx.a(SemaphoreP_nortos.c.obj)
                                0xa16 (size before relaxing)
 .debug_str     0x00002dec      0x30b C:/ti/simplelink_cc32xx_sdk_7_10_00_13/kernel/nortos\lib/gcc/m4/nortos_cc32xx.a(ClockPSysTick_nortos.c.obj)
                                0xb73 (size before relaxing)
 .debug_str     0x000030f7      0x3e9 C:/ti/simplelink_cc32xx_sdk_7_10_00_13/kernel/nortos\lib/gcc/m4/nortos_cc32xx.a(HwiPCC32XX_nortos.c.obj)
                                0xb49 (size before relaxing)
 .debug_str     0x000034e0      0x200 C:/ti/simplelink_cc32xx_sdk_7_10_00_13/kernel/nortos\lib/gcc/m4/nortos_cc32xx.a(PowerCC32XX_nortos.c.obj)
                                0x7c1 (size before relaxing)
 .debug_str     0x000036e0      0x1db C:/ti/simplelink_cc32xx_sdk_7_10_00_13/kernel/nortos\lib/gcc/m4/nortos_cc32xx.a(startup_cc32xx_gcc.c.obj)
                                0x7fe (size before relaxing)
 .debug_str     0x000038bb      0x37a C:/ti/simplelink_cc32xx_sdk_7_10_00_13/kernel/nortos\lib/gcc/m4/nortos_cc32xx.a(SwiP_nortos.c.obj)
                                0xac2 (size before relaxing)
 .debug_str     0x00003c35      0x19f C:/ti/simplelink_cc32xx_sdk_7_10_00_13/source\ti/devices/cc32xx/driverlib/gcc/Release/driverlib.a(cpu.obj)
                                0x1bc (size before relaxing)
 .debug_str     0x00003dd4      0x140 C:/ti/simplelink_cc32xx_sdk_7_10_00_13/source\ti/devices/cc32xx/driverlib/gcc/Release/driverlib.a(gpio.obj)
                                0x2ec (size before relaxing)
 .debug_str     0x00003f14      0x17f C:/ti/simplelink_cc32xx_sdk_7_10_00_13/source\ti/devices/cc32xx/driverlib/gcc/Release/driverlib.a(interrupt.obj)
                                0x34d (size before relaxing)
 .debug_str     0x00004093      0x13a C:/ti/simplelink_cc32xx_sdk_7_10_00_13/source\ti/devices/cc32xx/driverlib/gcc/Release/driverlib.a(pin.obj)
                                0x32a (size before relaxing)
 .debug_str     0x000041cd      0x4f9 C:/ti/simplelink_cc32xx_sdk_7_10_00_13/source\ti/devices/cc32xx/driverlib/gcc/Release/driverlib.a(prcm.obj)
                                0x893 (size before relaxing)
 .debug_str     0x000046c6       0xa5 C:/ti/simplelink_cc32xx_sdk_7_10_00_13/source\ti/devices/cc32xx/driverlib/gcc/Release/driverlib.a(systick.obj)
                                0x229 (size before relaxing)
 .debug_str     0x0000476b      0x160 C:/ti/simplelink_cc32xx_sdk_7_10_00_13/source\ti/devices/cc32xx/driverlib/gcc/Release/driverlib.a(timer.obj)
                                0x362 (size before relaxing)
 .debug_str     0x000048cb       0x65 C:/ti/simplelink_cc32xx_sdk_7_10_00_13/source\ti/devices/cc32xx/driverlib/gcc/Release/driverlib.a(utils.obj)
                                0x17e (size before relaxing)
 .debug_str     0x00004930      0x1c4 C:/ti/simplelink_cc32xx_sdk_7_10_00_13/source\ti/devices/cc32xx/driverlib/gcc/Release/driverlib.a(flash.obj)
                                0x330 (size before relaxing)

.comment        0x00000000       0x79
 .comment       0x00000000       0x79 ./main_nortos.o
                                 0x7a (size before relaxing)
 .comment       0x00000079       0x7a ./pwmled2.o
 .comment       0x00000079       0x7a ./syscfg/ti_drivers_config.o
 .comment       0x00000079       0x7a C:/ti/simplelink_cc32xx_sdk_7_10_00_13/source\ti/drivers/lib/gcc/m4/drivers_cc32xx.a(GPIOCC32XX.c.obj)
 .comment       0x00000079       0x7a C:/ti/simplelink_cc32xx_sdk_7_10_00_13/source\ti/drivers/lib/gcc/m4/drivers_cc32xx.a(PowerCC32XX.c.obj)
 .comment       0x00000079       0x7a C:/ti/simplelink_cc32xx_sdk_7_10_00_13/source\ti/drivers/lib/gcc/m4/drivers_cc32xx.a(PWM.c.obj)
 .comment       0x00000079       0x7a C:/ti/simplelink_cc32xx_sdk_7_10_00_13/source\ti/drivers/lib/gcc/m4/drivers_cc32xx.a(PWMTimerCC32XX.c.obj)
 .comment       0x00000079       0x7a C:/ti/simplelink_cc32xx_sdk_7_10_00_13/source\ti/drivers/lib/gcc/m4/drivers_cc32xx.a(TimerCC32XX.c.obj)
 .comment       0x00000079       0x7a C:/ti/simplelink_cc32xx_sdk_7_10_00_13/source\ti/drivers/lib/gcc/m4/drivers_cc32xx.a(List.c.obj)
 .comment       0x00000079       0x7a C:/ti/simplelink_cc32xx_sdk_7_10_00_13/kernel/nortos\lib/gcc/m4/nortos_cc32xx.a(NoRTOS.c.obj)
 .comment       0x00000079       0x7a C:/ti/simplelink_cc32xx_sdk_7_10_00_13/kernel/nortos\lib/gcc/m4/nortos_cc32xx.a(posix_sleep.c.obj)
 .comment       0x00000079       0x7a C:/ti/simplelink_cc32xx_sdk_7_10_00_13/kernel/nortos\lib/gcc/m4/nortos_cc32xx.a(SemaphoreP_nortos.c.obj)
 .comment       0x00000079       0x7a C:/ti/simplelink_cc32xx_sdk_7_10_00_13/kernel/nortos\lib/gcc/m4/nortos_cc32xx.a(ClockPSysTick_nortos.c.obj)
 .comment       0x00000079       0x7a C:/ti/simplelink_cc32xx_sdk_7_10_00_13/kernel/nortos\lib/gcc/m4/nortos_cc32xx.a(HwiPCC32XX_nortos.c.obj)
 .comment       0x00000079       0x7a C:/ti/simplelink_cc32xx_sdk_7_10_00_13/kernel/nortos\lib/gcc/m4/nortos_cc32xx.a(PowerCC32XX_nortos.c.obj)
 .comment       0x00000079       0x7a C:/ti/simplelink_cc32xx_sdk_7_10_00_13/kernel/nortos\lib/gcc/m4/nortos_cc32xx.a(startup_cc32xx_gcc.c.obj)
 .comment       0x00000079       0x7a C:/ti/simplelink_cc32xx_sdk_7_10_00_13/kernel/nortos\lib/gcc/m4/nortos_cc32xx.a(SwiP_nortos.c.obj)
 .comment       0x00000079       0x7a C:/ti/simplelink_cc32xx_sdk_7_10_00_13/source\ti/devices/cc32xx/driverlib/gcc/Release/driverlib.a(cpu.obj)
 .comment       0x00000079       0x7a C:/ti/simplelink_cc32xx_sdk_7_10_00_13/source\ti/devices/cc32xx/driverlib/gcc/Release/driverlib.a(gpio.obj)
 .comment       0x00000079       0x7a C:/ti/simplelink_cc32xx_sdk_7_10_00_13/source\ti/devices/cc32xx/driverlib/gcc/Release/driverlib.a(interrupt.obj)
 .comment       0x00000079       0x7a C:/ti/simplelink_cc32xx_sdk_7_10_00_13/source\ti/devices/cc32xx/driverlib/gcc/Release/driverlib.a(pin.obj)
 .comment       0x00000079       0x7a C:/ti/simplelink_cc32xx_sdk_7_10_00_13/source\ti/devices/cc32xx/driverlib/gcc/Release/driverlib.a(prcm.obj)
 .comment       0x00000079       0x7a C:/ti/simplelink_cc32xx_sdk_7_10_00_13/source\ti/devices/cc32xx/driverlib/gcc/Release/driverlib.a(systick.obj)
 .comment       0x00000079       0x7a C:/ti/simplelink_cc32xx_sdk_7_10_00_13/source\ti/devices/cc32xx/driverlib/gcc/Release/driverlib.a(timer.obj)
 .comment       0x00000079       0x7a C:/ti/simplelink_cc32xx_sdk_7_10_00_13/source\ti/devices/cc32xx/driverlib/gcc/Release/driverlib.a(utils.obj)
 .comment       0x00000079       0x7a C:/ti/simplelink_cc32xx_sdk_7_10_00_13/source\ti/devices/cc32xx/driverlib/gcc/Release/driverlib.a(flash.obj)

.ARM.attributes
                0x00000000       0x2c
 .ARM.attributes
                0x00000000       0x2e ./main_nortos.o
 .ARM.attributes
                0x0000002e       0x2e ./pwmled2.o
 .ARM.attributes
                0x0000005c       0x2e ./syscfg/ti_drivers_config.o
 .ARM.attributes
                0x0000008a       0x2e C:/ti/simplelink_cc32xx_sdk_7_10_00_13/source\ti/drivers/lib/gcc/m4/drivers_cc32xx.a(GPIOCC32XX.c.obj)
 .ARM.attributes
                0x000000b8       0x2e C:/ti/simplelink_cc32xx_sdk_7_10_00_13/source\ti/drivers/lib/gcc/m4/drivers_cc32xx.a(PowerCC32XX.c.obj)
 .ARM.attributes
                0x000000e6       0x1c C:/ti/simplelink_cc32xx_sdk_7_10_00_13/source\ti/drivers/lib/gcc/m4/drivers_cc32xx.a(PowerCC32XX_gcc.asm.obj)
 .ARM.attributes
                0x00000102       0x2e C:/ti/simplelink_cc32xx_sdk_7_10_00_13/source\ti/drivers/lib/gcc/m4/drivers_cc32xx.a(PWM.c.obj)
 .ARM.attributes
                0x00000130       0x2e C:/ti/simplelink_cc32xx_sdk_7_10_00_13/source\ti/drivers/lib/gcc/m4/drivers_cc32xx.a(PWMTimerCC32XX.c.obj)
 .ARM.attributes
                0x0000015e       0x2e C:/ti/simplelink_cc32xx_sdk_7_10_00_13/source\ti/drivers/lib/gcc/m4/drivers_cc32xx.a(TimerCC32XX.c.obj)
 .ARM.attributes
                0x0000018c       0x2e C:/ti/simplelink_cc32xx_sdk_7_10_00_13/source\ti/drivers/lib/gcc/m4/drivers_cc32xx.a(List.c.obj)
 .ARM.attributes
                0x000001ba       0x2e C:/ti/simplelink_cc32xx_sdk_7_10_00_13/kernel/nortos\lib/gcc/m4/nortos_cc32xx.a(NoRTOS.c.obj)
 .ARM.attributes
                0x000001e8       0x2e C:/ti/simplelink_cc32xx_sdk_7_10_00_13/kernel/nortos\lib/gcc/m4/nortos_cc32xx.a(posix_sleep.c.obj)
 .ARM.attributes
                0x00000216       0x2e C:/ti/simplelink_cc32xx_sdk_7_10_00_13/kernel/nortos\lib/gcc/m4/nortos_cc32xx.a(SemaphoreP_nortos.c.obj)
 .ARM.attributes
                0x00000244       0x2e C:/ti/simplelink_cc32xx_sdk_7_10_00_13/kernel/nortos\lib/gcc/m4/nortos_cc32xx.a(ClockPSysTick_nortos.c.obj)
 .ARM.attributes
                0x00000272       0x2e C:/ti/simplelink_cc32xx_sdk_7_10_00_13/kernel/nortos\lib/gcc/m4/nortos_cc32xx.a(HwiPCC32XX_nortos.c.obj)
 .ARM.attributes
                0x000002a0       0x2e C:/ti/simplelink_cc32xx_sdk_7_10_00_13/kernel/nortos\lib/gcc/m4/nortos_cc32xx.a(PowerCC32XX_nortos.c.obj)
 .ARM.attributes
                0x000002ce       0x2e C:/ti/simplelink_cc32xx_sdk_7_10_00_13/kernel/nortos\lib/gcc/m4/nortos_cc32xx.a(startup_cc32xx_gcc.c.obj)
 .ARM.attributes
                0x000002fc       0x2e C:/ti/simplelink_cc32xx_sdk_7_10_00_13/kernel/nortos\lib/gcc/m4/nortos_cc32xx.a(SwiP_nortos.c.obj)
 .ARM.attributes
                0x0000032a       0x2e C:/ti/simplelink_cc32xx_sdk_7_10_00_13/source\ti/devices/cc32xx/driverlib/gcc/Release/driverlib.a(cpu.obj)
 .ARM.attributes
                0x00000358       0x2e C:/ti/simplelink_cc32xx_sdk_7_10_00_13/source\ti/devices/cc32xx/driverlib/gcc/Release/driverlib.a(gpio.obj)
 .ARM.attributes
                0x00000386       0x2e C:/ti/simplelink_cc32xx_sdk_7_10_00_13/source\ti/devices/cc32xx/driverlib/gcc/Release/driverlib.a(interrupt.obj)
 .ARM.attributes
                0x000003b4       0x2e C:/ti/simplelink_cc32xx_sdk_7_10_00_13/source\ti/devices/cc32xx/driverlib/gcc/Release/driverlib.a(pin.obj)
 .ARM.attributes
                0x000003e2       0x2e C:/ti/simplelink_cc32xx_sdk_7_10_00_13/source\ti/devices/cc32xx/driverlib/gcc/Release/driverlib.a(prcm.obj)
 .ARM.attributes
                0x00000410       0x2e C:/ti/simplelink_cc32xx_sdk_7_10_00_13/source\ti/devices/cc32xx/driverlib/gcc/Release/driverlib.a(systick.obj)
 .ARM.attributes
                0x0000043e       0x2e C:/ti/simplelink_cc32xx_sdk_7_10_00_13/source\ti/devices/cc32xx/driverlib/gcc/Release/driverlib.a(timer.obj)
 .ARM.attributes
                0x0000046c       0x2e C:/ti/simplelink_cc32xx_sdk_7_10_00_13/source\ti/devices/cc32xx/driverlib/gcc/Release/driverlib.a(utils.obj)
 .ARM.attributes
                0x0000049a       0x2e C:/ti/simplelink_cc32xx_sdk_7_10_00_13/source\ti/devices/cc32xx/driverlib/gcc/Release/driverlib.a(flash.obj)
 .ARM.attributes
                0x000004c8       0x1e c:/ti/ccs1270/ccs/tools/compiler/gcc-arm-none-eabi-9-2019-q4-major/bin/../lib/gcc/arm-none-eabi/9.2.1/thumb/v7e-m/nofp\libgcc.a(_aeabi_uldivmod.o)
 .ARM.attributes
                0x000004e6       0x2e c:/ti/ccs1270/ccs/tools/compiler/gcc-arm-none-eabi-9-2019-q4-major/bin/../lib/gcc/arm-none-eabi/9.2.1/thumb/v7e-m/nofp\libgcc.a(_udivmoddi4.o)
 .ARM.attributes
                0x00000514       0x1e c:/ti/ccs1270/ccs/tools/compiler/gcc-arm-none-eabi-9-2019-q4-major/bin/../lib/gcc/arm-none-eabi/9.2.1/thumb/v7e-m/nofp\libgcc.a(_dvmd_tls.o)
 .ARM.attributes
                0x00000532       0x2e C:/ti/ccs1270/ccs/tools/compiler/gcc-arm-none-eabi-9-2019-q4-major/arm-none-eabi/lib/thumb/v7e-m/nofp\libc_nano.a(lib_a-malloc.o)
 .ARM.attributes
                0x00000560       0x2e C:/ti/ccs1270/ccs/tools/compiler/gcc-arm-none-eabi-9-2019-q4-major/arm-none-eabi/lib/thumb/v7e-m/nofp\libc_nano.a(lib_a-memcpy-stub.o)
 .ARM.attributes
                0x0000058e       0x2e C:/ti/ccs1270/ccs/tools/compiler/gcc-arm-none-eabi-9-2019-q4-major/arm-none-eabi/lib/thumb/v7e-m/nofp\libc_nano.a(lib_a-memset.o)
 .ARM.attributes
                0x000005bc       0x2e C:/ti/ccs1270/ccs/tools/compiler/gcc-arm-none-eabi-9-2019-q4-major/arm-none-eabi/lib/thumb/v7e-m/nofp\libc_nano.a(lib_a-nano-freer.o)
 .ARM.attributes
                0x000005ea       0x2e C:/ti/ccs1270/ccs/tools/compiler/gcc-arm-none-eabi-9-2019-q4-major/arm-none-eabi/lib/thumb/v7e-m/nofp\libc_nano.a(lib_a-nano-mallocr.o)
 .ARM.attributes
                0x00000618       0x2e C:/ti/ccs1270/ccs/tools/compiler/gcc-arm-none-eabi-9-2019-q4-major/arm-none-eabi/lib/thumb/v7e-m/nofp\libc_nano.a(lib_a-sbrkr.o)
 .ARM.attributes
                0x00000646       0x2e C:/ti/ccs1270/ccs/tools/compiler/gcc-arm-none-eabi-9-2019-q4-major/arm-none-eabi/lib/thumb/v7e-m/nofp\libc_nano.a(lib_a-impure.o)
 .ARM.attributes
                0x00000674       0x2e C:/ti/ccs1270/ccs/tools/compiler/gcc-arm-none-eabi-9-2019-q4-major/arm-none-eabi/lib/thumb/v7e-m/nofp\libc_nano.a(lib_a-mlock.o)
 .ARM.attributes
                0x000006a2       0x2e C:/ti/ccs1270/ccs/tools/compiler/gcc-arm-none-eabi-9-2019-q4-major/arm-none-eabi/lib/thumb/v7e-m/nofp\libc_nano.a(lib_a-reent.o)
 .ARM.attributes
                0x000006d0       0x2e C:/ti/ccs1270/ccs/tools/compiler/gcc-arm-none-eabi-9-2019-q4-major/arm-none-eabi/lib/thumb/v7e-m/nofp\libc_nano.a(lib_a-lock.o)
 .ARM.attributes
                0x000006fe       0x2e C:/ti/ccs1270/ccs/tools/compiler/gcc-arm-none-eabi-9-2019-q4-major/arm-none-eabi/lib/thumb/v7e-m/nofp\libnosys.a(sbrk.o)

.debug_frame    0x00000000     0x2ee4
 .debug_frame   0x00000000       0x28 ./main_nortos.o
 .debug_frame   0x00000028       0x34 ./pwmled2.o
 .debug_frame   0x0000005c       0x38 ./syscfg/ti_drivers_config.o
 .debug_frame   0x00000094      0x1d0 C:/ti/simplelink_cc32xx_sdk_7_10_00_13/source\ti/drivers/lib/gcc/m4/drivers_cc32xx.a(GPIOCC32XX.c.obj)
 .debug_frame   0x00000264      0x2fc C:/ti/simplelink_cc32xx_sdk_7_10_00_13/source\ti/drivers/lib/gcc/m4/drivers_cc32xx.a(PowerCC32XX.c.obj)
 .debug_frame   0x00000560       0xdc C:/ti/simplelink_cc32xx_sdk_7_10_00_13/source\ti/drivers/lib/gcc/m4/drivers_cc32xx.a(PWM.c.obj)
 .debug_frame   0x0000063c      0x1f0 C:/ti/simplelink_cc32xx_sdk_7_10_00_13/source\ti/drivers/lib/gcc/m4/drivers_cc32xx.a(PWMTimerCC32XX.c.obj)
 .debug_frame   0x0000082c      0x1b8 C:/ti/simplelink_cc32xx_sdk_7_10_00_13/source\ti/drivers/lib/gcc/m4/drivers_cc32xx.a(TimerCC32XX.c.obj)
 .debug_frame   0x000009e4       0xf8 C:/ti/simplelink_cc32xx_sdk_7_10_00_13/source\ti/drivers/lib/gcc/m4/drivers_cc32xx.a(List.c.obj)
 .debug_frame   0x00000adc       0x4c C:/ti/simplelink_cc32xx_sdk_7_10_00_13/kernel/nortos\lib/gcc/m4/nortos_cc32xx.a(NoRTOS.c.obj)
 .debug_frame   0x00000b28       0x30 C:/ti/simplelink_cc32xx_sdk_7_10_00_13/kernel/nortos\lib/gcc/m4/nortos_cc32xx.a(posix_sleep.c.obj)
 .debug_frame   0x00000b58      0x150 C:/ti/simplelink_cc32xx_sdk_7_10_00_13/kernel/nortos\lib/gcc/m4/nortos_cc32xx.a(SemaphoreP_nortos.c.obj)
 .debug_frame   0x00000ca8      0x294 C:/ti/simplelink_cc32xx_sdk_7_10_00_13/kernel/nortos\lib/gcc/m4/nortos_cc32xx.a(ClockPSysTick_nortos.c.obj)
 .debug_frame   0x00000f3c      0x1c8 C:/ti/simplelink_cc32xx_sdk_7_10_00_13/kernel/nortos\lib/gcc/m4/nortos_cc32xx.a(HwiPCC32XX_nortos.c.obj)
 .debug_frame   0x00001104       0x58 C:/ti/simplelink_cc32xx_sdk_7_10_00_13/kernel/nortos\lib/gcc/m4/nortos_cc32xx.a(PowerCC32XX_nortos.c.obj)
 .debug_frame   0x0000115c       0x9c C:/ti/simplelink_cc32xx_sdk_7_10_00_13/kernel/nortos\lib/gcc/m4/nortos_cc32xx.a(startup_cc32xx_gcc.c.obj)
 .debug_frame   0x000011f8      0x274 C:/ti/simplelink_cc32xx_sdk_7_10_00_13/kernel/nortos\lib/gcc/m4/nortos_cc32xx.a(SwiP_nortos.c.obj)
 .debug_frame   0x0000146c       0x70 C:/ti/simplelink_cc32xx_sdk_7_10_00_13/source\ti/devices/cc32xx/driverlib/gcc/Release/driverlib.a(cpu.obj)
 .debug_frame   0x000014dc      0x260 C:/ti/simplelink_cc32xx_sdk_7_10_00_13/source\ti/devices/cc32xx/driverlib/gcc/Release/driverlib.a(gpio.obj)
 .debug_frame   0x0000173c      0x258 C:/ti/simplelink_cc32xx_sdk_7_10_00_13/source\ti/devices/cc32xx/driverlib/gcc/Release/driverlib.a(interrupt.obj)
 .debug_frame   0x00001994      0x32c C:/ti/simplelink_cc32xx_sdk_7_10_00_13/source\ti/devices/cc32xx/driverlib/gcc/Release/driverlib.a(pin.obj)
 .debug_frame   0x00001cc0      0x828 C:/ti/simplelink_cc32xx_sdk_7_10_00_13/source\ti/devices/cc32xx/driverlib/gcc/Release/driverlib.a(prcm.obj)
 .debug_frame   0x000024e8      0x138 C:/ti/simplelink_cc32xx_sdk_7_10_00_13/source\ti/devices/cc32xx/driverlib/gcc/Release/driverlib.a(systick.obj)
 .debug_frame   0x00002620      0x3c8 C:/ti/simplelink_cc32xx_sdk_7_10_00_13/source\ti/devices/cc32xx/driverlib/gcc/Release/driverlib.a(timer.obj)
 .debug_frame   0x000029e8       0x20 C:/ti/simplelink_cc32xx_sdk_7_10_00_13/source\ti/devices/cc32xx/driverlib/gcc/Release/driverlib.a(utils.obj)
 .debug_frame   0x00002a08      0x214 C:/ti/simplelink_cc32xx_sdk_7_10_00_13/source\ti/devices/cc32xx/driverlib/gcc/Release/driverlib.a(flash.obj)
 .debug_frame   0x00002c1c       0x2c c:/ti/ccs1270/ccs/tools/compiler/gcc-arm-none-eabi-9-2019-q4-major/bin/../lib/gcc/arm-none-eabi/9.2.1/thumb/v7e-m/nofp\libgcc.a(_aeabi_uldivmod.o)
 .debug_frame   0x00002c48       0x34 c:/ti/ccs1270/ccs/tools/compiler/gcc-arm-none-eabi-9-2019-q4-major/bin/../lib/gcc/arm-none-eabi/9.2.1/thumb/v7e-m/nofp\libgcc.a(_udivmoddi4.o)
 .debug_frame   0x00002c7c       0x30 C:/ti/ccs1270/ccs/tools/compiler/gcc-arm-none-eabi-9-2019-q4-major/arm-none-eabi/lib/thumb/v7e-m/nofp\libc_nano.a(lib_a-malloc.o)
 .debug_frame   0x00002cac       0x28 C:/ti/ccs1270/ccs/tools/compiler/gcc-arm-none-eabi-9-2019-q4-major/arm-none-eabi/lib/thumb/v7e-m/nofp\libc_nano.a(lib_a-memcpy-stub.o)
 .debug_frame   0x00002cd4       0x20 C:/ti/ccs1270/ccs/tools/compiler/gcc-arm-none-eabi-9-2019-q4-major/arm-none-eabi/lib/thumb/v7e-m/nofp\libc_nano.a(lib_a-memset.o)
 .debug_frame   0x00002cf4       0x38 C:/ti/ccs1270/ccs/tools/compiler/gcc-arm-none-eabi-9-2019-q4-major/arm-none-eabi/lib/thumb/v7e-m/nofp\libc_nano.a(lib_a-nano-freer.o)
 .debug_frame   0x00002d2c       0x30 C:/ti/ccs1270/ccs/tools/compiler/gcc-arm-none-eabi-9-2019-q4-major/arm-none-eabi/lib/thumb/v7e-m/nofp\libc_nano.a(lib_a-nano-mallocr.o)
 .debug_frame   0x00002d5c       0x2c C:/ti/ccs1270/ccs/tools/compiler/gcc-arm-none-eabi-9-2019-q4-major/arm-none-eabi/lib/thumb/v7e-m/nofp\libc_nano.a(lib_a-sbrkr.o)
 .debug_frame   0x00002d88       0x30 C:/ti/ccs1270/ccs/tools/compiler/gcc-arm-none-eabi-9-2019-q4-major/arm-none-eabi/lib/thumb/v7e-m/nofp\libc_nano.a(lib_a-mlock.o)
 .debug_frame   0x00002db8       0x5c C:/ti/ccs1270/ccs/tools/compiler/gcc-arm-none-eabi-9-2019-q4-major/arm-none-eabi/lib/thumb/v7e-m/nofp\libc_nano.a(lib_a-reent.o)
 .debug_frame   0x00002e14       0xb0 C:/ti/ccs1270/ccs/tools/compiler/gcc-arm-none-eabi-9-2019-q4-major/arm-none-eabi/lib/thumb/v7e-m/nofp\libc_nano.a(lib_a-lock.o)
 .debug_frame   0x00002ec4       0x20 C:/ti/ccs1270/ccs/tools/compiler/gcc-arm-none-eabi-9-2019-q4-major/arm-none-eabi/lib/thumb/v7e-m/nofp\libnosys.a(sbrk.o)

.debug_loc      0x00000000     0x80a9
 .debug_loc     0x00000000      0x102 ./pwmled2.o
 .debug_loc     0x00000102      0xaee C:/ti/simplelink_cc32xx_sdk_7_10_00_13/source\ti/drivers/lib/gcc/m4/drivers_cc32xx.a(GPIOCC32XX.c.obj)
 .debug_loc     0x00000bf0     0x14c4 C:/ti/simplelink_cc32xx_sdk_7_10_00_13/source\ti/drivers/lib/gcc/m4/drivers_cc32xx.a(PowerCC32XX.c.obj)
 .debug_loc     0x000020b4      0x356 C:/ti/simplelink_cc32xx_sdk_7_10_00_13/source\ti/drivers/lib/gcc/m4/drivers_cc32xx.a(PWM.c.obj)
 .debug_loc     0x0000240a     0x142d C:/ti/simplelink_cc32xx_sdk_7_10_00_13/source\ti/drivers/lib/gcc/m4/drivers_cc32xx.a(PWMTimerCC32XX.c.obj)
 .debug_loc     0x00003837      0xbbb C:/ti/simplelink_cc32xx_sdk_7_10_00_13/source\ti/drivers/lib/gcc/m4/drivers_cc32xx.a(TimerCC32XX.c.obj)
 .debug_loc     0x000043f2      0x428 C:/ti/simplelink_cc32xx_sdk_7_10_00_13/source\ti/drivers/lib/gcc/m4/drivers_cc32xx.a(List.c.obj)
 .debug_loc     0x0000481a       0x32 C:/ti/simplelink_cc32xx_sdk_7_10_00_13/kernel/nortos\lib/gcc/m4/nortos_cc32xx.a(NoRTOS.c.obj)
 .debug_loc     0x0000484c       0x4a C:/ti/simplelink_cc32xx_sdk_7_10_00_13/kernel/nortos\lib/gcc/m4/nortos_cc32xx.a(posix_sleep.c.obj)
 .debug_loc     0x00004896      0xbae C:/ti/simplelink_cc32xx_sdk_7_10_00_13/kernel/nortos\lib/gcc/m4/nortos_cc32xx.a(SemaphoreP_nortos.c.obj)
 .debug_loc     0x00005444     0x1011 C:/ti/simplelink_cc32xx_sdk_7_10_00_13/kernel/nortos\lib/gcc/m4/nortos_cc32xx.a(ClockPSysTick_nortos.c.obj)
 .debug_loc     0x00006455      0x854 C:/ti/simplelink_cc32xx_sdk_7_10_00_13/kernel/nortos\lib/gcc/m4/nortos_cc32xx.a(HwiPCC32XX_nortos.c.obj)
 .debug_loc     0x00006ca9      0x400 C:/ti/simplelink_cc32xx_sdk_7_10_00_13/kernel/nortos\lib/gcc/m4/nortos_cc32xx.a(PowerCC32XX_nortos.c.obj)